Archive member included to satisfy reference by file (symbol)

../alarma_c_bsp//libhal_bsp.a(alt_load.o)
                              ../alarma_c_bsp//obj/HAL/src/crt0.o (alt_load)
../alarma_c_bsp//libhal_bsp.a(alt_main.o)
                              ../alarma_c_bsp//obj/HAL/src/crt0.o (alt_main)
../alarma_c_bsp//libhal_bsp.a(alt_putstr.o)
                              obj/default/hello_world_small.o (alt_putstr)
../alarma_c_bsp//libhal_bsp.a(alt_sys_init.o)
                              ../alarma_c_bsp//libhal_bsp.a(alt_main.o) (alt_irq_init)
../alarma_c_bsp//libhal_bsp.a(altera_avalon_jtag_uart_write.o)
                              ../alarma_c_bsp//libhal_bsp.a(alt_putstr.o) (altera_avalon_jtag_uart_write)
../alarma_c_bsp//libhal_bsp.a(alt_dcache_flush_all.o)
                              ../alarma_c_bsp//libhal_bsp.a(alt_load.o) (alt_dcache_flush_all)
../alarma_c_bsp//libhal_bsp.a(alt_icache_flush_all.o)
                              ../alarma_c_bsp//libhal_bsp.a(alt_load.o) (alt_icache_flush_all)
../alarma_c_bsp//libhal_bsp.a(altera_nios2_gen2_irq.o)
                              ../alarma_c_bsp//libhal_bsp.a(alt_sys_init.o) (altera_nios2_gen2_irq_init)
/home/oscarjosueulatealpizar/intelFPGA_lite/18.1/nios2eds/bin/gnu/H-x86_64-pc-linux-gnu/bin/../lib/gcc/nios2-elf/5.3.0/../../../../../H-x86_64-pc-linux-gnu/nios2-elf/lib/mno-hw-mul/libsmallc.a(lib_a-strlen.o)
                              ../alarma_c_bsp//libhal_bsp.a(alt_putstr.o) (strlen)

Memory Configuration

Name             Origin             Length             Attributes
reset            0x0000000000001000 0x0000000000000020
onchip_memory2_0 0x0000000000001020 0x0000000000000fe0
*default*        0x0000000000000000 0xffffffffffffffff

Linker script and memory map

LOAD ../alarma_c_bsp//obj/HAL/src/crt0.o
LOAD obj/default/hello_world_small.o
LOAD /home/oscarjosueulatealpizar/intelFPGA_lite/18.1/nios2eds/bin/gnu/H-x86_64-pc-linux-gnu/bin/../lib/gcc/nios2-elf/5.3.0/../../../../../H-x86_64-pc-linux-gnu/nios2-elf/lib/mno-hw-mul/libstdc++.a
LOAD /home/oscarjosueulatealpizar/intelFPGA_lite/18.1/nios2eds/bin/gnu/H-x86_64-pc-linux-gnu/bin/../lib/gcc/nios2-elf/5.3.0/../../../../../H-x86_64-pc-linux-gnu/nios2-elf/lib/mno-hw-mul/libm.a
LOAD /home/oscarjosueulatealpizar/intelFPGA_lite/18.1/nios2eds/bin/gnu/H-x86_64-pc-linux-gnu/bin/../lib/gcc/nios2-elf/5.3.0/mno-hw-mul/libgcc.a
START GROUP
LOAD /home/oscarjosueulatealpizar/intelFPGA_lite/18.1/nios2eds/bin/gnu/H-x86_64-pc-linux-gnu/bin/../lib/gcc/nios2-elf/5.3.0/../../../../../H-x86_64-pc-linux-gnu/nios2-elf/lib/mno-hw-mul/libsmallc.a
LOAD /home/oscarjosueulatealpizar/intelFPGA_lite/18.1/nios2eds/bin/gnu/H-x86_64-pc-linux-gnu/bin/../lib/gcc/nios2-elf/5.3.0/mno-hw-mul/libgcc.a
LOAD ../alarma_c_bsp//libhal_bsp.a
LOAD /home/oscarjosueulatealpizar/intelFPGA_lite/18.1/nios2eds/bin/gnu/H-x86_64-pc-linux-gnu/bin/../lib/gcc/nios2-elf/5.3.0/../../../../../H-x86_64-pc-linux-gnu/nios2-elf/lib/mno-hw-mul/libm.a
END GROUP
LOAD /home/oscarjosueulatealpizar/intelFPGA_lite/18.1/nios2eds/bin/gnu/H-x86_64-pc-linux-gnu/bin/../lib/gcc/nios2-elf/5.3.0/mno-hw-mul/libgcc.a
                0x0000000000001000                __alt_mem_onchip_memory2_0 = 0x1000

.entry          0x0000000000001000       0x20
 *(.entry)
 .entry         0x0000000000001000       0x20 ../alarma_c_bsp//obj/HAL/src/crt0.o
                0x0000000000001000                __reset
                0x000000000000100c                _exit

.exceptions     0x0000000000001020        0x0
                0x0000000000001020                PROVIDE (__ram_exceptions_start, ABSOLUTE (.))
                0x0000000000001020                . = ALIGN (0x20)
 *(.irq)
 *(.exceptions.entry.label)
 *(.exceptions.entry.user)
 *(.exceptions.entry.ecc_fatal)
 *(.exceptions.entry)
 *(.exceptions.irqtest.user)
 *(.exceptions.irqtest)
 *(.exceptions.irqhandler.user)
 *(.exceptions.irqhandler)
 *(.exceptions.irqreturn.user)
 *(.exceptions.irqreturn)
 *(.exceptions.notirq.label)
 *(.exceptions.notirq.user)
 *(.exceptions.notirq)
 *(.exceptions.soft.user)
 *(.exceptions.soft)
 *(.exceptions.unknown.user)
 *(.exceptions.unknown)
 *(.exceptions.exit.label)
 *(.exceptions.exit.user)
 *(.exceptions.exit)
 *(.exceptions)
                0x0000000000001020                PROVIDE (__ram_exceptions_end, ABSOLUTE (.))
                0x0000000000001020                PROVIDE (__flash_exceptions_start, LOADADDR (.exceptions))

.text           0x0000000000001020      0x21c
                [!provide]                        PROVIDE (stext, ABSOLUTE (.))
 *(.interp)
 *(.hash)
 *(.dynsym)
 *(.dynstr)
 *(.gnu.version)
 *(.gnu.version_d)
 *(.gnu.version_r)
 *(.rel.init)
 *(.rela.init)
 *(.rel.text .rel.text.* .rel.gnu.linkonce.t.*)
 *(.rela.text .rela.text.* .rela.gnu.linkonce.t.*)
 *(.rel.fini)
 *(.rela.fini)
 *(.rel.rodata .rel.rodata.* .rel.gnu.linkonce.r.*)
 *(.rela.rodata .rela.rodata.* .rela.gnu.linkonce.r.*)
 *(.rel.data .rel.data.* .rel.gnu.linkonce.d.*)
 *(.rela.data .rela.data.* .rela.gnu.linkonce.d.*)
 *(.rel.tdata .rel.tdata.* .rel.gnu.linkonce.td.*)
 *(.rela.tdata .rela.tdata.* .rela.gnu.linkonce.td.*)
 *(.rel.tbss .rel.tbss.* .rel.gnu.linkonce.tb.*)
 *(.rela.tbss .rela.tbss.* .rela.gnu.linkonce.tb.*)
 *(.rel.ctors)
 *(.rela.ctors)
 *(.rel.dtors)
 *(.rela.dtors)
 *(.rel.got)
 *(.rela.got)
 *(.rel.sdata .rel.sdata.* .rel.gnu.linkonce.s.*)
 *(.rela.sdata .rela.sdata.* .rela.gnu.linkonce.s.*)
 *(.rel.sbss .rel.sbss.* .rel.gnu.linkonce.sb.*)
 *(.rela.sbss .rela.sbss.* .rela.gnu.linkonce.sb.*)
 *(.rel.sdata2 .rel.sdata2.* .rel.gnu.linkonce.s2.*)
 *(.rela.sdata2 .rela.sdata2.* .rela.gnu.linkonce.s2.*)
 *(.rel.sbss2 .rel.sbss2.* .rel.gnu.linkonce.sb2.*)
 *(.rela.sbss2 .rela.sbss2.* .rela.gnu.linkonce.sb2.*)
 *(.rel.bss .rel.bss.* .rel.gnu.linkonce.b.*)
 *(.rela.bss .rela.bss.* .rela.gnu.linkonce.b.*)
 *(.rel.plt)
 *(.rela.plt)
 *(.rel.dyn)
 *(.init)
 *(.plt)
 *(.text .stub .text.* .gnu.linkonce.t.*)
 .text          0x0000000000001020       0x3c ../alarma_c_bsp//obj/HAL/src/crt0.o
                0x0000000000001020                _start
 .text          0x000000000000105c        0x0 obj/default/hello_world_small.o
 .text.startup  0x000000000000105c       0x18 obj/default/hello_world_small.o
                0x000000000000105c                main
 .text          0x0000000000001074       0xe0 ../alarma_c_bsp//libhal_bsp.a(alt_load.o)
                0x0000000000001074                alt_load
 .text          0x0000000000001154       0x2c ../alarma_c_bsp//libhal_bsp.a(alt_main.o)
                0x0000000000001154                alt_main
 .text          0x0000000000001180       0x38 ../alarma_c_bsp//libhal_bsp.a(alt_putstr.o)
                0x0000000000001180                alt_putstr
 .text          0x00000000000011b8       0x24 ../alarma_c_bsp//libhal_bsp.a(alt_sys_init.o)
                0x00000000000011b8                alt_irq_init
                0x00000000000011d8                alt_sys_init
 .text          0x00000000000011dc       0x34 ../alarma_c_bsp//libhal_bsp.a(altera_avalon_jtag_uart_write.o)
                0x00000000000011dc                altera_avalon_jtag_uart_write
 .text          0x0000000000001210        0x4 ../alarma_c_bsp//libhal_bsp.a(alt_dcache_flush_all.o)
                0x0000000000001210                alt_dcache_flush_all
 .text          0x0000000000001214        0x4 ../alarma_c_bsp//libhal_bsp.a(alt_icache_flush_all.o)
                0x0000000000001214                alt_icache_flush_all
 .text          0x0000000000001218        0x8 ../alarma_c_bsp//libhal_bsp.a(altera_nios2_gen2_irq.o)
                0x0000000000001218                altera_nios2_gen2_irq_init
 .text          0x0000000000001220        0x0 /home/oscarjosueulatealpizar/intelFPGA_lite/18.1/nios2eds/bin/gnu/H-x86_64-pc-linux-gnu/bin/../lib/gcc/nios2-elf/5.3.0/../../../../../H-x86_64-pc-linux-gnu/nios2-elf/lib/mno-hw-mul/libsmallc.a(lib_a-strlen.o)
 .text.strlen   0x0000000000001220       0x1c /home/oscarjosueulatealpizar/intelFPGA_lite/18.1/nios2eds/bin/gnu/H-x86_64-pc-linux-gnu/bin/../lib/gcc/nios2-elf/5.3.0/../../../../../H-x86_64-pc-linux-gnu/nios2-elf/lib/mno-hw-mul/libsmallc.a(lib_a-strlen.o)
                0x0000000000001220                strlen
 *(.gnu.warning.*)
 *(.fini)
                [!provide]                        PROVIDE (__etext, ABSOLUTE (.))
                [!provide]                        PROVIDE (_etext, ABSOLUTE (.))
                [!provide]                        PROVIDE (etext, ABSOLUTE (.))
 *(.eh_frame_hdr)
                0x000000000000123c                . = ALIGN (0x4)
                [!provide]                        PROVIDE (__preinit_array_start, ABSOLUTE (.))
 *(.preinit_array)
                [!provide]                        PROVIDE (__preinit_array_end, ABSOLUTE (.))
                [!provide]                        PROVIDE (__init_array_start, ABSOLUTE (.))
 *(.init_array)
                [!provide]                        PROVIDE (__init_array_end, ABSOLUTE (.))
                [!provide]                        PROVIDE (__fini_array_start, ABSOLUTE (.))
 *(.fini_array)
                [!provide]                        PROVIDE (__fini_array_end, ABSOLUTE (.))
 *(.eh_frame)
 *(.gcc_except_table .gcc_except_table.*)
 *(.dynamic)
                [!provide]                        PROVIDE (__CTOR_LIST__, ABSOLUTE (.))
 *(.ctors)
 *(SORT(.ctors.*))
                [!provide]                        PROVIDE (__CTOR_END__, ABSOLUTE (.))
                [!provide]                        PROVIDE (__DTOR_LIST__, ABSOLUTE (.))
 *(.dtors)
 *(SORT(.dtors.*))
                [!provide]                        PROVIDE (__DTOR_END__, ABSOLUTE (.))
 *(.jcr)
                0x000000000000123c                . = ALIGN (0x4)

.rodata         0x000000000000123c       0x18
                0x000000000000123c                PROVIDE (__ram_rodata_start, ABSOLUTE (.))
                0x000000000000123c                . = ALIGN (0x4)
 *(.rodata .rodata.* .gnu.linkonce.r.*)
 .rodata.str1.4
                0x000000000000123c       0x18 obj/default/hello_world_small.o
                                         0x15 (size before relaxing)
 *(.rodata1)
                0x0000000000001254                . = ALIGN (0x4)
                0x0000000000001254                PROVIDE (__ram_rodata_end, ABSOLUTE (.))
                0x000000000000123c                PROVIDE (__flash_rodata_start, LOADADDR (.rodata))

.rwdata         0x0000000000001254        0x4 load address 0x0000000000001258
                0x0000000000001254                PROVIDE (__ram_rwdata_start, ABSOLUTE (.))
                0x0000000000001254                . = ALIGN (0x4)
 *(.got.plt)
 *(.got)
 *(.data1)
 *(.data .data.* .gnu.linkonce.d.*)
 .data          0x0000000000001254        0x0 ../alarma_c_bsp//obj/HAL/src/crt0.o
 .data          0x0000000000001254        0x0 obj/default/hello_world_small.o
 .data          0x0000000000001254        0x0 ../alarma_c_bsp//libhal_bsp.a(alt_load.o)
 .data          0x0000000000001254        0x0 ../alarma_c_bsp//libhal_bsp.a(alt_main.o)
 .data          0x0000000000001254        0x0 ../alarma_c_bsp//libhal_bsp.a(alt_putstr.o)
 .data          0x0000000000001254        0x0 ../alarma_c_bsp//libhal_bsp.a(alt_sys_init.o)
 .data          0x0000000000001254        0x0 ../alarma_c_bsp//libhal_bsp.a(altera_avalon_jtag_uart_write.o)
 .data          0x0000000000001254        0x0 ../alarma_c_bsp//libhal_bsp.a(alt_dcache_flush_all.o)
 .data          0x0000000000001254        0x0 ../alarma_c_bsp//libhal_bsp.a(alt_icache_flush_all.o)
 .data          0x0000000000001254        0x0 ../alarma_c_bsp//libhal_bsp.a(altera_nios2_gen2_irq.o)
 .data          0x0000000000001254        0x0 /home/oscarjosueulatealpizar/intelFPGA_lite/18.1/nios2eds/bin/gnu/H-x86_64-pc-linux-gnu/bin/../lib/gcc/nios2-elf/5.3.0/../../../../../H-x86_64-pc-linux-gnu/nios2-elf/lib/mno-hw-mul/libsmallc.a(lib_a-strlen.o)
                0x0000000000009254                _gp = ABSOLUTE ((. + 0x8000))
                [!provide]                        PROVIDE (gp, _gp)
 *(.rwdata .rwdata.*)
 *(.sdata .sdata.* .gnu.linkonce.s.*)
 .sdata         0x0000000000001254        0x4 ../alarma_c_bsp//libhal_bsp.a(alt_sys_init.o)
                0x0000000000001254                jtag_uart_0
 *(.sdata2 .sdata2.* .gnu.linkonce.s2.*)
                0x0000000000001258                . = ALIGN (0x4)
                0x0000000000001258                _edata = ABSOLUTE (.)
                [!provide]                        PROVIDE (edata, ABSOLUTE (.))
                0x0000000000001258                PROVIDE (__ram_rwdata_end, ABSOLUTE (.))
                0x0000000000001258                PROVIDE (__flash_rwdata_start, LOADADDR (.rwdata))

.bss            0x000000000000125c        0xc
                0x000000000000125c                __bss_start = ABSOLUTE (.)
                [!provide]                        PROVIDE (__sbss_start, ABSOLUTE (.))
                [!provide]                        PROVIDE (___sbss_start, ABSOLUTE (.))
 *(.dynsbss)
 *(.sbss .sbss.* .gnu.linkonce.sb.*)
 .sbss          0x000000000000125c        0xc ../alarma_c_bsp//libhal_bsp.a(alt_main.o)
                0x000000000000125c                alt_envp
                0x0000000000001260                alt_argv
                0x0000000000001264                alt_argc
 *(.sbss2 .sbss2.* .gnu.linkonce.sb2.*)
 *(.scommon)
                [!provide]                        PROVIDE (__sbss_end, ABSOLUTE (.))
                [!provide]                        PROVIDE (___sbss_end, ABSOLUTE (.))
 *(.dynbss)
 *(.bss .bss.* .gnu.linkonce.b.*)
 .bss           0x0000000000001268        0x0 ../alarma_c_bsp//obj/HAL/src/crt0.o
 .bss           0x0000000000001268        0x0 obj/default/hello_world_small.o
 .bss           0x0000000000001268        0x0 ../alarma_c_bsp//libhal_bsp.a(alt_load.o)
 .bss           0x0000000000001268        0x0 ../alarma_c_bsp//libhal_bsp.a(alt_main.o)
 .bss           0x0000000000001268        0x0 ../alarma_c_bsp//libhal_bsp.a(alt_putstr.o)
 .bss           0x0000000000001268        0x0 ../alarma_c_bsp//libhal_bsp.a(alt_sys_init.o)
 .bss           0x0000000000001268        0x0 ../alarma_c_bsp//libhal_bsp.a(altera_avalon_jtag_uart_write.o)
 .bss           0x0000000000001268        0x0 ../alarma_c_bsp//libhal_bsp.a(alt_dcache_flush_all.o)
 .bss           0x0000000000001268        0x0 ../alarma_c_bsp//libhal_bsp.a(alt_icache_flush_all.o)
 .bss           0x0000000000001268        0x0 ../alarma_c_bsp//libhal_bsp.a(altera_nios2_gen2_irq.o)
 .bss           0x0000000000001268        0x0 /home/oscarjosueulatealpizar/intelFPGA_lite/18.1/nios2eds/bin/gnu/H-x86_64-pc-linux-gnu/bin/../lib/gcc/nios2-elf/5.3.0/../../../../../H-x86_64-pc-linux-gnu/nios2-elf/lib/mno-hw-mul/libsmallc.a(lib_a-strlen.o)
 *(COMMON)
                0x0000000000001268                . = ALIGN (0x4)
                0x0000000000001268                __bss_end = ABSOLUTE (.)

.onchip_memory2_0
                0x0000000000001268        0x0
                [!provide]                        PROVIDE (_alt_partition_onchip_memory2_0_start, ABSOLUTE (.))
 *(.onchip_memory2_0 .onchip_memory2_0. onchip_memory2_0.*)
                0x0000000000001268                . = ALIGN (0x4)
                [!provide]                        PROVIDE (_alt_partition_onchip_memory2_0_end, ABSOLUTE (.))
                0x0000000000001268                _end = ABSOLUTE (.)
                0x0000000000001268                end = ABSOLUTE (.)
                0x0000000000001268                __alt_stack_base = ABSOLUTE (.)
                [!provide]                        PROVIDE (_alt_partition_onchip_memory2_0_load_addr, LOADADDR (.onchip_memory2_0))

.stab
 *(.stab)

.stabstr
 *(.stabstr)

.stab.excl
 *(.stab.excl)

.stab.exclstr
 *(.stab.exclstr)

.stab.index
 *(.stab.index)

.stab.indexstr
 *(.stab.indexstr)

.comment        0x0000000000000000       0x23
 *(.comment)
 .comment       0x0000000000000000       0x23 obj/default/hello_world_small.o
                                         0x24 (size before relaxing)
 .comment       0x0000000000000023       0x24 ../alarma_c_bsp//libhal_bsp.a(alt_load.o)
 .comment       0x0000000000000023       0x24 ../alarma_c_bsp//libhal_bsp.a(alt_main.o)
 .comment       0x0000000000000023       0x24 ../alarma_c_bsp//libhal_bsp.a(alt_putstr.o)
 .comment       0x0000000000000023       0x24 ../alarma_c_bsp//libhal_bsp.a(alt_sys_init.o)
 .comment       0x0000000000000023       0x24 ../alarma_c_bsp//libhal_bsp.a(altera_avalon_jtag_uart_write.o)
 .comment       0x0000000000000023       0x24 ../alarma_c_bsp//libhal_bsp.a(alt_dcache_flush_all.o)
 .comment       0x0000000000000023       0x24 ../alarma_c_bsp//libhal_bsp.a(alt_icache_flush_all.o)
 .comment       0x0000000000000023       0x24 ../alarma_c_bsp//libhal_bsp.a(altera_nios2_gen2_irq.o)
 .comment       0x0000000000000023       0x24 /home/oscarjosueulatealpizar/intelFPGA_lite/18.1/nios2eds/bin/gnu/H-x86_64-pc-linux-gnu/bin/../lib/gcc/nios2-elf/5.3.0/../../../../../H-x86_64-pc-linux-gnu/nios2-elf/lib/mno-hw-mul/libsmallc.a(lib_a-strlen.o)

.debug
 *(.debug)

.line
 *(.line)

.debug_srcinfo
 *(.debug_srcinfo)

.debug_sfnames
 *(.debug_sfnames)

.debug_aranges  0x0000000000000000      0x168
 *(.debug_aranges)
 .debug_aranges
                0x0000000000000000       0x28 ../alarma_c_bsp//obj/HAL/src/crt0.o
 .debug_aranges
                0x0000000000000028       0x20 obj/default/hello_world_small.o
 .debug_aranges
                0x0000000000000048       0x20 ../alarma_c_bsp//libhal_bsp.a(alt_load.o)
 .debug_aranges
                0x0000000000000068       0x20 ../alarma_c_bsp//libhal_bsp.a(alt_main.o)
 .debug_aranges
                0x0000000000000088       0x20 ../alarma_c_bsp//libhal_bsp.a(alt_putstr.o)
 .debug_aranges
                0x00000000000000a8       0x20 ../alarma_c_bsp//libhal_bsp.a(alt_sys_init.o)
 .debug_aranges
                0x00000000000000c8       0x20 ../alarma_c_bsp//libhal_bsp.a(altera_avalon_jtag_uart_write.o)
 .debug_aranges
                0x00000000000000e8       0x20 ../alarma_c_bsp//libhal_bsp.a(alt_dcache_flush_all.o)
 .debug_aranges
                0x0000000000000108       0x20 ../alarma_c_bsp//libhal_bsp.a(alt_icache_flush_all.o)
 .debug_aranges
                0x0000000000000128       0x20 ../alarma_c_bsp//libhal_bsp.a(altera_nios2_gen2_irq.o)
 .debug_aranges
                0x0000000000000148       0x20 /home/oscarjosueulatealpizar/intelFPGA_lite/18.1/nios2eds/bin/gnu/H-x86_64-pc-linux-gnu/bin/../lib/gcc/nios2-elf/5.3.0/../../../../../H-x86_64-pc-linux-gnu/nios2-elf/lib/mno-hw-mul/libsmallc.a(lib_a-strlen.o)

.debug_pubnames
 *(.debug_pubnames)

.debug_info     0x0000000000000000      0xb55
 *(.debug_info .gnu.linkonce.wi.*)
 .debug_info    0x0000000000000000       0x71 ../alarma_c_bsp//obj/HAL/src/crt0.o
 .debug_info    0x0000000000000071       0x65 obj/default/hello_world_small.o
 .debug_info    0x00000000000000d6      0x1c9 ../alarma_c_bsp//libhal_bsp.a(alt_load.o)
 .debug_info    0x000000000000029f      0x18f ../alarma_c_bsp//libhal_bsp.a(alt_main.o)
 .debug_info    0x000000000000042e      0x13a ../alarma_c_bsp//libhal_bsp.a(alt_putstr.o)
 .debug_info    0x0000000000000568      0x19b ../alarma_c_bsp//libhal_bsp.a(alt_sys_init.o)
 .debug_info    0x0000000000000703      0x1ad ../alarma_c_bsp//libhal_bsp.a(altera_avalon_jtag_uart_write.o)
 .debug_info    0x00000000000008b0       0x92 ../alarma_c_bsp//libhal_bsp.a(alt_dcache_flush_all.o)
 .debug_info    0x0000000000000942       0x92 ../alarma_c_bsp//libhal_bsp.a(alt_icache_flush_all.o)
 .debug_info    0x00000000000009d4       0xb8 ../alarma_c_bsp//libhal_bsp.a(altera_nios2_gen2_irq.o)
 .debug_info    0x0000000000000a8c       0xc9 /home/oscarjosueulatealpizar/intelFPGA_lite/18.1/nios2eds/bin/gnu/H-x86_64-pc-linux-gnu/bin/../lib/gcc/nios2-elf/5.3.0/../../../../../H-x86_64-pc-linux-gnu/nios2-elf/lib/mno-hw-mul/libsmallc.a(lib_a-strlen.o)

.debug_abbrev   0x0000000000000000      0x65c
 *(.debug_abbrev)
 .debug_abbrev  0x0000000000000000       0x12 ../alarma_c_bsp//obj/HAL/src/crt0.o
 .debug_abbrev  0x0000000000000012       0x64 obj/default/hello_world_small.o
 .debug_abbrev  0x0000000000000076       0xd8 ../alarma_c_bsp//libhal_bsp.a(alt_load.o)
 .debug_abbrev  0x000000000000014e       0xf5 ../alarma_c_bsp//libhal_bsp.a(alt_main.o)
 .debug_abbrev  0x0000000000000243       0xd3 ../alarma_c_bsp//libhal_bsp.a(alt_putstr.o)
 .debug_abbrev  0x0000000000000316      0x107 ../alarma_c_bsp//libhal_bsp.a(alt_sys_init.o)
 .debug_abbrev  0x000000000000041d       0xd5 ../alarma_c_bsp//libhal_bsp.a(altera_avalon_jtag_uart_write.o)
 .debug_abbrev  0x00000000000004f2       0x42 ../alarma_c_bsp//libhal_bsp.a(alt_dcache_flush_all.o)
 .debug_abbrev  0x0000000000000534       0x42 ../alarma_c_bsp//libhal_bsp.a(alt_icache_flush_all.o)
 .debug_abbrev  0x0000000000000576       0x67 ../alarma_c_bsp//libhal_bsp.a(altera_nios2_gen2_irq.o)
 .debug_abbrev  0x00000000000005dd       0x7f /home/oscarjosueulatealpizar/intelFPGA_lite/18.1/nios2eds/bin/gnu/H-x86_64-pc-linux-gnu/bin/../lib/gcc/nios2-elf/5.3.0/../../../../../H-x86_64-pc-linux-gnu/nios2-elf/lib/mno-hw-mul/libsmallc.a(lib_a-strlen.o)

.debug_line     0x0000000000000000      0x7c5
 *(.debug_line)
 .debug_line    0x0000000000000000       0x66 ../alarma_c_bsp//obj/HAL/src/crt0.o
 .debug_line    0x0000000000000066       0x75 obj/default/hello_world_small.o
 .debug_line    0x00000000000000db       0xa4 ../alarma_c_bsp//libhal_bsp.a(alt_load.o)
 .debug_line    0x000000000000017f       0xea ../alarma_c_bsp//libhal_bsp.a(alt_main.o)
 .debug_line    0x0000000000000269       0xbf ../alarma_c_bsp//libhal_bsp.a(alt_putstr.o)
 .debug_line    0x0000000000000328      0x115 ../alarma_c_bsp//libhal_bsp.a(alt_sys_init.o)
 .debug_line    0x000000000000043d      0x104 ../alarma_c_bsp//libhal_bsp.a(altera_avalon_jtag_uart_write.o)
 .debug_line    0x0000000000000541       0x4e ../alarma_c_bsp//libhal_bsp.a(alt_dcache_flush_all.o)
 .debug_line    0x000000000000058f       0x4e ../alarma_c_bsp//libhal_bsp.a(alt_icache_flush_all.o)
 .debug_line    0x00000000000005dd       0x8c ../alarma_c_bsp//libhal_bsp.a(altera_nios2_gen2_irq.o)
 .debug_line    0x0000000000000669      0x15c /home/oscarjosueulatealpizar/intelFPGA_lite/18.1/nios2eds/bin/gnu/H-x86_64-pc-linux-gnu/bin/../lib/gcc/nios2-elf/5.3.0/../../../../../H-x86_64-pc-linux-gnu/nios2-elf/lib/mno-hw-mul/libsmallc.a(lib_a-strlen.o)

.debug_frame    0x0000000000000000      0x190
 *(.debug_frame)
 .debug_frame   0x0000000000000000       0x28 obj/default/hello_world_small.o
 .debug_frame   0x0000000000000028       0x30 ../alarma_c_bsp//libhal_bsp.a(alt_load.o)
 .debug_frame   0x0000000000000058       0x2c ../alarma_c_bsp//libhal_bsp.a(alt_main.o)
 .debug_frame   0x0000000000000084       0x30 ../alarma_c_bsp//libhal_bsp.a(alt_putstr.o)
 .debug_frame   0x00000000000000b4       0x3c ../alarma_c_bsp//libhal_bsp.a(alt_sys_init.o)
 .debug_frame   0x00000000000000f0       0x20 ../alarma_c_bsp//libhal_bsp.a(altera_avalon_jtag_uart_write.o)
 .debug_frame   0x0000000000000110       0x20 ../alarma_c_bsp//libhal_bsp.a(alt_dcache_flush_all.o)
 .debug_frame   0x0000000000000130       0x20 ../alarma_c_bsp//libhal_bsp.a(alt_icache_flush_all.o)
 .debug_frame   0x0000000000000150       0x20 ../alarma_c_bsp//libhal_bsp.a(altera_nios2_gen2_irq.o)
 .debug_frame   0x0000000000000170       0x20 /home/oscarjosueulatealpizar/intelFPGA_lite/18.1/nios2eds/bin/gnu/H-x86_64-pc-linux-gnu/bin/../lib/gcc/nios2-elf/5.3.0/../../../../../H-x86_64-pc-linux-gnu/nios2-elf/lib/mno-hw-mul/libsmallc.a(lib_a-strlen.o)

.debug_str      0x0000000000000000      0x5d2
 *(.debug_str)
 .debug_str     0x0000000000000000       0xa1 obj/default/hello_world_small.o
                                         0xa6 (size before relaxing)
 .debug_str     0x00000000000000a1      0x1bd ../alarma_c_bsp//libhal_bsp.a(alt_load.o)
                                        0x23f (size before relaxing)
 .debug_str     0x000000000000025e       0xb0 ../alarma_c_bsp//libhal_bsp.a(alt_main.o)
                                        0x1e1 (size before relaxing)
 .debug_str     0x000000000000030e       0x66 ../alarma_c_bsp//libhal_bsp.a(alt_putstr.o)
                                        0x195 (size before relaxing)
 .debug_str     0x0000000000000374       0x86 ../alarma_c_bsp//libhal_bsp.a(alt_sys_init.o)
                                        0x24a (size before relaxing)
 .debug_str     0x00000000000003fa       0x3f ../alarma_c_bsp//libhal_bsp.a(altera_avalon_jtag_uart_write.o)
                                        0x239 (size before relaxing)
 .debug_str     0x0000000000000439       0x1f ../alarma_c_bsp//libhal_bsp.a(alt_dcache_flush_all.o)
                                        0x158 (size before relaxing)
 .debug_str     0x0000000000000458       0x1f ../alarma_c_bsp//libhal_bsp.a(alt_icache_flush_all.o)
                                        0x158 (size before relaxing)
 .debug_str     0x0000000000000477       0x20 ../alarma_c_bsp//libhal_bsp.a(altera_nios2_gen2_irq.o)
                                        0x188 (size before relaxing)
 .debug_str     0x0000000000000497      0x13b /home/oscarjosueulatealpizar/intelFPGA_lite/18.1/nios2eds/bin/gnu/H-x86_64-pc-linux-gnu/bin/../lib/gcc/nios2-elf/5.3.0/../../../../../H-x86_64-pc-linux-gnu/nios2-elf/lib/mno-hw-mul/libsmallc.a(lib_a-strlen.o)
                                        0x1e6 (size before relaxing)

.debug_loc      0x0000000000000000      0x101
 *(.debug_loc)
 .debug_loc     0x0000000000000000       0x37 ../alarma_c_bsp//libhal_bsp.a(alt_putstr.o)
 .debug_loc     0x0000000000000037       0x21 ../alarma_c_bsp//libhal_bsp.a(alt_sys_init.o)
 .debug_loc     0x0000000000000058       0x8b ../alarma_c_bsp//libhal_bsp.a(altera_avalon_jtag_uart_write.o)
 .debug_loc     0x00000000000000e3       0x1e /home/oscarjosueulatealpizar/intelFPGA_lite/18.1/nios2eds/bin/gnu/H-x86_64-pc-linux-gnu/bin/../lib/gcc/nios2-elf/5.3.0/../../../../../H-x86_64-pc-linux-gnu/nios2-elf/lib/mno-hw-mul/libsmallc.a(lib_a-strlen.o)

.debug_macinfo
 *(.debug_macinfo)

.debug_weaknames
 *(.debug_weaknames)

.debug_funcnames
 *(.debug_funcnames)

.debug_typenames
 *(.debug_typenames)

.debug_varnames
 *(.debug_varnames)

.debug_alt_sim_info
                0x0000000000000000       0x10
 *(.debug_alt_sim_info)
 .debug_alt_sim_info
                0x0000000000000000       0x10 ../alarma_c_bsp//obj/HAL/src/crt0.o
                0x0000000000002000                __alt_data_end = 0x2000
                0x0000000000002000                PROVIDE (__alt_stack_pointer, __alt_data_end)
                [!provide]                        PROVIDE (__alt_stack_limit, __alt_stack_base)
                [!provide]                        PROVIDE (__alt_heap_start, end)
                [!provide]                        PROVIDE (__alt_heap_limit, 0x2000)
OUTPUT(alarma_c.elf elf32-littlenios2)

.debug_ranges   0x0000000000000000       0x88
 .debug_ranges  0x0000000000000000       0x20 ../alarma_c_bsp//obj/HAL/src/crt0.o
 .debug_ranges  0x0000000000000020       0x10 obj/default/hello_world_small.o
 .debug_ranges  0x0000000000000030       0x48 ../alarma_c_bsp//libhal_bsp.a(alt_load.o)
 .debug_ranges  0x0000000000000078       0x10 /home/oscarjosueulatealpizar/intelFPGA_lite/18.1/nios2eds/bin/gnu/H-x86_64-pc-linux-gnu/bin/../lib/gcc/nios2-elf/5.3.0/../../../../../H-x86_64-pc-linux-gnu/nios2-elf/lib/mno-hw-mul/libsmallc.a(lib_a-strlen.o)
