Archive member included to satisfy reference by file (symbol)

../alarm_code_bsp//libhal_bsp.a(alt_iic.o)
                              obj/default/hello_world_small.o (alt_ic_isr_register)
../alarm_code_bsp//libhal_bsp.a(alt_iic_isr_register.o)
                              ../alarm_code_bsp//libhal_bsp.a(alt_iic.o) (alt_iic_isr_register)
../alarm_code_bsp//libhal_bsp.a(alt_irq_entry.o)
                              ../alarm_code_bsp//libhal_bsp.a(alt_iic_isr_register.o) (alt_irq_entry)
../alarm_code_bsp//libhal_bsp.a(alt_irq_handler.o)
                              ../alarm_code_bsp//libhal_bsp.a(alt_iic_isr_register.o) (alt_irq_handler)
../alarm_code_bsp//libhal_bsp.a(alt_irq_vars.o)
                              ../alarm_code_bsp//libhal_bsp.a(alt_iic.o) (alt_irq_active)
../alarm_code_bsp//libhal_bsp.a(alt_load.o)
                              ../alarm_code_bsp//obj/HAL/src/crt0.o (alt_load)
../alarm_code_bsp//libhal_bsp.a(alt_main.o)
                              ../alarm_code_bsp//obj/HAL/src/crt0.o (alt_main)
../alarm_code_bsp//libhal_bsp.a(alt_putstr.o)
                              obj/default/hello_world_small.o (alt_putstr)
../alarm_code_bsp//libhal_bsp.a(alt_sys_init.o)
                              ../alarm_code_bsp//libhal_bsp.a(alt_main.o) (alt_irq_init)
../alarm_code_bsp//libhal_bsp.a(altera_avalon_jtag_uart_write.o)
                              ../alarm_code_bsp//libhal_bsp.a(alt_putstr.o) (altera_avalon_jtag_uart_write)
../alarm_code_bsp//libhal_bsp.a(alt_dcache_flush_all.o)
                              ../alarm_code_bsp//libhal_bsp.a(alt_load.o) (alt_dcache_flush_all)
../alarm_code_bsp//libhal_bsp.a(alt_exception_entry.o)
                              ../alarm_code_bsp//libhal_bsp.a(alt_irq_entry.o) (alt_exception)
../alarm_code_bsp//libhal_bsp.a(alt_icache_flush_all.o)
                              ../alarm_code_bsp//libhal_bsp.a(alt_load.o) (alt_icache_flush_all)
../alarm_code_bsp//libhal_bsp.a(alt_instruction_exception_entry.o)
                              ../alarm_code_bsp//libhal_bsp.a(alt_exception_entry.o) (alt_instruction_exception_entry)
../alarm_code_bsp//libhal_bsp.a(altera_nios2_gen2_irq.o)
                              ../alarm_code_bsp//libhal_bsp.a(alt_sys_init.o) (altera_nios2_gen2_irq_init)
/home/oscarjosueulatealpizar/intelFPGA_lite/18.1/nios2eds/bin/gnu/H-x86_64-pc-linux-gnu/bin/../lib/gcc/nios2-elf/5.3.0/../../../../../H-x86_64-pc-linux-gnu/nios2-elf/lib/mno-hw-mul/libsmallc.a(lib_a-strlen.o)
                              ../alarm_code_bsp//libhal_bsp.a(alt_putstr.o) (strlen)

Allocating common symbols
Common symbol       size              file

alt_irq             0x100             ../alarm_code_bsp//libhal_bsp.a(alt_irq_handler.o)

Memory Configuration

Name             Origin             Length             Attributes
reset            0x0000000000001000 0x0000000000000020
onchip_memory2_0 0x0000000000001020 0x0000000000000fe0
*default*        0x0000000000000000 0xffffffffffffffff

Linker script and memory map

LOAD ../alarm_code_bsp//obj/HAL/src/crt0.o
LOAD obj/default/hello_world_small.o
LOAD /home/oscarjosueulatealpizar/intelFPGA_lite/18.1/nios2eds/bin/gnu/H-x86_64-pc-linux-gnu/bin/../lib/gcc/nios2-elf/5.3.0/../../../../../H-x86_64-pc-linux-gnu/nios2-elf/lib/mno-hw-mul/libstdc++.a
LOAD /home/oscarjosueulatealpizar/intelFPGA_lite/18.1/nios2eds/bin/gnu/H-x86_64-pc-linux-gnu/bin/../lib/gcc/nios2-elf/5.3.0/../../../../../H-x86_64-pc-linux-gnu/nios2-elf/lib/mno-hw-mul/libm.a
LOAD /home/oscarjosueulatealpizar/intelFPGA_lite/18.1/nios2eds/bin/gnu/H-x86_64-pc-linux-gnu/bin/../lib/gcc/nios2-elf/5.3.0/mno-hw-mul/libgcc.a
START GROUP
LOAD /home/oscarjosueulatealpizar/intelFPGA_lite/18.1/nios2eds/bin/gnu/H-x86_64-pc-linux-gnu/bin/../lib/gcc/nios2-elf/5.3.0/../../../../../H-x86_64-pc-linux-gnu/nios2-elf/lib/mno-hw-mul/libsmallc.a
LOAD /home/oscarjosueulatealpizar/intelFPGA_lite/18.1/nios2eds/bin/gnu/H-x86_64-pc-linux-gnu/bin/../lib/gcc/nios2-elf/5.3.0/mno-hw-mul/libgcc.a
LOAD ../alarm_code_bsp//libhal_bsp.a
LOAD /home/oscarjosueulatealpizar/intelFPGA_lite/18.1/nios2eds/bin/gnu/H-x86_64-pc-linux-gnu/bin/../lib/gcc/nios2-elf/5.3.0/../../../../../H-x86_64-pc-linux-gnu/nios2-elf/lib/mno-hw-mul/libm.a
END GROUP
LOAD /home/oscarjosueulatealpizar/intelFPGA_lite/18.1/nios2eds/bin/gnu/H-x86_64-pc-linux-gnu/bin/../lib/gcc/nios2-elf/5.3.0/mno-hw-mul/libgcc.a
                0x0000000000001000                __alt_mem_onchip_memory2_0 = 0x1000

.entry          0x0000000000001000       0x20
 *(.entry)
 .entry         0x0000000000001000       0x20 ../alarm_code_bsp//obj/HAL/src/crt0.o
                0x0000000000001000                __reset
                0x000000000000100c                _exit

.exceptions     0x0000000000001020      0x160
                0x0000000000001020                PROVIDE (__ram_exceptions_start, ABSOLUTE (.))
                0x0000000000001020                . = ALIGN (0x20)
 *(.irq)
 *(.exceptions.entry.label)
 .exceptions.entry.label
                0x0000000000001020        0x0 ../alarm_code_bsp//libhal_bsp.a(alt_irq_entry.o)
                0x0000000000001020                alt_irq_entry
 .exceptions.entry.label
                0x0000000000001020        0x0 ../alarm_code_bsp//libhal_bsp.a(alt_exception_entry.o)
                0x0000000000001020                alt_exception
 *(.exceptions.entry.user)
 *(.exceptions.entry.ecc_fatal)
 *(.exceptions.entry)
 .exceptions.entry
                0x0000000000001020       0x54 ../alarm_code_bsp//libhal_bsp.a(alt_exception_entry.o)
 *(.exceptions.irqtest.user)
 *(.exceptions.irqtest)
 .exceptions.irqtest
                0x0000000000001074       0x10 ../alarm_code_bsp//libhal_bsp.a(alt_irq_entry.o)
 *(.exceptions.irqhandler.user)
 *(.exceptions.irqhandler)
 .exceptions.irqhandler
                0x0000000000001084        0x4 ../alarm_code_bsp//libhal_bsp.a(alt_irq_entry.o)
 *(.exceptions.irqreturn.user)
 *(.exceptions.irqreturn)
 .exceptions.irqreturn
                0x0000000000001088        0x4 ../alarm_code_bsp//libhal_bsp.a(alt_irq_entry.o)
 *(.exceptions.notirq.label)
 .exceptions.notirq.label
                0x000000000000108c        0x0 ../alarm_code_bsp//libhal_bsp.a(alt_irq_entry.o)
 *(.exceptions.notirq.user)
 *(.exceptions.notirq)
 .exceptions.notirq
                0x000000000000108c        0x8 ../alarm_code_bsp//libhal_bsp.a(alt_exception_entry.o)
 *(.exceptions.soft.user)
 *(.exceptions.soft)
 *(.exceptions.unknown.user)
 *(.exceptions.unknown)
 .exceptions.unknown
                0x0000000000001094       0x14 ../alarm_code_bsp//libhal_bsp.a(alt_exception_entry.o)
 *(.exceptions.exit.label)
 .exceptions.exit.label
                0x00000000000010a8        0x0 ../alarm_code_bsp//libhal_bsp.a(alt_irq_entry.o)
 .exceptions.exit.label
                0x00000000000010a8        0x0 ../alarm_code_bsp//libhal_bsp.a(alt_exception_entry.o)
 *(.exceptions.exit.user)
 *(.exceptions.exit)
 .exceptions.exit
                0x00000000000010a8       0x54 ../alarm_code_bsp//libhal_bsp.a(alt_exception_entry.o)
 *(.exceptions)
 .exceptions    0x00000000000010fc       0x60 ../alarm_code_bsp//libhal_bsp.a(alt_irq_handler.o)
                0x00000000000010fc                alt_irq_handler
 .exceptions    0x000000000000115c       0x24 ../alarm_code_bsp//libhal_bsp.a(alt_instruction_exception_entry.o)
                0x000000000000115c                alt_instruction_exception_entry
                0x0000000000001180                PROVIDE (__ram_exceptions_end, ABSOLUTE (.))
                0x0000000000001020                PROVIDE (__flash_exceptions_start, LOADADDR (.exceptions))

.text           0x0000000000001180      0x4ac
                [!provide]                        PROVIDE (stext, ABSOLUTE (.))
 *(.interp)
 *(.hash)
 *(.dynsym)
 *(.dynstr)
 *(.gnu.version)
 *(.gnu.version_d)
 *(.gnu.version_r)
 *(.rel.init)
 *(.rela.init)
 *(.rel.text .rel.text.* .rel.gnu.linkonce.t.*)
 *(.rela.text .rela.text.* .rela.gnu.linkonce.t.*)
 *(.rel.fini)
 *(.rela.fini)
 *(.rel.rodata .rel.rodata.* .rel.gnu.linkonce.r.*)
 *(.rela.rodata .rela.rodata.* .rela.gnu.linkonce.r.*)
 *(.rel.data .rel.data.* .rel.gnu.linkonce.d.*)
 *(.rela.data .rela.data.* .rela.gnu.linkonce.d.*)
 *(.rel.tdata .rel.tdata.* .rel.gnu.linkonce.td.*)
 *(.rela.tdata .rela.tdata.* .rela.gnu.linkonce.td.*)
 *(.rel.tbss .rel.tbss.* .rel.gnu.linkonce.tb.*)
 *(.rela.tbss .rela.tbss.* .rela.gnu.linkonce.tb.*)
 *(.rel.ctors)
 *(.rela.ctors)
 *(.rel.dtors)
 *(.rela.dtors)
 *(.rel.got)
 *(.rela.got)
 *(.rel.sdata .rel.sdata.* .rel.gnu.linkonce.s.*)
 *(.rela.sdata .rela.sdata.* .rela.gnu.linkonce.s.*)
 *(.rel.sbss .rel.sbss.* .rel.gnu.linkonce.sb.*)
 *(.rela.sbss .rela.sbss.* .rela.gnu.linkonce.sb.*)
 *(.rel.sdata2 .rel.sdata2.* .rel.gnu.linkonce.s2.*)
 *(.rela.sdata2 .rela.sdata2.* .rela.gnu.linkonce.s2.*)
 *(.rel.sbss2 .rel.sbss2.* .rel.gnu.linkonce.sb2.*)
 *(.rela.sbss2 .rela.sbss2.* .rela.gnu.linkonce.sb2.*)
 *(.rel.bss .rel.bss.* .rel.gnu.linkonce.b.*)
 *(.rela.bss .rela.bss.* .rela.gnu.linkonce.b.*)
 *(.rel.plt)
 *(.rela.plt)
 *(.rel.dyn)
 *(.init)
 *(.plt)
 *(.text .stub .text.* .gnu.linkonce.t.*)
 .text          0x0000000000001180       0x3c ../alarm_code_bsp//obj/HAL/src/crt0.o
                0x0000000000001180                _start
 .text          0x00000000000011bc       0xf8 obj/default/hello_world_small.o
                0x00000000000011bc                num_to_seven_seg
                0x0000000000001264                timer_isr
 .text.startup  0x00000000000012b4       0x48 obj/default/hello_world_small.o
                0x00000000000012b4                main
 .text          0x00000000000012fc       0x8c ../alarm_code_bsp//libhal_bsp.a(alt_iic.o)
                0x00000000000012fc                alt_ic_isr_register
                0x0000000000001300                alt_ic_irq_enable
                0x0000000000001338                alt_ic_irq_disable
                0x0000000000001370                alt_ic_irq_enabled
 .text          0x0000000000001388       0x68 ../alarm_code_bsp//libhal_bsp.a(alt_iic_isr_register.o)
                0x0000000000001388                alt_iic_isr_register
 .text          0x00000000000013f0        0x0 ../alarm_code_bsp//libhal_bsp.a(alt_irq_entry.o)
 .text          0x00000000000013f0        0x0 ../alarm_code_bsp//libhal_bsp.a(alt_irq_handler.o)
 .text          0x00000000000013f0        0x0 ../alarm_code_bsp//libhal_bsp.a(alt_irq_vars.o)
 .text          0x00000000000013f0       0xe0 ../alarm_code_bsp//libhal_bsp.a(alt_load.o)
                0x00000000000013f0                alt_load
 .text          0x00000000000014d0       0x2c ../alarm_code_bsp//libhal_bsp.a(alt_main.o)
                0x00000000000014d0                alt_main
 .text          0x00000000000014fc       0x38 ../alarm_code_bsp//libhal_bsp.a(alt_putstr.o)
                0x00000000000014fc                alt_putstr
 .text          0x0000000000001534       0x24 ../alarm_code_bsp//libhal_bsp.a(alt_sys_init.o)
                0x0000000000001534                alt_irq_init
                0x0000000000001554                alt_sys_init
 .text          0x0000000000001558       0x34 ../alarm_code_bsp//libhal_bsp.a(altera_avalon_jtag_uart_write.o)
                0x0000000000001558                altera_avalon_jtag_uart_write
 .text          0x000000000000158c        0x4 ../alarm_code_bsp//libhal_bsp.a(alt_dcache_flush_all.o)
                0x000000000000158c                alt_dcache_flush_all
 .text          0x0000000000001590        0x0 ../alarm_code_bsp//libhal_bsp.a(alt_exception_entry.o)
 .text          0x0000000000001590        0x4 ../alarm_code_bsp//libhal_bsp.a(alt_icache_flush_all.o)
                0x0000000000001590                alt_icache_flush_all
 .text          0x0000000000001594       0x74 ../alarm_code_bsp//libhal_bsp.a(alt_instruction_exception_entry.o)
                0x0000000000001594                alt_exception_cause_generated_bad_addr
 .text          0x0000000000001608        0x8 ../alarm_code_bsp//libhal_bsp.a(altera_nios2_gen2_irq.o)
                0x0000000000001608                altera_nios2_gen2_irq_init
 .text          0x0000000000001610        0x0 /home/oscarjosueulatealpizar/intelFPGA_lite/18.1/nios2eds/bin/gnu/H-x86_64-pc-linux-gnu/bin/../lib/gcc/nios2-elf/5.3.0/../../../../../H-x86_64-pc-linux-gnu/nios2-elf/lib/mno-hw-mul/libsmallc.a(lib_a-strlen.o)
 .text.strlen   0x0000000000001610       0x1c /home/oscarjosueulatealpizar/intelFPGA_lite/18.1/nios2eds/bin/gnu/H-x86_64-pc-linux-gnu/bin/../lib/gcc/nios2-elf/5.3.0/../../../../../H-x86_64-pc-linux-gnu/nios2-elf/lib/mno-hw-mul/libsmallc.a(lib_a-strlen.o)
                0x0000000000001610                strlen
 *(.gnu.warning.*)
 *(.fini)
                [!provide]                        PROVIDE (__etext, ABSOLUTE (.))
                [!provide]                        PROVIDE (_etext, ABSOLUTE (.))
                [!provide]                        PROVIDE (etext, ABSOLUTE (.))
 *(.eh_frame_hdr)
                0x000000000000162c                . = ALIGN (0x4)
                [!provide]                        PROVIDE (__preinit_array_start, ABSOLUTE (.))
 *(.preinit_array)
                [!provide]                        PROVIDE (__preinit_array_end, ABSOLUTE (.))
                [!provide]                        PROVIDE (__init_array_start, ABSOLUTE (.))
 *(.init_array)
                [!provide]                        PROVIDE (__init_array_end, ABSOLUTE (.))
                [!provide]                        PROVIDE (__fini_array_start, ABSOLUTE (.))
 *(.fini_array)
                [!provide]                        PROVIDE (__fini_array_end, ABSOLUTE (.))
 *(.eh_frame)
 *(.gcc_except_table .gcc_except_table.*)
 *(.dynamic)
                [!provide]                        PROVIDE (__CTOR_LIST__, ABSOLUTE (.))
 *(.ctors)
 *(SORT(.ctors.*))
                [!provide]                        PROVIDE (__CTOR_END__, ABSOLUTE (.))
                [!provide]                        PROVIDE (__DTOR_LIST__, ABSOLUTE (.))
 *(.dtors)
 *(SORT(.dtors.*))
                [!provide]                        PROVIDE (__DTOR_END__, ABSOLUTE (.))
 *(.jcr)
                0x000000000000162c                . = ALIGN (0x4)

.rodata         0x000000000000162c       0x18
                0x000000000000162c                PROVIDE (__ram_rodata_start, ABSOLUTE (.))
                0x000000000000162c                . = ALIGN (0x4)
 *(.rodata .rodata.* .gnu.linkonce.r.*)
 .rodata.str1.4
                0x000000000000162c       0x18 obj/default/hello_world_small.o
                                         0x15 (size before relaxing)
 *(.rodata1)
                0x0000000000001644                . = ALIGN (0x4)
                0x0000000000001644                PROVIDE (__ram_rodata_end, ABSOLUTE (.))
                0x000000000000162c                PROVIDE (__flash_rodata_start, LOADADDR (.rodata))

.rwdata         0x0000000000001644       0x18 load address 0x000000000000165c
                0x0000000000001644                PROVIDE (__ram_rwdata_start, ABSOLUTE (.))
                0x0000000000001644                . = ALIGN (0x4)
 *(.got.plt)
 *(.got)
 *(.data1)
 *(.data .data.* .gnu.linkonce.d.*)
 .data          0x0000000000001644        0x0 ../alarm_code_bsp//obj/HAL/src/crt0.o
 .data          0x0000000000001644        0x0 obj/default/hello_world_small.o
 .data          0x0000000000001644        0x0 ../alarm_code_bsp//libhal_bsp.a(alt_iic.o)
 .data          0x0000000000001644        0x0 ../alarm_code_bsp//libhal_bsp.a(alt_iic_isr_register.o)
 .data          0x0000000000001644        0x0 ../alarm_code_bsp//libhal_bsp.a(alt_irq_entry.o)
 .data          0x0000000000001644        0x0 ../alarm_code_bsp//libhal_bsp.a(alt_irq_handler.o)
 .data          0x0000000000001644        0x0 ../alarm_code_bsp//libhal_bsp.a(alt_irq_vars.o)
 .data          0x0000000000001644        0x0 ../alarm_code_bsp//libhal_bsp.a(alt_load.o)
 .data          0x0000000000001644        0x0 ../alarm_code_bsp//libhal_bsp.a(alt_main.o)
 .data          0x0000000000001644        0x0 ../alarm_code_bsp//libhal_bsp.a(alt_putstr.o)
 .data          0x0000000000001644        0x0 ../alarm_code_bsp//libhal_bsp.a(alt_sys_init.o)
 .data          0x0000000000001644        0x0 ../alarm_code_bsp//libhal_bsp.a(altera_avalon_jtag_uart_write.o)
 .data          0x0000000000001644        0x0 ../alarm_code_bsp//libhal_bsp.a(alt_dcache_flush_all.o)
 .data          0x0000000000001644        0x0 ../alarm_code_bsp//libhal_bsp.a(alt_exception_entry.o)
 .data          0x0000000000001644        0x0 ../alarm_code_bsp//libhal_bsp.a(alt_icache_flush_all.o)
 .data          0x0000000000001644        0x0 ../alarm_code_bsp//libhal_bsp.a(alt_instruction_exception_entry.o)
 .data          0x0000000000001644        0x0 ../alarm_code_bsp//libhal_bsp.a(altera_nios2_gen2_irq.o)
 .data          0x0000000000001644        0x0 /home/oscarjosueulatealpizar/intelFPGA_lite/18.1/nios2eds/bin/gnu/H-x86_64-pc-linux-gnu/bin/../lib/gcc/nios2-elf/5.3.0/../../../../../H-x86_64-pc-linux-gnu/nios2-elf/lib/mno-hw-mul/libsmallc.a(lib_a-strlen.o)
                0x0000000000009644                _gp = ABSOLUTE ((. + 0x8000))
                [!provide]                        PROVIDE (gp, _gp)
 *(.rwdata .rwdata.*)
 *(.sdata .sdata.* .gnu.linkonce.s.*)
 .sdata         0x0000000000001644       0x10 obj/default/hello_world_small.o
                0x0000000000001644                hex1
                0x0000000000001648                hex0
                0x000000000000164c                timer_control
                0x0000000000001650                timer_status
 .sdata         0x0000000000001654        0x4 ../alarm_code_bsp//libhal_bsp.a(alt_irq_vars.o)
                0x0000000000001654                alt_priority_mask
 .sdata         0x0000000000001658        0x4 ../alarm_code_bsp//libhal_bsp.a(alt_sys_init.o)
                0x0000000000001658                jtag_uart_0
 *(.sdata2 .sdata2.* .gnu.linkonce.s2.*)
                0x000000000000165c                . = ALIGN (0x4)
                0x000000000000165c                _edata = ABSOLUTE (.)
                [!provide]                        PROVIDE (edata, ABSOLUTE (.))
                0x000000000000165c                PROVIDE (__ram_rwdata_end, ABSOLUTE (.))
                0x000000000000165c                PROVIDE (__flash_rwdata_start, LOADADDR (.rwdata))

.bss            0x0000000000001674      0x118
                0x0000000000001674                __bss_start = ABSOLUTE (.)
                [!provide]                        PROVIDE (__sbss_start, ABSOLUTE (.))
                [!provide]                        PROVIDE (___sbss_start, ABSOLUTE (.))
 *(.dynsbss)
 *(.sbss .sbss.* .gnu.linkonce.sb.*)
 .sbss          0x0000000000001674        0x4 obj/default/hello_world_small.o
                0x0000000000001674                num0
 .sbss          0x0000000000001678        0x4 ../alarm_code_bsp//libhal_bsp.a(alt_irq_vars.o)
                0x0000000000001678                alt_irq_active
 .sbss          0x000000000000167c        0xc ../alarm_code_bsp//libhal_bsp.a(alt_main.o)
                0x000000000000167c                alt_envp
                0x0000000000001680                alt_argv
                0x0000000000001684                alt_argc
 .sbss          0x0000000000001688        0x4 ../alarm_code_bsp//libhal_bsp.a(alt_instruction_exception_entry.o)
                0x0000000000001688                alt_instruction_exception_handler
 *(.sbss2 .sbss2.* .gnu.linkonce.sb2.*)
 *(.scommon)
                [!provide]                        PROVIDE (__sbss_end, ABSOLUTE (.))
                [!provide]                        PROVIDE (___sbss_end, ABSOLUTE (.))
 *(.dynbss)
 *(.bss .bss.* .gnu.linkonce.b.*)
 .bss           0x000000000000168c        0x0 ../alarm_code_bsp//obj/HAL/src/crt0.o
 .bss           0x000000000000168c        0x0 obj/default/hello_world_small.o
 .bss           0x000000000000168c        0x0 ../alarm_code_bsp//libhal_bsp.a(alt_iic.o)
 .bss           0x000000000000168c        0x0 ../alarm_code_bsp//libhal_bsp.a(alt_iic_isr_register.o)
 .bss           0x000000000000168c        0x0 ../alarm_code_bsp//libhal_bsp.a(alt_irq_entry.o)
 .bss           0x000000000000168c        0x0 ../alarm_code_bsp//libhal_bsp.a(alt_irq_handler.o)
 .bss           0x000000000000168c        0x0 ../alarm_code_bsp//libhal_bsp.a(alt_irq_vars.o)
 .bss           0x000000000000168c        0x0 ../alarm_code_bsp//libhal_bsp.a(alt_load.o)
 .bss           0x000000000000168c        0x0 ../alarm_code_bsp//libhal_bsp.a(alt_main.o)
 .bss           0x000000000000168c        0x0 ../alarm_code_bsp//libhal_bsp.a(alt_putstr.o)
 .bss           0x000000000000168c        0x0 ../alarm_code_bsp//libhal_bsp.a(alt_sys_init.o)
 .bss           0x000000000000168c        0x0 ../alarm_code_bsp//libhal_bsp.a(altera_avalon_jtag_uart_write.o)
 .bss           0x000000000000168c        0x0 ../alarm_code_bsp//libhal_bsp.a(alt_dcache_flush_all.o)
 .bss           0x000000000000168c        0x0 ../alarm_code_bsp//libhal_bsp.a(alt_exception_entry.o)
 .bss           0x000000000000168c        0x0 ../alarm_code_bsp//libhal_bsp.a(alt_icache_flush_all.o)
 .bss           0x000000000000168c        0x0 ../alarm_code_bsp//libhal_bsp.a(alt_instruction_exception_entry.o)
 .bss           0x000000000000168c        0x0 ../alarm_code_bsp//libhal_bsp.a(altera_nios2_gen2_irq.o)
 .bss           0x000000000000168c        0x0 /home/oscarjosueulatealpizar/intelFPGA_lite/18.1/nios2eds/bin/gnu/H-x86_64-pc-linux-gnu/bin/../lib/gcc/nios2-elf/5.3.0/../../../../../H-x86_64-pc-linux-gnu/nios2-elf/lib/mno-hw-mul/libsmallc.a(lib_a-strlen.o)
 *(COMMON)
 COMMON         0x000000000000168c      0x100 ../alarm_code_bsp//libhal_bsp.a(alt_irq_handler.o)
                0x000000000000168c                alt_irq
                0x000000000000178c                . = ALIGN (0x4)
                0x000000000000178c                __bss_end = ABSOLUTE (.)

.onchip_memory2_0
                0x000000000000178c        0x0
                [!provide]                        PROVIDE (_alt_partition_onchip_memory2_0_start, ABSOLUTE (.))
 *(.onchip_memory2_0 .onchip_memory2_0. onchip_memory2_0.*)
                0x000000000000178c                . = ALIGN (0x4)
                [!provide]                        PROVIDE (_alt_partition_onchip_memory2_0_end, ABSOLUTE (.))
                0x000000000000178c                _end = ABSOLUTE (.)
                0x000000000000178c                end = ABSOLUTE (.)
                0x000000000000178c                __alt_stack_base = ABSOLUTE (.)
                [!provide]                        PROVIDE (_alt_partition_onchip_memory2_0_load_addr, LOADADDR (.onchip_memory2_0))

.stab
 *(.stab)

.stabstr
 *(.stabstr)

.stab.excl
 *(.stab.excl)

.stab.exclstr
 *(.stab.exclstr)

.stab.index
 *(.stab.index)

.stab.indexstr
 *(.stab.indexstr)

.comment        0x0000000000000000       0x23
 *(.comment)
 .comment       0x0000000000000000       0x23 obj/default/hello_world_small.o
                                         0x24 (size before relaxing)
 .comment       0x0000000000000023       0x24 ../alarm_code_bsp//libhal_bsp.a(alt_iic.o)
 .comment       0x0000000000000023       0x24 ../alarm_code_bsp//libhal_bsp.a(alt_iic_isr_register.o)
 .comment       0x0000000000000023       0x24 ../alarm_code_bsp//libhal_bsp.a(alt_irq_handler.o)
 .comment       0x0000000000000023       0x24 ../alarm_code_bsp//libhal_bsp.a(alt_irq_vars.o)
 .comment       0x0000000000000023       0x24 ../alarm_code_bsp//libhal_bsp.a(alt_load.o)
 .comment       0x0000000000000023       0x24 ../alarm_code_bsp//libhal_bsp.a(alt_main.o)
 .comment       0x0000000000000023       0x24 ../alarm_code_bsp//libhal_bsp.a(alt_putstr.o)
 .comment       0x0000000000000023       0x24 ../alarm_code_bsp//libhal_bsp.a(alt_sys_init.o)
 .comment       0x0000000000000023       0x24 ../alarm_code_bsp//libhal_bsp.a(altera_avalon_jtag_uart_write.o)
 .comment       0x0000000000000023       0x24 ../alarm_code_bsp//libhal_bsp.a(alt_dcache_flush_all.o)
 .comment       0x0000000000000023       0x24 ../alarm_code_bsp//libhal_bsp.a(alt_icache_flush_all.o)
 .comment       0x0000000000000023       0x24 ../alarm_code_bsp//libhal_bsp.a(alt_instruction_exception_entry.o)
 .comment       0x0000000000000023       0x24 ../alarm_code_bsp//libhal_bsp.a(altera_nios2_gen2_irq.o)
 .comment       0x0000000000000023       0x24 /home/oscarjosueulatealpizar/intelFPGA_lite/18.1/nios2eds/bin/gnu/H-x86_64-pc-linux-gnu/bin/../lib/gcc/nios2-elf/5.3.0/../../../../../H-x86_64-pc-linux-gnu/nios2-elf/lib/mno-hw-mul/libsmallc.a(lib_a-strlen.o)

.debug
 *(.debug)

.line
 *(.line)

.debug_srcinfo
 *(.debug_srcinfo)

.debug_sfnames
 *(.debug_sfnames)

.debug_aranges  0x0000000000000000      0x278
 *(.debug_aranges)
 .debug_aranges
                0x0000000000000000       0x28 ../alarm_code_bsp//obj/HAL/src/crt0.o
 .debug_aranges
                0x0000000000000028       0x28 obj/default/hello_world_small.o
 .debug_aranges
                0x0000000000000050       0x20 ../alarm_code_bsp//libhal_bsp.a(alt_iic.o)
 .debug_aranges
                0x0000000000000070       0x20 ../alarm_code_bsp//libhal_bsp.a(alt_iic_isr_register.o)
 .debug_aranges
                0x0000000000000090       0x30 ../alarm_code_bsp//libhal_bsp.a(alt_irq_entry.o)
 .debug_aranges
                0x00000000000000c0       0x20 ../alarm_code_bsp//libhal_bsp.a(alt_irq_handler.o)
 .debug_aranges
                0x00000000000000e0       0x18 ../alarm_code_bsp//libhal_bsp.a(alt_irq_vars.o)
 .debug_aranges
                0x00000000000000f8       0x20 ../alarm_code_bsp//libhal_bsp.a(alt_load.o)
 .debug_aranges
                0x0000000000000118       0x20 ../alarm_code_bsp//libhal_bsp.a(alt_main.o)
 .debug_aranges
                0x0000000000000138       0x20 ../alarm_code_bsp//libhal_bsp.a(alt_putstr.o)
 .debug_aranges
                0x0000000000000158       0x20 ../alarm_code_bsp//libhal_bsp.a(alt_sys_init.o)
 .debug_aranges
                0x0000000000000178       0x20 ../alarm_code_bsp//libhal_bsp.a(altera_avalon_jtag_uart_write.o)
 .debug_aranges
                0x0000000000000198       0x20 ../alarm_code_bsp//libhal_bsp.a(alt_dcache_flush_all.o)
 .debug_aranges
                0x00000000000001b8       0x38 ../alarm_code_bsp//libhal_bsp.a(alt_exception_entry.o)
 .debug_aranges
                0x00000000000001f0       0x20 ../alarm_code_bsp//libhal_bsp.a(alt_icache_flush_all.o)
 .debug_aranges
                0x0000000000000210       0x28 ../alarm_code_bsp//libhal_bsp.a(alt_instruction_exception_entry.o)
 .debug_aranges
                0x0000000000000238       0x20 ../alarm_code_bsp//libhal_bsp.a(altera_nios2_gen2_irq.o)
 .debug_aranges
                0x0000000000000258       0x20 /home/oscarjosueulatealpizar/intelFPGA_lite/18.1/nios2eds/bin/gnu/H-x86_64-pc-linux-gnu/bin/../lib/gcc/nios2-elf/5.3.0/../../../../../H-x86_64-pc-linux-gnu/nios2-elf/lib/mno-hw-mul/libsmallc.a(lib_a-strlen.o)

.debug_pubnames
 *(.debug_pubnames)

.debug_info     0x0000000000000000     0x1714
 *(.debug_info .gnu.linkonce.wi.*)
 .debug_info    0x0000000000000000       0x73 ../alarm_code_bsp//obj/HAL/src/crt0.o
 .debug_info    0x0000000000000073      0x1bf obj/default/hello_world_small.o
 .debug_info    0x0000000000000232      0x38a ../alarm_code_bsp//libhal_bsp.a(alt_iic.o)
 .debug_info    0x00000000000005bc      0x232 ../alarm_code_bsp//libhal_bsp.a(alt_iic_isr_register.o)
 .debug_info    0x00000000000007ee       0x7c ../alarm_code_bsp//libhal_bsp.a(alt_irq_entry.o)
 .debug_info    0x000000000000086a      0x184 ../alarm_code_bsp//libhal_bsp.a(alt_irq_handler.o)
 .debug_info    0x00000000000009ee       0x88 ../alarm_code_bsp//libhal_bsp.a(alt_irq_vars.o)
 .debug_info    0x0000000000000a76      0x1c9 ../alarm_code_bsp//libhal_bsp.a(alt_load.o)
 .debug_info    0x0000000000000c3f      0x169 ../alarm_code_bsp//libhal_bsp.a(alt_main.o)
 .debug_info    0x0000000000000da8      0x13a ../alarm_code_bsp//libhal_bsp.a(alt_putstr.o)
 .debug_info    0x0000000000000ee2      0x19d ../alarm_code_bsp//libhal_bsp.a(alt_sys_init.o)
 .debug_info    0x000000000000107f      0x197 ../alarm_code_bsp//libhal_bsp.a(altera_avalon_jtag_uart_write.o)
 .debug_info    0x0000000000001216       0x92 ../alarm_code_bsp//libhal_bsp.a(alt_dcache_flush_all.o)
 .debug_info    0x00000000000012a8       0x82 ../alarm_code_bsp//libhal_bsp.a(alt_exception_entry.o)
 .debug_info    0x000000000000132a       0x92 ../alarm_code_bsp//libhal_bsp.a(alt_icache_flush_all.o)
 .debug_info    0x00000000000013bc      0x1fd ../alarm_code_bsp//libhal_bsp.a(alt_instruction_exception_entry.o)
 .debug_info    0x00000000000015b9       0x92 ../alarm_code_bsp//libhal_bsp.a(altera_nios2_gen2_irq.o)
 .debug_info    0x000000000000164b       0xc9 /home/oscarjosueulatealpizar/intelFPGA_lite/18.1/nios2eds/bin/gnu/H-x86_64-pc-linux-gnu/bin/../lib/gcc/nios2-elf/5.3.0/../../../../../H-x86_64-pc-linux-gnu/nios2-elf/lib/mno-hw-mul/libsmallc.a(lib_a-strlen.o)

.debug_abbrev   0x0000000000000000      0xca4
 *(.debug_abbrev)
 .debug_abbrev  0x0000000000000000       0x12 ../alarm_code_bsp//obj/HAL/src/crt0.o
 .debug_abbrev  0x0000000000000012      0x12a obj/default/hello_world_small.o
 .debug_abbrev  0x000000000000013c      0x1a0 ../alarm_code_bsp//libhal_bsp.a(alt_iic.o)
 .debug_abbrev  0x00000000000002dc      0x19c ../alarm_code_bsp//libhal_bsp.a(alt_iic_isr_register.o)
 .debug_abbrev  0x0000000000000478       0x12 ../alarm_code_bsp//libhal_bsp.a(alt_irq_entry.o)
 .debug_abbrev  0x000000000000048a      0x120 ../alarm_code_bsp//libhal_bsp.a(alt_irq_handler.o)
 .debug_abbrev  0x00000000000005aa       0x40 ../alarm_code_bsp//libhal_bsp.a(alt_irq_vars.o)
 .debug_abbrev  0x00000000000005ea       0xd8 ../alarm_code_bsp//libhal_bsp.a(alt_load.o)
 .debug_abbrev  0x00000000000006c2       0xee ../alarm_code_bsp//libhal_bsp.a(alt_main.o)
 .debug_abbrev  0x00000000000007b0       0xd3 ../alarm_code_bsp//libhal_bsp.a(alt_putstr.o)
 .debug_abbrev  0x0000000000000883      0x10e ../alarm_code_bsp//libhal_bsp.a(alt_sys_init.o)
 .debug_abbrev  0x0000000000000991       0xd5 ../alarm_code_bsp//libhal_bsp.a(altera_avalon_jtag_uart_write.o)
 .debug_abbrev  0x0000000000000a66       0x42 ../alarm_code_bsp//libhal_bsp.a(alt_dcache_flush_all.o)
 .debug_abbrev  0x0000000000000aa8       0x12 ../alarm_code_bsp//libhal_bsp.a(alt_exception_entry.o)
 .debug_abbrev  0x0000000000000aba       0x42 ../alarm_code_bsp//libhal_bsp.a(alt_icache_flush_all.o)
 .debug_abbrev  0x0000000000000afc       0xe7 ../alarm_code_bsp//libhal_bsp.a(alt_instruction_exception_entry.o)
 .debug_abbrev  0x0000000000000be3       0x42 ../alarm_code_bsp//libhal_bsp.a(altera_nios2_gen2_irq.o)
 .debug_abbrev  0x0000000000000c25       0x7f /home/oscarjosueulatealpizar/intelFPGA_lite/18.1/nios2eds/bin/gnu/H-x86_64-pc-linux-gnu/bin/../lib/gcc/nios2-elf/5.3.0/../../../../../H-x86_64-pc-linux-gnu/nios2-elf/lib/mno-hw-mul/libsmallc.a(lib_a-strlen.o)

.debug_line     0x0000000000000000      0xc23
 *(.debug_line)
 .debug_line    0x0000000000000000       0x66 ../alarm_code_bsp//obj/HAL/src/crt0.o
 .debug_line    0x0000000000000066       0xb2 obj/default/hello_world_small.o
 .debug_line    0x0000000000000118       0xf1 ../alarm_code_bsp//libhal_bsp.a(alt_iic.o)
 .debug_line    0x0000000000000209       0xd6 ../alarm_code_bsp//libhal_bsp.a(alt_iic_isr_register.o)
 .debug_line    0x00000000000002df       0x6b ../alarm_code_bsp//libhal_bsp.a(alt_irq_entry.o)
 .debug_line    0x000000000000034a       0xa5 ../alarm_code_bsp//libhal_bsp.a(alt_irq_handler.o)
 .debug_line    0x00000000000003ef       0x50 ../alarm_code_bsp//libhal_bsp.a(alt_irq_vars.o)
 .debug_line    0x000000000000043f       0xa4 ../alarm_code_bsp//libhal_bsp.a(alt_load.o)
 .debug_line    0x00000000000004e3       0xbd ../alarm_code_bsp//libhal_bsp.a(alt_main.o)
 .debug_line    0x00000000000005a0       0xbf ../alarm_code_bsp//libhal_bsp.a(alt_putstr.o)
 .debug_line    0x000000000000065f      0x11a ../alarm_code_bsp//libhal_bsp.a(alt_sys_init.o)
 .debug_line    0x0000000000000779       0xf0 ../alarm_code_bsp//libhal_bsp.a(altera_avalon_jtag_uart_write.o)
 .debug_line    0x0000000000000869       0x4e ../alarm_code_bsp//libhal_bsp.a(alt_dcache_flush_all.o)
 .debug_line    0x00000000000008b7       0xb3 ../alarm_code_bsp//libhal_bsp.a(alt_exception_entry.o)
 .debug_line    0x000000000000096a       0x4e ../alarm_code_bsp//libhal_bsp.a(alt_icache_flush_all.o)
 .debug_line    0x00000000000009b8       0xbf ../alarm_code_bsp//libhal_bsp.a(alt_instruction_exception_entry.o)
 .debug_line    0x0000000000000a77       0x50 ../alarm_code_bsp//libhal_bsp.a(altera_nios2_gen2_irq.o)
 .debug_line    0x0000000000000ac7      0x15c /home/oscarjosueulatealpizar/intelFPGA_lite/18.1/nios2eds/bin/gnu/H-x86_64-pc-linux-gnu/bin/../lib/gcc/nios2-elf/5.3.0/../../../../../H-x86_64-pc-linux-gnu/nios2-elf/lib/mno-hw-mul/libsmallc.a(lib_a-strlen.o)

.debug_frame    0x0000000000000000      0x2a4
 *(.debug_frame)
 .debug_frame   0x0000000000000000       0x58 obj/default/hello_world_small.o
 .debug_frame   0x0000000000000058       0x50 ../alarm_code_bsp//libhal_bsp.a(alt_iic.o)
 .debug_frame   0x00000000000000a8       0x30 ../alarm_code_bsp//libhal_bsp.a(alt_iic_isr_register.o)
 .debug_frame   0x00000000000000d8       0x34 ../alarm_code_bsp//libhal_bsp.a(alt_irq_handler.o)
 .debug_frame   0x000000000000010c       0x30 ../alarm_code_bsp//libhal_bsp.a(alt_load.o)
 .debug_frame   0x000000000000013c       0x2c ../alarm_code_bsp//libhal_bsp.a(alt_main.o)
 .debug_frame   0x0000000000000168       0x30 ../alarm_code_bsp//libhal_bsp.a(alt_putstr.o)
 .debug_frame   0x0000000000000198       0x3c ../alarm_code_bsp//libhal_bsp.a(alt_sys_init.o)
 .debug_frame   0x00000000000001d4       0x20 ../alarm_code_bsp//libhal_bsp.a(altera_avalon_jtag_uart_write.o)
 .debug_frame   0x00000000000001f4       0x20 ../alarm_code_bsp//libhal_bsp.a(alt_dcache_flush_all.o)
 .debug_frame   0x0000000000000214       0x20 ../alarm_code_bsp//libhal_bsp.a(alt_icache_flush_all.o)
 .debug_frame   0x0000000000000234       0x30 ../alarm_code_bsp//libhal_bsp.a(alt_instruction_exception_entry.o)
 .debug_frame   0x0000000000000264       0x20 ../alarm_code_bsp//libhal_bsp.a(altera_nios2_gen2_irq.o)
 .debug_frame   0x0000000000000284       0x20 /home/oscarjosueulatealpizar/intelFPGA_lite/18.1/nios2eds/bin/gnu/H-x86_64-pc-linux-gnu/bin/../lib/gcc/nios2-elf/5.3.0/../../../../../H-x86_64-pc-linux-gnu/nios2-elf/lib/mno-hw-mul/libsmallc.a(lib_a-strlen.o)

.debug_str      0x0000000000000000      0xc49
 *(.debug_str)
 .debug_str     0x0000000000000000      0x14c obj/default/hello_world_small.o
                                        0x199 (size before relaxing)
 .debug_str     0x000000000000014c      0x157 ../alarm_code_bsp//libhal_bsp.a(alt_iic.o)
                                        0x258 (size before relaxing)
 .debug_str     0x00000000000002a3       0x37 ../alarm_code_bsp//libhal_bsp.a(alt_iic_isr_register.o)
                                        0x212 (size before relaxing)
 .debug_str     0x00000000000002da       0x3a ../alarm_code_bsp//libhal_bsp.a(alt_irq_handler.o)
                                        0x19c (size before relaxing)
 .debug_str     0x0000000000000314       0x17 ../alarm_code_bsp//libhal_bsp.a(alt_irq_vars.o)
                                        0x13f (size before relaxing)
 .debug_str     0x000000000000032b      0x113 ../alarm_code_bsp//libhal_bsp.a(alt_load.o)
                                        0x241 (size before relaxing)
 .debug_str     0x000000000000043e       0x8f ../alarm_code_bsp//libhal_bsp.a(alt_main.o)
                                        0x1ba (size before relaxing)
 .debug_str     0x00000000000004cd       0x66 ../alarm_code_bsp//libhal_bsp.a(alt_putstr.o)
                                        0x197 (size before relaxing)
 .debug_str     0x0000000000000533       0xb9 ../alarm_code_bsp//libhal_bsp.a(alt_sys_init.o)
                                        0x263 (size before relaxing)
 .debug_str     0x00000000000005ec       0x39 ../alarm_code_bsp//libhal_bsp.a(altera_avalon_jtag_uart_write.o)
                                        0x21a (size before relaxing)
 .debug_str     0x0000000000000625       0x1f ../alarm_code_bsp//libhal_bsp.a(alt_dcache_flush_all.o)
                                        0x15a (size before relaxing)
 .debug_str     0x0000000000000644       0x1f ../alarm_code_bsp//libhal_bsp.a(alt_icache_flush_all.o)
                                        0x15a (size before relaxing)
 .debug_str     0x0000000000000663      0x48b ../alarm_code_bsp//libhal_bsp.a(alt_instruction_exception_entry.o)
                                        0x5a5 (size before relaxing)
 .debug_str     0x0000000000000aee       0x20 ../alarm_code_bsp//libhal_bsp.a(altera_nios2_gen2_irq.o)
                                        0x161 (size before relaxing)
 .debug_str     0x0000000000000b0e      0x13b /home/oscarjosueulatealpizar/intelFPGA_lite/18.1/nios2eds/bin/gnu/H-x86_64-pc-linux-gnu/bin/../lib/gcc/nios2-elf/5.3.0/../../../../../H-x86_64-pc-linux-gnu/nios2-elf/lib/mno-hw-mul/libsmallc.a(lib_a-strlen.o)
                                        0x1e6 (size before relaxing)

.debug_loc      0x0000000000000000      0x529
 *(.debug_loc)
 .debug_loc     0x0000000000000000       0x4e obj/default/hello_world_small.o
 .debug_loc     0x000000000000004e      0x170 ../alarm_code_bsp//libhal_bsp.a(alt_iic.o)
 .debug_loc     0x00000000000001be      0x193 ../alarm_code_bsp//libhal_bsp.a(alt_iic_isr_register.o)
 .debug_loc     0x0000000000000351       0x72 ../alarm_code_bsp//libhal_bsp.a(alt_irq_handler.o)
 .debug_loc     0x00000000000003c3       0x37 ../alarm_code_bsp//libhal_bsp.a(alt_putstr.o)
 .debug_loc     0x00000000000003fa       0x21 ../alarm_code_bsp//libhal_bsp.a(alt_sys_init.o)
 .debug_loc     0x000000000000041b       0x8b ../alarm_code_bsp//libhal_bsp.a(altera_avalon_jtag_uart_write.o)
 .debug_loc     0x00000000000004a6       0x65 ../alarm_code_bsp//libhal_bsp.a(alt_instruction_exception_entry.o)
 .debug_loc     0x000000000000050b       0x1e /home/oscarjosueulatealpizar/intelFPGA_lite/18.1/nios2eds/bin/gnu/H-x86_64-pc-linux-gnu/bin/../lib/gcc/nios2-elf/5.3.0/../../../../../H-x86_64-pc-linux-gnu/nios2-elf/lib/mno-hw-mul/libsmallc.a(lib_a-strlen.o)

.debug_macinfo
 *(.debug_macinfo)

.debug_weaknames
 *(.debug_weaknames)

.debug_funcnames
 *(.debug_funcnames)

.debug_typenames
 *(.debug_typenames)

.debug_varnames
 *(.debug_varnames)

.debug_alt_sim_info
                0x0000000000000000       0x10
 *(.debug_alt_sim_info)
 .debug_alt_sim_info
                0x0000000000000000       0x10 ../alarm_code_bsp//obj/HAL/src/crt0.o
                0x0000000000002000                __alt_data_end = 0x2000
                0x0000000000002000                PROVIDE (__alt_stack_pointer, __alt_data_end)
                [!provide]                        PROVIDE (__alt_stack_limit, __alt_stack_base)
                [!provide]                        PROVIDE (__alt_heap_start, end)
                [!provide]                        PROVIDE (__alt_heap_limit, 0x2000)
OUTPUT(alarm_code.elf elf32-littlenios2)

.debug_ranges   0x0000000000000000      0x110
 .debug_ranges  0x0000000000000000       0x20 ../alarm_code_bsp//obj/HAL/src/crt0.o
 .debug_ranges  0x0000000000000020       0x18 obj/default/hello_world_small.o
 .debug_ranges  0x0000000000000038       0x28 ../alarm_code_bsp//libhal_bsp.a(alt_irq_entry.o)
 .debug_ranges  0x0000000000000060       0x10 ../alarm_code_bsp//libhal_bsp.a(alt_irq_handler.o)
 .debug_ranges  0x0000000000000070       0x48 ../alarm_code_bsp//libhal_bsp.a(alt_load.o)
 .debug_ranges  0x00000000000000b8       0x30 ../alarm_code_bsp//libhal_bsp.a(alt_exception_entry.o)
 .debug_ranges  0x00000000000000e8       0x18 ../alarm_code_bsp//libhal_bsp.a(alt_instruction_exception_entry.o)
 .debug_ranges  0x0000000000000100       0x10 /home/oscarjosueulatealpizar/intelFPGA_lite/18.1/nios2eds/bin/gnu/H-x86_64-pc-linux-gnu/bin/../lib/gcc/nios2-elf/5.3.0/../../../../../H-x86_64-pc-linux-gnu/nios2-elf/lib/mno-hw-mul/libsmallc.a(lib_a-strlen.o)
