Archive member included to satisfy reference by file (symbol)

/home/oscarjosueulatealpizar/intelFPGA_lite/18.1/nios2eds/bin/gnu/H-x86_64-pc-linux-gnu/bin/../lib/gcc/nios2-elf/5.3.0/mno-hw-mul/libgcc.a(lib2-divmod.o)
                              obj/default/hello_world_small.o (__divsi3)
/home/oscarjosueulatealpizar/intelFPGA_lite/18.1/nios2eds/bin/gnu/H-x86_64-pc-linux-gnu/bin/../lib/gcc/nios2-elf/5.3.0/../../../../../H-x86_64-pc-linux-gnu/nios2-elf/lib/mno-hw-mul/libsmallc.a(lib_a-lcltime.o)
                              obj/default/hello_world_small.o (localtime)
/home/oscarjosueulatealpizar/intelFPGA_lite/18.1/nios2eds/bin/gnu/H-x86_64-pc-linux-gnu/bin/../lib/gcc/nios2-elf/5.3.0/../../../../../H-x86_64-pc-linux-gnu/nios2-elf/lib/mno-hw-mul/libsmallc.a(lib_a-lcltime_r.o)
                              /home/oscarjosueulatealpizar/intelFPGA_lite/18.1/nios2eds/bin/gnu/H-x86_64-pc-linux-gnu/bin/../lib/gcc/nios2-elf/5.3.0/../../../../../H-x86_64-pc-linux-gnu/nios2-elf/lib/mno-hw-mul/libsmallc.a(lib_a-lcltime.o) (localtime_r)
/home/oscarjosueulatealpizar/intelFPGA_lite/18.1/nios2eds/bin/gnu/H-x86_64-pc-linux-gnu/bin/../lib/gcc/nios2-elf/5.3.0/../../../../../H-x86_64-pc-linux-gnu/nios2-elf/lib/mno-hw-mul/libsmallc.a(lib_a-malloc.o)
                              /home/oscarjosueulatealpizar/intelFPGA_lite/18.1/nios2eds/bin/gnu/H-x86_64-pc-linux-gnu/bin/../lib/gcc/nios2-elf/5.3.0/../../../../../H-x86_64-pc-linux-gnu/nios2-elf/lib/mno-hw-mul/libsmallc.a(lib_a-lcltime.o) (malloc)
/home/oscarjosueulatealpizar/intelFPGA_lite/18.1/nios2eds/bin/gnu/H-x86_64-pc-linux-gnu/bin/../lib/gcc/nios2-elf/5.3.0/../../../../../H-x86_64-pc-linux-gnu/nios2-elf/lib/mno-hw-mul/libsmallc.a(lib_a-memcpy.o)
                              obj/default/hello_world_small.o (memcpy)
/home/oscarjosueulatealpizar/intelFPGA_lite/18.1/nios2eds/bin/gnu/H-x86_64-pc-linux-gnu/bin/../lib/gcc/nios2-elf/5.3.0/../../../../../H-x86_64-pc-linux-gnu/nios2-elf/lib/mno-hw-mul/libsmallc.a(lib_a-month_lengths.o)
                              /home/oscarjosueulatealpizar/intelFPGA_lite/18.1/nios2eds/bin/gnu/H-x86_64-pc-linux-gnu/bin/../lib/gcc/nios2-elf/5.3.0/../../../../../H-x86_64-pc-linux-gnu/nios2-elf/lib/mno-hw-mul/libsmallc.a(lib_a-lcltime_r.o) (__month_lengths)
/home/oscarjosueulatealpizar/intelFPGA_lite/18.1/nios2eds/bin/gnu/H-x86_64-pc-linux-gnu/bin/../lib/gcc/nios2-elf/5.3.0/../../../../../H-x86_64-pc-linux-gnu/nios2-elf/lib/mno-hw-mul/libsmallc.a(lib_a-nano-freer.o)
                              /home/oscarjosueulatealpizar/intelFPGA_lite/18.1/nios2eds/bin/gnu/H-x86_64-pc-linux-gnu/bin/../lib/gcc/nios2-elf/5.3.0/../../../../../H-x86_64-pc-linux-gnu/nios2-elf/lib/mno-hw-mul/libsmallc.a(lib_a-malloc.o) (_free_r)
/home/oscarjosueulatealpizar/intelFPGA_lite/18.1/nios2eds/bin/gnu/H-x86_64-pc-linux-gnu/bin/../lib/gcc/nios2-elf/5.3.0/../../../../../H-x86_64-pc-linux-gnu/nios2-elf/lib/mno-hw-mul/libsmallc.a(lib_a-nano-mallocr.o)
                              /home/oscarjosueulatealpizar/intelFPGA_lite/18.1/nios2eds/bin/gnu/H-x86_64-pc-linux-gnu/bin/../lib/gcc/nios2-elf/5.3.0/../../../../../H-x86_64-pc-linux-gnu/nios2-elf/lib/mno-hw-mul/libsmallc.a(lib_a-malloc.o) (_malloc_r)
/home/oscarjosueulatealpizar/intelFPGA_lite/18.1/nios2eds/bin/gnu/H-x86_64-pc-linux-gnu/bin/../lib/gcc/nios2-elf/5.3.0/../../../../../H-x86_64-pc-linux-gnu/nios2-elf/lib/mno-hw-mul/libsmallc.a(lib_a-sbrkr.o)
                              /home/oscarjosueulatealpizar/intelFPGA_lite/18.1/nios2eds/bin/gnu/H-x86_64-pc-linux-gnu/bin/../lib/gcc/nios2-elf/5.3.0/../../../../../H-x86_64-pc-linux-gnu/nios2-elf/lib/mno-hw-mul/libsmallc.a(lib_a-nano-mallocr.o) (_sbrk_r)
/home/oscarjosueulatealpizar/intelFPGA_lite/18.1/nios2eds/bin/gnu/H-x86_64-pc-linux-gnu/bin/../lib/gcc/nios2-elf/5.3.0/../../../../../H-x86_64-pc-linux-gnu/nios2-elf/lib/mno-hw-mul/libsmallc.a(lib_a-tzcalc_limits.o)
                              /home/oscarjosueulatealpizar/intelFPGA_lite/18.1/nios2eds/bin/gnu/H-x86_64-pc-linux-gnu/bin/../lib/gcc/nios2-elf/5.3.0/../../../../../H-x86_64-pc-linux-gnu/nios2-elf/lib/mno-hw-mul/libsmallc.a(lib_a-lcltime_r.o) (__tzcalc_limits)
/home/oscarjosueulatealpizar/intelFPGA_lite/18.1/nios2eds/bin/gnu/H-x86_64-pc-linux-gnu/bin/../lib/gcc/nios2-elf/5.3.0/../../../../../H-x86_64-pc-linux-gnu/nios2-elf/lib/mno-hw-mul/libsmallc.a(lib_a-tzlock.o)
                              /home/oscarjosueulatealpizar/intelFPGA_lite/18.1/nios2eds/bin/gnu/H-x86_64-pc-linux-gnu/bin/../lib/gcc/nios2-elf/5.3.0/../../../../../H-x86_64-pc-linux-gnu/nios2-elf/lib/mno-hw-mul/libsmallc.a(lib_a-lcltime_r.o) (__tz_lock)
/home/oscarjosueulatealpizar/intelFPGA_lite/18.1/nios2eds/bin/gnu/H-x86_64-pc-linux-gnu/bin/../lib/gcc/nios2-elf/5.3.0/../../../../../H-x86_64-pc-linux-gnu/nios2-elf/lib/mno-hw-mul/libsmallc.a(lib_a-tzvars.o)
[...]
Memory Configuration

Name             Origin             Length             Attributes
reset            0x0000000000004000 0x0000000000000020
onchip_memory2_0 0x0000000000004020 0x0000000000001fe0
*default*        0x0000000000000000 0xffffffffffffffff

Linker script and memory map

LOAD ../alarm_code_bsp//obj/HAL/src/crt0.o
LOAD obj/default/hello_world_small.o
LOAD /home/oscarjosueulatealpizar/intelFPGA_lite/18.1/nios2eds/bin/gnu/H-x86_64-pc-linux-gnu/bin/../lib/gcc/nios2-elf/5.3.0/../../../../../H-x86_64-pc-linux-gnu/nios2-elf/lib/mno-hw-mul/libstdc++.a
LOAD /home/oscarjosueulatealpizar/intelFPGA_lite/18.1/nios2eds/bin/gnu/H-x86_64-pc-linux-gnu/bin/../lib/gcc/nios2-elf/5.3.0/../../../../../H-x86_64-pc-linux-gnu/nios2-elf/lib/mno-hw-mul/libm.a
LOAD /home/oscarjosueulatealpizar/intelFPGA_lite/18.1/nios2eds/bin/gnu/H-x86_64-pc-linux-gnu/bin/../lib/gcc/nios2-elf/5.3.0/mno-hw-mul/libgcc.a
START GROUP
LOAD /home/oscarjosueulatealpizar/intelFPGA_lite/18.1/nios2eds/bin/gnu/H-x86_64-pc-linux-gnu/bin/../lib/gcc/nios2-elf/5.3.0/../../../../../H-x86_64-pc-linux-gnu/nios2-elf/lib/mno-hw-mul/libsmallc.a
LOAD /home/oscarjosueulatealpizar/intelFPGA_lite/18.1/nios2eds/bin/gnu/H-x86_64-pc-linux-gnu/bin/../lib/gcc/nios2-elf/5.3.0/mno-hw-mul/libgcc.a
LOAD ../alarm_code_bsp//libhal_bsp.a
LOAD /home/oscarjosueulatealpizar/intelFPGA_lite/18.1/nios2eds/bin/gnu/H-x86_64-pc-linux-gnu/bin/../lib/gcc/nios2-elf/5.3.0/../../../../../H-x86_64-pc-linux-gnu/nios2-elf/lib/mno-hw-mul/libm.a
END GROUP
LOAD /home/oscarjosueulatealpizar/intelFPGA_lite/18.1/nios2eds/bin/gnu/H-x86_64-pc-linux-gnu/bin/../lib/gcc/nios2-elf/5.3.0/mno-hw-mul/libgcc.a
                0x0000000000004000                __alt_mem_onchip_memory2_0 = 0x4000

.entry          0x0000000000004000       0x20
 *(.entry)
 .entry         0x0000000000004000       0x20 ../alarm_code_bsp//obj/HAL/src/crt0.o
                0x0000000000004000                __reset
                0x000000000000400c                _exit

.exceptions     0x0000000000004020      0x160
                0x0000000000004020                PROVIDE (__ram_exceptions_start, ABSOLUTE (.))
                0x0000000000004020                . = ALIGN (0x20)
 *(.irq)
 *(.exceptions.entry.label)
 .exceptions.entry.label
                0x0000000000004020        0x0 ../alarm_code_bsp//libhal_bsp.a(alt_irq_entry.o)
                0x0000000000004020                alt_irq_entry
 .exceptions.entry.label
                0x0000000000004020        0x0 ../alarm_code_bsp//libhal_bsp.a(alt_exception_entry.o)
                0x0000000000004020                alt_exception
 *(.exceptions.entry.user)
 *(.exceptions.entry.ecc_fatal)
 *(.exceptions.entry)
 .exceptions.entry
                0x0000000000004020       0x54 ../alarm_code_bsp//libhal_bsp.a(alt_exception_entry.o)
 *(.exceptions.irqtest.user)
 *(.exceptions.irqtest)
 .exceptions.irqtest
                0x0000000000004074       0x10 ../alarm_code_bsp//libhal_bsp.a(alt_irq_entry.o)
 *(.exceptions.irqhandler.user)
 *(.exceptions.irqhandler)
 .exceptions.irqhandler
                0x0000000000004084        0x4 ../alarm_code_bsp//libhal_bsp.a(alt_irq_entry.o)
 *(.exceptions.irqreturn.user)
 *(.exceptions.irqreturn)
 .exceptions.irqreturn
                0x0000000000004088        0x4 ../alarm_code_bsp//libhal_bsp.a(alt_irq_entry.o)
 *(.exceptions.notirq.label)
 .exceptions.notirq.label
                0x000000000000408c        0x0 ../alarm_code_bsp//libhal_bsp.a(alt_irq_entry.o)
 *(.exceptions.notirq.user)
 *(.exceptions.notirq)
 .exceptions.notirq
                0x000000000000408c        0x8 ../alarm_code_bsp//libhal_bsp.a(alt_exception_entry.o)
 *(.exceptions.soft.user)
 *(.exceptions.soft)
 *(.exceptions.unknown.user)
 *(.exceptions.unknown)
 .exceptions.unknown
                0x0000000000004094       0x14 ../alarm_code_bsp//libhal_bsp.a(alt_exception_entry.o)
 *(.exceptions.exit.label)
 .exceptions.exit.label
                0x00000000000040a8        0x0 ../alarm_code_bsp//libhal_bsp.a(alt_irq_entry.o)
 .exceptions.exit.label
                0x00000000000040a8        0x0 ../alarm_code_bsp//libhal_bsp.a(alt_exception_entry.o)
 *(.exceptions.exit.user)
 *(.exceptions.exit)
 .exceptions.exit
                0x00000000000040a8       0x54 ../alarm_code_bsp//libhal_bsp.a(alt_exception_entry.o)
 *(.exceptions)
 .exceptions    0x00000000000040fc       0x60 ../alarm_code_bsp//libhal_bsp.a(alt_irq_handler.o)
                0x00000000000040fc                alt_irq_handler
 .exceptions    0x000000000000415c       0x24 ../alarm_code_bsp//libhal_bsp.a(alt_instruction_exception_entry.o)
                0x000000000000415c                alt_instruction_exception_entry
                0x0000000000004180                PROVIDE (__ram_exceptions_end, ABSOLUTE (.))
                0x0000000000004020                PROVIDE (__flash_exceptions_start, LOADADDR (.exceptions))

.text           0x0000000000004180     0x1618
                [!provide]                        PROVIDE (stext, ABSOLUTE (.))
 *(.interp)
 *(.hash)
 *(.dynsym)
 *(.dynstr)
 *(.gnu.version)
 *(.gnu.version_d)
 *(.gnu.version_r)
 *(.rel.init)
 *(.rela.init)
 *(.rel.text .rel.text.* .rel.gnu.linkonce.t.*)
 *(.rela.text .rela.text.* .rela.gnu.linkonce.t.*)
 *(.rel.fini)
 *(.rela.fini)
 *(.rel.rodata .rel.rodata.* .rel.gnu.linkonce.r.*)
 *(.rela.rodata .rela.rodata.* .rela.gnu.linkonce.r.*)
 *(.rel.data .rel.data.* .rel.gnu.linkonce.d.*)
 *(.rela.data .rela.data.* .rela.gnu.linkonce.d.*)
 *(.rel.tdata .rel.tdata.* .rel.gnu.linkonce.td.*)
 *(.rela.tdata .rela.tdata.* .rela.gnu.linkonce.td.*)
 *(.rel.tbss .rel.tbss.* .rel.gnu.linkonce.tb.*)
 *(.rela.tbss .rela.tbss.* .rela.gnu.linkonce.tb.*)
 *(.rel.ctors)
 *(.rela.ctors)
 *(.rel.dtors)
 *(.rela.dtors)
 *(.rel.got)
 *(.rela.got)
 *(.rel.sdata .rel.sdata.* .rel.gnu.linkonce.s.*)
 *(.rela.sdata .rela.sdata.* .rela.gnu.linkonce.s.*)
 *(.rel.sbss .rel.sbss.* .rel.gnu.linkonce.sb.*)
 *(.rela.sbss .rela.sbss.* .rela.gnu.linkonce.sb.*)
 *(.rel.sdata2 .rel.sdata2.* .rel.gnu.linkonce.s2.*)
 *(.rela.sdata2 .rela.sdata2.* .rela.gnu.linkonce.s2.*)
 *(.rel.sbss2 .rel.sbss2.* .rel.gnu.linkonce.sb2.*)
 *(.rela.sbss2 .rela.sbss2.* .rela.gnu.linkonce.sb2.*)
 *(.rel.bss .rel.bss.* .rel.gnu.linkonce.b.*)
 *(.rela.bss .rela.bss.* .rela.gnu.linkonce.b.*)
 *(.rel.plt)
 *(.rela.plt)
 *(.rel.dyn)
 *(.init)
 *(.plt)
 *(.text .stub .text.* .gnu.linkonce.t.*)
 .text          0x0000000000004180       0x3c ../alarm_code_bsp//obj/HAL/src/crt0.o
                0x0000000000004180                _start
 .text          0x00000000000041bc      0x520 obj/default/hello_world_small.o
                0x00000000000041bc                num_to_seven_seg
                0x0000000000004264                show_time
                0x00000000000044c0                calc_time
 .text.startup  0x00000000000046dc       0x8c obj/default/hello_world_small.o
                0x00000000000046dc                main
 .text          0x0000000000004768      0x1b4 /home/oscarjosueulatealpizar/intelFPGA_lite/18.1/nios2eds/bin/gnu/H-x86_64-pc-linux-gnu/bin/../lib/gcc/nios2-elf/5.3.0/mno-hw-mul/libgcc.a(lib2-divmod.o)
                0x0000000000004768                __divsi3
                0x00000000000047ec                __modsi3
                0x0000000000004860                __udivsi3
                0x00000000000048c4                __umodsi3
 .text          0x000000000000491c        0x0 /home/oscarjosueulatealpizar/intelFPGA_lite/18.1/nios2eds/bin/gnu/H-x86_64-pc-linux-gnu/bin/../lib/gcc/nios2-elf/5.3.0/../../../../../H-x86_64-pc-linux-gnu/nios2-elf/lib/mno-hw-mul/libsmallc.a(lib_a-lcltime.o)
 .text.localtime
                0x000000000000491c       0x50 /home/oscarjosueulatealpizar/intelFPGA_lite/18.1/nios2eds/bin/gnu/H-x86_64-pc-linux-gnu/bin/../lib/gcc/nios2-elf/5.3.0/../../../../../H-x86_64-pc-linux-gnu/nios2-elf/lib/mno-hw-mul/libsmallc.a(lib_a-lcltime.o)
                0x000000000000491c                localtime
 .text          0x000000000000496c        0x0 /home/oscarjosueulatealpizar/intelFPGA_lite/18.1/nios2eds/bin/gnu/H-x86_64-pc-linux-gnu/bin/../lib/gcc/nios2-elf/5.3.0/../../../../../H-x86_64-pc-linux-gnu/nios2-elf/lib/mno-hw-mul/libsmallc.a(lib_a-lcltime_r.o)
 .text.localtime_r
                0x000000000000496c      0x338 /home/oscarjosueulatealpizar/intelFPGA_lite/18.1/nios2eds/bin/gnu/H-x86_64-pc-linux-gnu/bin/../lib/gcc/nios2-elf/5.3.0/../../../../../H-x86_64-pc-linux-gnu/nios2-elf/lib/mno-hw-mul/libsmallc.a(lib_a-lcltime_r.o)
                0x000000000000496c                localtime_r
 .text          0x0000000000004ca4        0x0 /home/oscarjosueulatealpizar/intelFPGA_lite/18.1/nios2eds/bin/gnu/H-x86_64-pc-linux-gnu/bin/../lib/gcc/nios2-elf/5.3.0/../../../../../H-x86_64-pc-linux-gnu/nios2-elf/lib/mno-hw-mul/libsmallc.a(lib_a-malloc.o)
 .text.malloc   0x0000000000004ca4       0x14 /home/oscarjosueulatealpizar/intelFPGA_lite/18.1/nios2eds/bin/gnu/H-x86_64-pc-linux-gnu/bin/../lib/gcc/nios2-elf/5.3.0/../../../../../H-x86_64-pc-linux-gnu/nios2-elf/lib/mno-hw-mul/libsmallc.a(lib_a-malloc.o)
                0x0000000000004ca4                malloc
 .text.free     0x0000000000004cb8       0x14 /home/oscarjosueulatealpizar/intelFPGA_lite/18.1/nios2eds/bin/gnu/H-x86_64-pc-linux-gnu/bin/../lib/gcc/nios2-elf/5.3.0/../../../../../H-x86_64-pc-linux-gnu/nios2-elf/lib/mno-hw-mul/libsmallc.a(lib_a-malloc.o)
                0x0000000000004cb8                free
 .text          0x0000000000004ccc        0x0 /home/oscarjosueulatealpizar/intelFPGA_lite/18.1/nios2eds/bin/gnu/H-x86_64-pc-linux-gnu/bin/../lib/gcc/nios2-elf/5.3.0/../../../../../H-x86_64-pc-linux-gnu/nios2-elf/lib/mno-hw-mul/libsmallc.a(lib_a-memcpy.o)
 .text.memcpy   0x0000000000004ccc       0x28 /home/oscarjosueulatealpizar/intelFPGA_lite/18.1/nios2eds/bin/gnu/H-x86_64-pc-linux-gnu/bin/../lib/gcc/nios2-elf/5.3.0/../../../../../H-x86_64-pc-linux-gnu/nios2-elf/lib/mno-hw-mul/libsmallc.a(lib_a-memcpy.o)
                0x0000000000004ccc                memcpy
 .text          0x0000000000004cf4        0x0 /home/oscarjosueulatealpizar/intelFPGA_lite/18.1/nios2eds/bin/gnu/H-x86_64-pc-linux-gnu/bin/../lib/gcc/nios2-elf/5.3.0/../../../../../H-x86_64-pc-linux-gnu/nios2-elf/lib/mno-hw-mul/libsmallc.a(lib_a-month_lengths.o)
 .text          0x0000000000004cf4        0x0 /home/oscarjosueulatealpizar/intelFPGA_lite/18.1/nios2eds/bin/gnu/H-x86_64-pc-linux-gnu/bin/../lib/gcc/nios2-elf/5.3.0/../../../../../H-x86_64-pc-linux-gnu/nios2-elf/lib/mno-hw-mul/libsmallc.a(lib_a-nano-freer.o)
 .text._free_r  0x0000000000004cf4       0xe4 /home/oscarjosueulatealpizar/intelFPGA_lite/18.1/nios2eds/bin/gnu/H-x86_64-pc-linux-gnu/bin/../lib/gcc/nios2-elf/5.3.0/../../../../../H-x86_64-pc-linux-gnu/nios2-elf/lib/mno-hw-mul/libsmallc.a(lib_a-nano-freer.o)
                0x0000000000004cf4                _free_r
 .text          0x0000000000004dd8        0x0 /home/oscarjosueulatealpizar/intelFPGA_lite/18.1/nios2eds/bin/gnu/H-x86_64-pc-linux-gnu/bin/../lib/gcc/nios2-elf/5.3.0/../../../../../H-x86_64-pc-linux-gnu/nios2-elf/lib/mno-hw-mul/libsmallc.a(lib_a-nano-mallocr.o)
 .text._malloc_r
                0x0000000000004dd8      0x158 /home/oscarjosueulatealpizar/intelFPGA_lite/18.1/nios2eds/bin/gnu/H-x86_64-pc-linux-gnu/bin/../lib/gcc/nios2-elf/5.3.0/../../../../../H-x86_64-pc-linux-gnu/nios2-elf/lib/mno-hw-mul/libsmallc.a(lib_a-nano-mallocr.o)
                0x0000000000004dd8                _malloc_r
 .text          0x0000000000004f30        0x0 /home/oscarjosueulatealpizar/intelFPGA_lite/18.1/nios2eds/bin/gnu/H-x86_64-pc-linux-gnu/bin/../lib/gcc/nios2-elf/5.3.0/../../../../../H-x86_64-pc-linux-gnu/nios2-elf/lib/mno-hw-mul/libsmallc.a(lib_a-sbrkr.o)
 .text._sbrk_r  0x0000000000004f30       0x50 /home/oscarjosueulatealpizar/intelFPGA_lite/18.1/nios2eds/bin/gnu/H-x86_64-pc-linux-gnu/bin/../lib/gcc/nios2-elf/5.3.0/../../../../../H-x86_64-pc-linux-gnu/nios2-elf/lib/mno-hw-mul/libsmallc.a(lib_a-sbrkr.o)
                0x0000000000004f30                _sbrk_r
 .text          0x0000000000004f80        0x0 /home/oscarjosueulatealpizar/intelFPGA_lite/18.1/nios2eds/bin/gnu/H-x86_64-pc-linux-gnu/bin/../lib/gcc/nios2-elf/5.3.0/../../../../../H-x86_64-pc-linux-gnu/nios2-elf/lib/mno-hw-mul/libsmallc.a(lib_a-tzcalc_limits.o)
 .text.__tzcalc_limits
                0x0000000000004f80      0x2a8 /home/oscarjosueulatealpizar/intelFPGA_lite/18.1/nios2eds/bin/gnu/H-x86_64-pc-linux-gnu/bin/../lib/gcc/nios2-elf/5.3.0/../../../../../H-x86_64-pc-linux-gnu/nios2-elf/lib/mno-hw-mul/libsmallc.a(lib_a-tzcalc_limits.o)
                0x0000000000004f80                __tzcalc_limits
 .text          0x0000000000005228        0x0 /home/oscarjosueulatealpizar/intelFPGA_lite/18.1/nios2eds/bin/gnu/H-x86_64-pc-linux-gnu/bin/../lib/gcc/nios2-elf/5.3.0/../../../../../H-x86_64-pc-linux-gnu/nios2-elf/lib/mno-hw-mul/libsmallc.a(lib_a-tzlock.o)
 .text.__tz_lock
                0x0000000000005228        0x4 /home/oscarjosueulatealpizar/intelFPGA_lite/18.1/nios2eds/bin/gnu/H-x86_64-pc-linux-gnu/bin/../lib/gcc/nios2-elf/5.3.0/../../../../../H-x86_64-pc-linux-gnu/nios2-elf/lib/mno-hw-mul/libsmallc.a(lib_a-tzlock.o)
                0x0000000000005228                __tz_lock
 .text.__tz_unlock
                0x000000000000522c        0x4 /home/oscarjosueulatealpizar/intelFPGA_lite/18.1/nios2eds/bin/gnu/H-x86_64-pc-linux-gnu/bin/../lib/gcc/nios2-elf/5.3.0/../../../../../H-x86_64-pc-linux-gnu/nios2-elf/lib/mno-hw-mul/libsmallc.a(lib_a-tzlock.o)
                0x000000000000522c                __tz_unlock
 .text          0x0000000000005230        0x0 /home/oscarjosueulatealpizar/intelFPGA_lite/18.1/nios2eds/bin/gnu/H-x86_64-pc-linux-gnu/bin/../lib/gcc/nios2-elf/5.3.0/../../../../../H-x86_64-pc-linux-gnu/nios2-elf/lib/mno-hw-mul/libsmallc.a(lib_a-tzvars.o)
 .text          0x0000000000005230        0x0 /home/oscarjosueulatealpizar/intelFPGA_lite/18.1/nios2eds/bin/gnu/H-x86_64-pc-linux-gnu/bin/../lib/gcc/nios2-elf/5.3.0/../../../../../H-x86_64-pc-linux-gnu/nios2-elf/lib/mno-hw-mul/libsmallc.a(lib_a-gettzinfo.o)
 .text.__gettzinfo
                0x0000000000005230        0xc /home/oscarjosueulatealpizar/intelFPGA_lite/18.1/nios2eds/bin/gnu/H-x86_64-pc-linux-gnu/bin/../lib/gcc/nios2-elf/5.3.0/../../../../../H-x86_64-pc-linux-gnu/nios2-elf/lib/mno-hw-mul/libsmallc.a(lib_a-gettzinfo.o)
                0x0000000000005230                __gettzinfo
 .text          0x000000000000523c        0x0 /home/oscarjosueulatealpizar/intelFPGA_lite/18.1/nios2eds/bin/gnu/H-x86_64-pc-linux-gnu/bin/../lib/gcc/nios2-elf/5.3.0/../../../../../H-x86_64-pc-linux-gnu/nios2-elf/lib/mno-hw-mul/libsmallc.a(lib_a-gmtime_r.o)
 .text.gmtime_r
                0x000000000000523c      0x240 /home/oscarjosueulatealpizar/intelFPGA_lite/18.1/nios2eds/bin/gnu/H-x86_64-pc-linux-gnu/bin/../lib/gcc/nios2-elf/5.3.0/../../../../../H-x86_64-pc-linux-gnu/nios2-elf/lib/mno-hw-mul/libsmallc.a(lib_a-gmtime_r.o)
                0x000000000000523c                gmtime_r
 .text          0x000000000000547c        0x0 /home/oscarjosueulatealpizar/intelFPGA_lite/18.1/nios2eds/bin/gnu/H-x86_64-pc-linux-gnu/bin/../lib/gcc/nios2-elf/5.3.0/../../../../../H-x86_64-pc-linux-gnu/nios2-elf/lib/mno-hw-mul/libsmallc.a(lib_a-impure.o)
 .text          0x000000000000547c        0x0 /home/oscarjosueulatealpizar/intelFPGA_lite/18.1/nios2eds/bin/gnu/H-x86_64-pc-linux-gnu/bin/../lib/gcc/nios2-elf/5.3.0/../../../../../H-x86_64-pc-linux-gnu/nios2-elf/lib/mno-hw-mul/libsmallc.a(lib_a-int_errno.o)
 .text          0x000000000000547c       0x28 /home/oscarjosueulatealpizar/intelFPGA_lite/18.1/nios2eds/bin/gnu/H-x86_64-pc-linux-gnu/bin/../lib/gcc/nios2-elf/5.3.0/mno-hw-mul/libgcc.a(lib2-mul.o)
                0x000000000000547c                __mulsi3
 .text          0x00000000000054a4       0x8c ../alarm_code_bsp//libhal_bsp.a(alt_iic.o)
                0x00000000000054a4                alt_ic_isr_register
                0x00000000000054a8                alt_ic_irq_enable
                0x00000000000054e0                alt_ic_irq_disable
                0x0000000000005518                alt_ic_irq_enabled
 .text          0x0000000000005530       0x68 ../alarm_code_bsp//libhal_bsp.a(alt_iic_isr_register.o)
                0x0000000000005530                alt_iic_isr_register
 .text          0x0000000000005598        0x0 ../alarm_code_bsp//libhal_bsp.a(alt_irq_entry.o)
 .text          0x0000000000005598        0x0 ../alarm_code_bsp//libhal_bsp.a(alt_irq_handler.o)
 .text          0x0000000000005598        0x0 ../alarm_code_bsp//libhal_bsp.a(alt_irq_vars.o)
 .text          0x0000000000005598       0xe0 ../alarm_code_bsp//libhal_bsp.a(alt_load.o)
                0x0000000000005598                alt_load
 .text          0x0000000000005678       0x2c ../alarm_code_bsp//libhal_bsp.a(alt_main.o)
                0x0000000000005678                alt_main
 .text          0x00000000000056a4       0x4c ../alarm_code_bsp//libhal_bsp.a(alt_sbrk.o)
                0x00000000000056a4                sbrk
 .text          0x00000000000056f0       0x24 ../alarm_code_bsp//libhal_bsp.a(alt_sys_init.o)
                0x00000000000056f0                alt_irq_init
                0x0000000000005710                alt_sys_init
 .text          0x0000000000005714        0x4 ../alarm_code_bsp//libhal_bsp.a(alt_dcache_flush_all.o)
                0x0000000000005714                alt_dcache_flush_all
 .text          0x0000000000005718        0x0 ../alarm_code_bsp//libhal_bsp.a(alt_exception_entry.o)
 .text          0x0000000000005718        0x4 ../alarm_code_bsp//libhal_bsp.a(alt_icache_flush_all.o)
                0x0000000000005718                alt_icache_flush_all
 .text          0x000000000000571c       0x74 ../alarm_code_bsp//libhal_bsp.a(alt_instruction_exception_entry.o)
                0x000000000000571c                alt_exception_cause_generated_bad_addr
 .text          0x0000000000005790        0x8 ../alarm_code_bsp//libhal_bsp.a(altera_nios2_gen2_irq.o)
                0x0000000000005790                altera_nios2_gen2_irq_init
 *(.gnu.warning.*)
 *(.fini)
                [!provide]                        PROVIDE (__etext, ABSOLUTE (.))
                [!provide]                        PROVIDE (_etext, ABSOLUTE (.))
                [!provide]                        PROVIDE (etext, ABSOLUTE (.))
 *(.eh_frame_hdr)
                0x0000000000005798                . = ALIGN (0x4)
                [!provide]                        PROVIDE (__preinit_array_start, ABSOLUTE (.))
 *(.preinit_array)
                [!provide]                        PROVIDE (__preinit_array_end, ABSOLUTE (.))
                [!provide]                        PROVIDE (__init_array_start, ABSOLUTE (.))
 *(.init_array)
                [!provide]                        PROVIDE (__init_array_end, ABSOLUTE (.))
                [!provide]                        PROVIDE (__fini_array_start, ABSOLUTE (.))
 *(.fini_array)
                [!provide]                        PROVIDE (__fini_array_end, ABSOLUTE (.))
 *(.eh_frame)
 *(.gcc_except_table .gcc_except_table.*)
 *(.dynamic)
                [!provide]                        PROVIDE (__CTOR_LIST__, ABSOLUTE (.))
 *(.ctors)
 *(SORT(.ctors.*))
                [!provide]                        PROVIDE (__CTOR_END__, ABSOLUTE (.))
                [!provide]                        PROVIDE (__DTOR_LIST__, ABSOLUTE (.))
 *(.dtors)
 *(SORT(.dtors.*))
                [!provide]                        PROVIDE (__DTOR_END__, ABSOLUTE (.))
 *(.jcr)
                0x0000000000005798                . = ALIGN (0x4)

.rodata         0x0000000000005798       0x64
                0x0000000000005798                PROVIDE (__ram_rodata_start, ABSOLUTE (.))
                0x0000000000005798                . = ALIGN (0x4)
 *(.rodata .rodata.* .gnu.linkonce.r.*)
 .rodata.__month_lengths
                0x0000000000005798       0x60 /home/oscarjosueulatealpizar/intelFPGA_lite/18.1/nios2eds/bin/gnu/H-x86_64-pc-linux-gnu/bin/../lib/gcc/nios2-elf/5.3.0/../../../../../H-x86_64-pc-linux-gnu/nios2-elf/lib/mno-hw-mul/libsmallc.a(lib_a-month_lengths.o)
                0x0000000000005798                __month_lengths
 .rodata.str1.4
                0x00000000000057f8        0x4 /home/oscarjosueulatealpizar/intelFPGA_lite/18.1/nios2eds/bin/gnu/H-x86_64-pc-linux-gnu/bin/../lib/gcc/nios2-elf/5.3.0/../../../../../H-x86_64-pc-linux-gnu/nios2-elf/lib/mno-hw-mul/libsmallc.a(lib_a-tzvars.o)
 *(.rodata1)
                0x00000000000057fc                . = ALIGN (0x4)
                0x00000000000057fc                PROVIDE (__ram_rodata_end, ABSOLUTE (.))
                0x0000000000005798                PROVIDE (__flash_rodata_start, LOADADDR (.rodata))

.rwdata         0x00000000000057fc      0x17c load address 0x0000000000005978
                0x00000000000057fc                PROVIDE (__ram_rwdata_start, ABSOLUTE (.))
                0x00000000000057fc                . = ALIGN (0x4)
 *(.got.plt)
 *(.got)
 *(.data1)
 *(.data .data.* .gnu.linkonce.d.*)
 .data          0x00000000000057fc        0x0 ../alarm_code_bsp//obj/HAL/src/crt0.o
 .data          0x00000000000057fc        0x0 obj/default/hello_world_small.o
 .data          0x00000000000057fc        0x0 /home/oscarjosueulatealpizar/intelFPGA_lite/18.1/nios2eds/bin/gnu/H-x86_64-pc-linux-gnu/bin/../lib/gcc/nios2-elf/5.3.0/mno-hw-mul/libgcc.a(lib2-divmod.o)
 .data          0x00000000000057fc        0x0 /home/oscarjosueulatealpizar/intelFPGA_lite/18.1/nios2eds/bin/gnu/H-x86_64-pc-linux-gnu/bin/../lib/gcc/nios2-elf/5.3.0/../../../../../H-x86_64-pc-linux-gnu/nios2-elf/lib/mno-hw-mul/libsmallc.a(lib_a-lcltime.o)
 .data          0x00000000000057fc        0x0 /home/oscarjosueulatealpizar/intelFPGA_lite/18.1/nios2eds/bin/gnu/H-x86_64-pc-linux-gnu/bin/../lib/gcc/nios2-elf/5.3.0/../../../../../H-x86_64-pc-linux-gnu/nios2-elf/lib/mno-hw-mul/libsmallc.a(lib_a-lcltime_r.o)
 .data          0x00000000000057fc        0x0 /home/oscarjosueulatealpizar/intelFPGA_lite/18.1/nios2eds/bin/gnu/H-x86_64-pc-linux-gnu/bin/../lib/gcc/nios2-elf/5.3.0/../../../../../H-x86_64-pc-linux-gnu/nios2-elf/lib/mno-hw-mul/libsmallc.a(lib_a-malloc.o)
 .data          0x00000000000057fc        0x0 /home/oscarjosueulatealpizar/intelFPGA_lite/18.1/nios2eds/bin/gnu/H-x86_64-pc-linux-gnu/bin/../lib/gcc/nios2-elf/5.3.0/../../../../../H-x86_64-pc-linux-gnu/nios2-elf/lib/mno-hw-mul/libsmallc.a(lib_a-memcpy.o)
 .data          0x00000000000057fc        0x0 /home/oscarjosueulatealpizar/intelFPGA_lite/18.1/nios2eds/bin/gnu/H-x86_64-pc-linux-gnu/bin/../lib/gcc/nios2-elf/5.3.0/../../../../../H-x86_64-pc-linux-gnu/nios2-elf/lib/mno-hw-mul/libsmallc.a(lib_a-month_lengths.o)
 .data          0x00000000000057fc        0x0 /home/oscarjosueulatealpizar/intelFPGA_lite/18.1/nios2eds/bin/gnu/H-x86_64-pc-linux-gnu/bin/../lib/gcc/nios2-elf/5.3.0/../../../../../H-x86_64-pc-linux-gnu/nios2-elf/lib/mno-hw-mul/libsmallc.a(lib_a-nano-freer.o)
 .data          0x00000000000057fc        0x0 /home/oscarjosueulatealpizar/intelFPGA_lite/18.1/nios2eds/bin/gnu/H-x86_64-pc-linux-gnu/bin/../lib/gcc/nios2-elf/5.3.0/../../../../../H-x86_64-pc-linux-gnu/nios2-elf/lib/mno-hw-mul/libsmallc.a(lib_a-nano-mallocr.o)
 .data          0x00000000000057fc        0x0 /home/oscarjosueulatealpizar/intelFPGA_lite/18.1/nios2eds/bin/gnu/H-x86_64-pc-linux-gnu/bin/../lib/gcc/nios2-elf/5.3.0/../../../../../H-x86_64-pc-linux-gnu/nios2-elf/lib/mno-hw-mul/libsmallc.a(lib_a-sbrkr.o)
 .data          0x00000000000057fc        0x0 /home/oscarjosueulatealpizar/intelFPGA_lite/18.1/nios2eds/bin/gnu/H-x86_64-pc-linux-gnu/bin/../lib/gcc/nios2-elf/5.3.0/../../../../../H-x86_64-pc-linux-gnu/nios2-elf/lib/mno-hw-mul/libsmallc.a(lib_a-tzcalc_limits.o)
 .data          0x00000000000057fc        0x0 /home/oscarjosueulatealpizar/intelFPGA_lite/18.1/nios2eds/bin/gnu/H-x86_64-pc-linux-gnu/bin/../lib/gcc/nios2-elf/5.3.0/../../../../../H-x86_64-pc-linux-gnu/nios2-elf/lib/mno-hw-mul/libsmallc.a(lib_a-tzlock.o)
 .data          0x00000000000057fc        0x0 /home/oscarjosueulatealpizar/intelFPGA_lite/18.1/nios2eds/bin/gnu/H-x86_64-pc-linux-gnu/bin/../lib/gcc/nios2-elf/5.3.0/../../../../../H-x86_64-pc-linux-gnu/nios2-elf/lib/mno-hw-mul/libsmallc.a(lib_a-tzvars.o)
 .data          0x00000000000057fc        0x0 /home/oscarjosueulatealpizar/intelFPGA_lite/18.1/nios2eds/bin/gnu/H-x86_64-pc-linux-gnu/bin/../lib/gcc/nios2-elf/5.3.0/../../../../../H-x86_64-pc-linux-gnu/nios2-elf/lib/mno-hw-mul/libsmallc.a(lib_a-gettzinfo.o)
 .data.tzinfo   0x00000000000057fc       0x40 /home/oscarjosueulatealpizar/intelFPGA_lite/18.1/nios2eds/bin/gnu/H-x86_64-pc-linux-gnu/bin/../lib/gcc/nios2-elf/5.3.0/../../../../../H-x86_64-pc-linux-gnu/nios2-elf/lib/mno-hw-mul/libsmallc.a(lib_a-gettzinfo.o)
 .data          0x000000000000583c        0x0 /home/oscarjosueulatealpizar/intelFPGA_lite/18.1/nios2eds/bin/gnu/H-x86_64-pc-linux-gnu/bin/../lib/gcc/nios2-elf/5.3.0/../../../../../H-x86_64-pc-linux-gnu/nios2-elf/lib/mno-hw-mul/libsmallc.a(lib_a-gmtime_r.o)
 .data          0x000000000000583c        0x0 /home/oscarjosueulatealpizar/intelFPGA_lite/18.1/nios2eds/bin/gnu/H-x86_64-pc-linux-gnu/bin/../lib/gcc/nios2-elf/5.3.0/../../../../../H-x86_64-pc-linux-gnu/nios2-elf/lib/mno-hw-mul/libsmallc.a(lib_a-impure.o)
 .data.impure_data
                0x000000000000583c       0xe0 /home/oscarjosueulatealpizar/intelFPGA_lite/18.1/nios2eds/bin/gnu/H-x86_64-pc-linux-gnu/bin/../lib/gcc/nios2-elf/5.3.0/../../../../../H-x86_64-pc-linux-gnu/nios2-elf/lib/mno-hw-mul/libsmallc.a(lib_a-impure.o)
 .data          0x000000000000591c        0x0 /home/oscarjosueulatealpizar/intelFPGA_lite/18.1/nios2eds/bin/gnu/H-x86_64-pc-linux-gnu/bin/../lib/gcc/nios2-elf/5.3.0/../../../../../H-x86_64-pc-linux-gnu/nios2-elf/lib/mno-hw-mul/libsmallc.a(lib_a-int_errno.o)
 .data          0x000000000000591c        0x0 /home/oscarjosueulatealpizar/intelFPGA_lite/18.1/nios2eds/bin/gnu/H-x86_64-pc-linux-gnu/bin/../lib/gcc/nios2-elf/5.3.0/mno-hw-mul/libgcc.a(lib2-mul.o)
 .data          0x000000000000591c        0x0 ../alarm_code_bsp//libhal_bsp.a(alt_iic.o)
 .data          0x000000000000591c        0x0 ../alarm_code_bsp//libhal_bsp.a(alt_iic_isr_register.o)
 .data          0x000000000000591c        0x0 ../alarm_code_bsp//libhal_bsp.a(alt_irq_entry.o)
 .data          0x000000000000591c        0x0 ../alarm_code_bsp//libhal_bsp.a(alt_irq_handler.o)
 .data          0x000000000000591c        0x0 ../alarm_code_bsp//libhal_bsp.a(alt_irq_vars.o)
 .data          0x000000000000591c        0x0 ../alarm_code_bsp//libhal_bsp.a(alt_load.o)
 .data          0x000000000000591c        0x0 ../alarm_code_bsp//libhal_bsp.a(alt_main.o)
 .data          0x000000000000591c        0x0 ../alarm_code_bsp//libhal_bsp.a(alt_sbrk.o)
 .data          0x000000000000591c        0x0 ../alarm_code_bsp//libhal_bsp.a(alt_sys_init.o)
 .data          0x000000000000591c        0x0 ../alarm_code_bsp//libhal_bsp.a(alt_dcache_flush_all.o)
 .data          0x000000000000591c        0x0 ../alarm_code_bsp//libhal_bsp.a(alt_exception_entry.o)
 .data          0x000000000000591c        0x0 ../alarm_code_bsp//libhal_bsp.a(alt_icache_flush_all.o)
 .data          0x000000000000591c        0x0 ../alarm_code_bsp//libhal_bsp.a(alt_instruction_exception_entry.o)
 .data          0x000000000000591c        0x0 ../alarm_code_bsp//libhal_bsp.a(altera_nios2_gen2_irq.o)
                0x000000000000d91c                _gp = ABSOLUTE ((. + 0x8000))
                [!provide]                        PROVIDE (gp, _gp)
 *(.rwdata .rwdata.*)
 *(.sdata .sdata.* .gnu.linkonce.s.*)
 .sdata         0x000000000000591c       0x40 obj/default/hello_world_small.o
                0x000000000000591c                btns_prev
                0x0000000000005920                btns
                0x0000000000005924                leds
                0x0000000000005928                hex5
                0x000000000000592c                hex4
                0x0000000000005930                hex3
                0x0000000000005934                hex2
                0x0000000000005938                hex1
                0x000000000000593c                hex0
                0x0000000000005940                btn_edge_ptr
                0x0000000000005944                btn_mask_ptr
                0x0000000000005948                btn_direction_ptr
                0x000000000000594c                timer_edge_cap_ptr
                0x0000000000005950                timer_mask_ptr
                0x0000000000005954                timer_control_ptr
                0x0000000000005958                timer_status_ptr
 .sdata._tzname
                0x000000000000595c        0x8 /home/oscarjosueulatealpizar/intelFPGA_lite/18.1/nios2eds/bin/gnu/H-x86_64-pc-linux-gnu/bin/../lib/gcc/nios2-elf/5.3.0/../../../../../H-x86_64-pc-linux-gnu/nios2-elf/lib/mno-hw-mul/libsmallc.a(lib_a-tzvars.o)
                0x000000000000595c                _tzname
 .sdata._global_impure_ptr
                0x0000000000005964        0x4 /home/oscarjosueulatealpizar/intelFPGA_lite/18.1/nios2eds/bin/gnu/H-x86_64-pc-linux-gnu/bin/../lib/gcc/nios2-elf/5.3.0/../../../../../H-x86_64-pc-linux-gnu/nios2-elf/lib/mno-hw-mul/libsmallc.a(lib_a-impure.o)
                0x0000000000005964                _global_impure_ptr
 .sdata._impure_ptr
                0x0000000000005968        0x4 /home/oscarjosueulatealpizar/intelFPGA_lite/18.1/nios2eds/bin/gnu/H-x86_64-pc-linux-gnu/bin/../lib/gcc/nios2-elf/5.3.0/../../../../../H-x86_64-pc-linux-gnu/nios2-elf/lib/mno-hw-mul/libsmallc.a(lib_a-impure.o)
                0x0000000000005968                _impure_ptr
 .sdata         0x000000000000596c        0x4 ../alarm_code_bsp//libhal_bsp.a(alt_irq_vars.o)
                0x000000000000596c                alt_priority_mask
 .sdata         0x0000000000005970        0x4 ../alarm_code_bsp//libhal_bsp.a(alt_sbrk.o)
 .sdata         0x0000000000005974        0x4 ../alarm_code_bsp//libhal_bsp.a(alt_sys_init.o)
                0x0000000000005974                jtag_uart_0
 *(.sdata2 .sdata2.* .gnu.linkonce.s2.*)
                0x0000000000005978                . = ALIGN (0x4)
                0x0000000000005978                _edata = ABSOLUTE (.)
                [!provide]                        PROVIDE (edata, ABSOLUTE (.))
                0x0000000000005978                PROVIDE (__ram_rwdata_end, ABSOLUTE (.))
                0x0000000000005978                PROVIDE (__flash_rwdata_start, LOADADDR (.rwdata))

.bss            0x0000000000005af4      0x19c
                0x0000000000005af4                __bss_start = ABSOLUTE (.)
                [!provide]                        PROVIDE (__sbss_start, ABSOLUTE (.))
                [!provide]                        PROVIDE (___sbss_start, ABSOLUTE (.))
 *(.dynsbss)
 *(.sbss .sbss.* .gnu.linkonce.sb.*)
 .sbss          0x0000000000005af4        0xa obj/default/hello_world_small.o
                0x0000000000005af4                alarm
                0x0000000000005af8                now
                0x0000000000005afc                pos
 *fill*         0x0000000000005afe        0x2 
 .sbss          0x0000000000005b00       0x10 obj/default/hello_world_small.o
                0x0000000000005b00                edge_capture
                0x0000000000005b04                edge_capture_time
                0x0000000000005b08                state
                0x0000000000005b0c                new_time
 .sbss.__malloc_sbrk_start
                0x0000000000005b10        0x4 /home/oscarjosueulatealpizar/intelFPGA_lite/18.1/nios2eds/bin/gnu/H-x86_64-pc-linux-gnu/bin/../lib/gcc/nios2-elf/5.3.0/../../../../../H-x86_64-pc-linux-gnu/nios2-elf/lib/mno-hw-mul/libsmallc.a(lib_a-nano-mallocr.o)
                0x0000000000005b10                __malloc_sbrk_start
 .sbss.__malloc_free_list
                0x0000000000005b14        0x4 /home/oscarjosueulatealpizar/intelFPGA_lite/18.1/nios2eds/bin/gnu/H-x86_64-pc-linux-gnu/bin/../lib/gcc/nios2-elf/5.3.0/../../../../../H-x86_64-pc-linux-gnu/nios2-elf/lib/mno-hw-mul/libsmallc.a(lib_a-nano-mallocr.o)
                0x0000000000005b14                __malloc_free_list
 .sbss._timezone
                0x0000000000005b18        0x4 /home/oscarjosueulatealpizar/intelFPGA_lite/18.1/nios2eds/bin/gnu/H-x86_64-pc-linux-gnu/bin/../lib/gcc/nios2-elf/5.3.0/../../../../../H-x86_64-pc-linux-gnu/nios2-elf/lib/mno-hw-mul/libsmallc.a(lib_a-tzvars.o)
                0x0000000000005b18                _timezone
 .sbss._daylight
                0x0000000000005b1c        0x4 /home/oscarjosueulatealpizar/intelFPGA_lite/18.1/nios2eds/bin/gnu/H-x86_64-pc-linux-gnu/bin/../lib/gcc/nios2-elf/5.3.0/../../../../../H-x86_64-pc-linux-gnu/nios2-elf/lib/mno-hw-mul/libsmallc.a(lib_a-tzvars.o)
                0x0000000000005b1c                _daylight
 .sbss          0x0000000000005b20        0x4 /home/oscarjosueulatealpizar/intelFPGA_lite/18.1/nios2eds/bin/gnu/H-x86_64-pc-linux-gnu/bin/../lib/gcc/nios2-elf/5.3.0/../../../../../H-x86_64-pc-linux-gnu/nios2-elf/lib/mno-hw-mul/libsmallc.a(lib_a-int_errno.o)
                0x0000000000005b20                errno
 .sbss          0x0000000000005b24        0x4 ../alarm_code_bsp//libhal_bsp.a(alt_irq_vars.o)
                0x0000000000005b24                alt_irq_active
 .sbss          0x0000000000005b28        0xc ../alarm_code_bsp//libhal_bsp.a(alt_main.o)
                0x0000000000005b28                alt_envp
                0x0000000000005b2c                alt_argv
                0x0000000000005b30                alt_argc
 .sbss          0x0000000000005b34        0x4 ../alarm_code_bsp//libhal_bsp.a(alt_instruction_exception_entry.o)
                0x0000000000005b34                alt_instruction_exception_handler
 *(.sbss2 .sbss2.* .gnu.linkonce.sb2.*)
 *(.scommon)
                [!provide]                        PROVIDE (__sbss_end, ABSOLUTE (.))
                [!provide]                        PROVIDE (___sbss_end, ABSOLUTE (.))
 *(.dynbss)
 *(.bss .bss.* .gnu.linkonce.b.*)
 .bss           0x0000000000005b38        0x0 ../alarm_code_bsp//obj/HAL/src/crt0.o
 .bss           0x0000000000005b38        0x0 obj/default/hello_world_small.o
 .bss           0x0000000000005b38        0x0 /home/oscarjosueulatealpizar/intelFPGA_lite/18.1/nios2eds/bin/gnu/H-x86_64-pc-linux-gnu/bin/../lib/gcc/nios2-elf/5.3.0/mno-hw-mul/libgcc.a(lib2-divmod.o)
 .bss           0x0000000000005b38        0x0 /home/oscarjosueulatealpizar/intelFPGA_lite/18.1/nios2eds/bin/gnu/H-x86_64-pc-linux-gnu/bin/../lib/gcc/nios2-elf/5.3.0/../../../../../H-x86_64-pc-linux-gnu/nios2-elf/lib/mno-hw-mul/libsmallc.a(lib_a-lcltime.o)
 .bss           0x0000000000005b38        0x0 /home/oscarjosueulatealpizar/intelFPGA_lite/18.1/nios2eds/bin/gnu/H-x86_64-pc-linux-gnu/bin/../lib/gcc/nios2-elf/5.3.0/../../../../../H-x86_64-pc-linux-gnu/nios2-elf/lib/mno-hw-mul/libsmallc.a(lib_a-lcltime_r.o)
 .bss           0x0000000000005b38        0x0 /home/oscarjosueulatealpizar/intelFPGA_lite/18.1/nios2eds/bin/gnu/H-x86_64-pc-linux-gnu/bin/../lib/gcc/nios2-elf/5.3.0/../../../../../H-x86_64-pc-linux-gnu/nios2-elf/lib/mno-hw-mul/libsmallc.a(lib_a-malloc.o)
 .bss           0x0000000000005b38        0x0 /home/oscarjosueulatealpizar/intelFPGA_lite/18.1/nios2eds/bin/gnu/H-x86_64-pc-linux-gnu/bin/../lib/gcc/nios2-elf/5.3.0/../../../../../H-x86_64-pc-linux-gnu/nios2-elf/lib/mno-hw-mul/libsmallc.a(lib_a-memcpy.o)
 .bss           0x0000000000005b38        0x0 /home/oscarjosueulatealpizar/intelFPGA_lite/18.1/nios2eds/bin/gnu/H-x86_64-pc-linux-gnu/bin/../lib/gcc/nios2-elf/5.3.0/../../../../../H-x86_64-pc-linux-gnu/nios2-elf/lib/mno-hw-mul/libsmallc.a(lib_a-month_lengths.o)
 .bss           0x0000000000005b38        0x0 /home/oscarjosueulatealpizar/intelFPGA_lite/18.1/nios2eds/bin/gnu/H-x86_64-pc-linux-gnu/bin/../lib/gcc/nios2-elf/5.3.0/../../../../../H-x86_64-pc-linux-gnu/nios2-elf/lib/mno-hw-mul/libsmallc.a(lib_a-nano-freer.o)
 .bss           0x0000000000005b38        0x0 /home/oscarjosueulatealpizar/intelFPGA_lite/18.1/nios2eds/bin/gnu/H-x86_64-pc-linux-gnu/bin/../lib/gcc/nios2-elf/5.3.0/../../../../../H-x86_64-pc-linux-gnu/nios2-elf/lib/mno-hw-mul/libsmallc.a(lib_a-nano-mallocr.o)
 .bss           0x0000000000005b38        0x0 /home/oscarjosueulatealpizar/intelFPGA_lite/18.1/nios2eds/bin/gnu/H-x86_64-pc-linux-gnu/bin/../lib/gcc/nios2-elf/5.3.0/../../../../../H-x86_64-pc-linux-gnu/nios2-elf/lib/mno-hw-mul/libsmallc.a(lib_a-sbrkr.o)
 .bss           0x0000000000005b38        0x0 /home/oscarjosueulatealpizar/intelFPGA_lite/18.1/nios2eds/bin/gnu/H-x86_64-pc-linux-gnu/bin/../lib/gcc/nios2-elf/5.3.0/../../../../../H-x86_64-pc-linux-gnu/nios2-elf/lib/mno-hw-mul/libsmallc.a(lib_a-tzcalc_limits.o)
 .bss           0x0000000000005b38        0x0 /home/oscarjosueulatealpizar/intelFPGA_lite/18.1/nios2eds/bin/gnu/H-x86_64-pc-linux-gnu/bin/../lib/gcc/nios2-elf/5.3.0/../../../../../H-x86_64-pc-linux-gnu/nios2-elf/lib/mno-hw-mul/libsmallc.a(lib_a-tzlock.o)
 .bss           0x0000000000005b38        0x0 /home/oscarjosueulatealpizar/intelFPGA_lite/18.1/nios2eds/bin/gnu/H-x86_64-pc-linux-gnu/bin/../lib/gcc/nios2-elf/5.3.0/../../../../../H-x86_64-pc-linux-gnu/nios2-elf/lib/mno-hw-mul/libsmallc.a(lib_a-tzvars.o)
 .bss           0x0000000000005b38        0x0 /home/oscarjosueulatealpizar/intelFPGA_lite/18.1/nios2eds/bin/gnu/H-x86_64-pc-linux-gnu/bin/../lib/gcc/nios2-elf/5.3.0/../../../../../H-x86_64-pc-linux-gnu/nios2-elf/lib/mno-hw-mul/libsmallc.a(lib_a-gettzinfo.o)
 .bss           0x0000000000005b38        0x0 /home/oscarjosueulatealpizar/intelFPGA_lite/18.1/nios2eds/bin/gnu/H-x86_64-pc-linux-gnu/bin/../lib/gcc/nios2-elf/5.3.0/../../../../../H-x86_64-pc-linux-gnu/nios2-elf/lib/mno-hw-mul/libsmallc.a(lib_a-gmtime_r.o)
 .bss           0x0000000000005b38        0x0 /home/oscarjosueulatealpizar/intelFPGA_lite/18.1/nios2eds/bin/gnu/H-x86_64-pc-linux-gnu/bin/../lib/gcc/nios2-elf/5.3.0/../../../../../H-x86_64-pc-linux-gnu/nios2-elf/lib/mno-hw-mul/libsmallc.a(lib_a-impure.o)
 .bss           0x0000000000005b38        0x0 /home/oscarjosueulatealpizar/intelFPGA_lite/18.1/nios2eds/bin/gnu/H-x86_64-pc-linux-gnu/bin/../lib/gcc/nios2-elf/5.3.0/../../../../../H-x86_64-pc-linux-gnu/nios2-elf/lib/mno-hw-mul/libsmallc.a(lib_a-int_errno.o)
 .bss           0x0000000000005b38        0x0 /home/oscarjosueulatealpizar/intelFPGA_lite/18.1/nios2eds/bin/gnu/H-x86_64-pc-linux-gnu/bin/../lib/gcc/nios2-elf/5.3.0/mno-hw-mul/libgcc.a(lib2-mul.o)
 .bss           0x0000000000005b38        0x0 ../alarm_code_bsp//libhal_bsp.a(alt_iic.o)
 .bss           0x0000000000005b38        0x0 ../alarm_code_bsp//libhal_bsp.a(alt_iic_isr_register.o)
 .bss           0x0000000000005b38        0x0 ../alarm_code_bsp//libhal_bsp.a(alt_irq_entry.o)
 .bss           0x0000000000005b38        0x0 ../alarm_code_bsp//libhal_bsp.a(alt_irq_handler.o)
 .bss           0x0000000000005b38        0x0 ../alarm_code_bsp//libhal_bsp.a(alt_irq_vars.o)
 .bss           0x0000000000005b38        0x0 ../alarm_code_bsp//libhal_bsp.a(alt_load.o)
 .bss           0x0000000000005b38        0x0 ../alarm_code_bsp//libhal_bsp.a(alt_main.o)
 .bss           0x0000000000005b38        0x0 ../alarm_code_bsp//libhal_bsp.a(alt_sbrk.o)
 .bss           0x0000000000005b38        0x0 ../alarm_code_bsp//libhal_bsp.a(alt_sys_init.o)
 .bss           0x0000000000005b38        0x0 ../alarm_code_bsp//libhal_bsp.a(alt_dcache_flush_all.o)
 .bss           0x0000000000005b38        0x0 ../alarm_code_bsp//libhal_bsp.a(alt_exception_entry.o)
 .bss           0x0000000000005b38        0x0 ../alarm_code_bsp//libhal_bsp.a(alt_icache_flush_all.o)
 .bss           0x0000000000005b38        0x0 ../alarm_code_bsp//libhal_bsp.a(alt_instruction_exception_entry.o)
 .bss           0x0000000000005b38        0x0 ../alarm_code_bsp//libhal_bsp.a(altera_nios2_gen2_irq.o)
 *(COMMON)
 COMMON         0x0000000000005b38       0x58 obj/default/hello_world_small.o
                0x0000000000005b38                ts
                0x0000000000005b64                alarm_ts
 COMMON         0x0000000000005b90      0x100 ../alarm_code_bsp//libhal_bsp.a(alt_irq_handler.o)
                0x0000000000005b90                alt_irq
                0x0000000000005c90                . = ALIGN (0x4)
                0x0000000000005c90                __bss_end = ABSOLUTE (.)

.onchip_memory2_0
                0x0000000000005c90        0x0
                [!provide]                        PROVIDE (_alt_partition_onchip_memory2_0_start, ABSOLUTE (.))
 *(.onchip_memory2_0 .onchip_memory2_0. onchip_memory2_0.*)
                0x0000000000005c90                . = ALIGN (0x4)
                [!provide]                        PROVIDE (_alt_partition_onchip_memory2_0_end, ABSOLUTE (.))
                0x0000000000005c90                _end = ABSOLUTE (.)
                0x0000000000005c90                end = ABSOLUTE (.)
                0x0000000000005c90                __alt_stack_base = ABSOLUTE (.)
                [!provide]                        PROVIDE (_alt_partition_onchip_memory2_0_load_addr, LOADADDR (.onchip_memory2_0))

.stab
 *(.stab)

.stabstr
 *(.stabstr)

.stab.excl
 *(.stab.excl)

.stab.exclstr
 *(.stab.exclstr)

.stab.index
 *(.stab.index)

.stab.indexstr
 *(.stab.indexstr)

.comment        0x0000000000000000       0x23
 *(.comment)
 .comment       0x0000000000000000       0x23 obj/default/hello_world_small.o
                                         0x24 (size before relaxing)
 .comment       0x0000000000000023       0x24 /home/oscarjosueulatealpizar/intelFPGA_lite/18.1/nios2eds/bin/gnu/H-x86_64-pc-linux-gnu/bin/../lib/gcc/nios2-elf/5.3.0/mno-hw-mul/libgcc.a(lib2-divmod.o)
 .comment       0x0000000000000023       0x24 /home/oscarjosueulatealpizar/intelFPGA_lite/18.1/nios2eds/bin/gnu/H-x86_64-pc-linux-gnu/bin/../lib/gcc/nios2-elf/5.3.0/../../../../../H-x86_64-pc-linux-gnu/nios2-elf/lib/mno-hw-mul/libsmallc.a(lib_a-lcltime.o)
 .comment       0x0000000000000023       0x24 /home/oscarjosueulatealpizar/intelFPGA_lite/18.1/nios2eds/bin/gnu/H-x86_64-pc-linux-gnu/bin/../lib/gcc/nios2-elf/5.3.0/../../../../../H-x86_64-pc-linux-gnu/nios2-elf/lib/mno-hw-mul/libsmallc.a(lib_a-lcltime_r.o)
 .comment       0x0000000000000023       0x24 /home/oscarjosueulatealpizar/intelFPGA_lite/18.1/nios2eds/bin/gnu/H-x86_64-pc-linux-gnu/bin/../lib/gcc/nios2-elf/5.3.0/../../../../../H-x86_64-pc-linux-gnu/nios2-elf/lib/mno-hw-mul/libsmallc.a(lib_a-malloc.o)
 .comment       0x0000000000000023       0x24 /home/oscarjosueulatealpizar/intelFPGA_lite/18.1/nios2eds/bin/gnu/H-x86_64-pc-linux-gnu/bin/../lib/gcc/nios2-elf/5.3.0/../../../../../H-x86_64-pc-linux-gnu/nios2-elf/lib/mno-hw-mul/libsmallc.a(lib_a-memcpy.o)
 .comment       0x0000000000000023       0x24 /home/oscarjosueulatealpizar/intelFPGA_lite/18.1/nios2eds/bin/gnu/H-x86_64-pc-linux-gnu/bin/../lib/gcc/nios2-elf/5.3.0/../../../../../H-x86_64-pc-linux-gnu/nios2-elf/lib/mno-hw-mul/libsmallc.a(lib_a-month_lengths.o)
 .comment       0x0000000000000023       0x24 /home/oscarjosueulatealpizar/intelFPGA_lite/18.1/nios2eds/bin/gnu/H-x86_64-pc-linux-gnu/bin/../lib/gcc/nios2-elf/5.3.0/../../../../../H-x86_64-pc-linux-gnu/nios2-elf/lib/mno-hw-mul/libsmallc.a(lib_a-nano-freer.o)
 .comment       0x0000000000000023       0x24 /home/oscarjosueulatealpizar/intelFPGA_lite/18.1/nios2eds/bin/gnu/H-x86_64-pc-linux-gnu/bin/../lib/gcc/nios2-elf/5.3.0/../../../../../H-x86_64-pc-linux-gnu/nios2-elf/lib/mno-hw-mul/libsmallc.a(lib_a-nano-mallocr.o)
 .comment       0x0000000000000023       0x24 /home/oscarjosueulatealpizar/intelFPGA_lite/18.1/nios2eds/bin/gnu/H-x86_64-pc-linux-gnu/bin/../lib/gcc/nios2-elf/5.3.0/../../../../../H-x86_64-pc-linux-gnu/nios2-elf/lib/mno-hw-mul/libsmallc.a(lib_a-sbrkr.o)
 .comment       0x0000000000000023       0x24 /home/oscarjosueulatealpizar/intelFPGA_lite/18.1/nios2eds/bin/gnu/H-x86_64-pc-linux-gnu/bin/../lib/gcc/nios2-elf/5.3.0/../../../../../H-x86_64-pc-linux-gnu/nios2-elf/lib/mno-hw-mul/libsmallc.a(lib_a-tzcalc_limits.o)
 .comment       0x0000000000000023       0x24 /home/oscarjosueulatealpizar/intelFPGA_lite/18.1/nios2eds/bin/gnu/H-x86_64-pc-linux-gnu/bin/../lib/gcc/nios2-elf/5.3.0/../../../../../H-x86_64-pc-linux-gnu/nios2-elf/lib/mno-hw-mul/libsmallc.a(lib_a-tzlock.o)
 .comment       0x0000000000000023       0x24 /home/oscarjosueulatealpizar/intelFPGA_lite/18.1/nios2eds/bin/gnu/H-x86_64-pc-linux-gnu/bin/../lib/gcc/nios2-elf/5.3.0/../../../../../H-x86_64-pc-linux-gnu/nios2-elf/lib/mno-hw-mul/libsmallc.a(lib_a-tzvars.o)
 .comment       0x0000000000000023       0x24 /home/oscarjosueulatealpizar/intelFPGA_lite/18.1/nios2eds/bin/gnu/H-x86_64-pc-linux-gnu/bin/../lib/gcc/nios2-elf/5.3.0/../../../../../H-x86_64-pc-linux-gnu/nios2-elf/lib/mno-hw-mul/libsmallc.a(lib_a-gettzinfo.o)
 .comment       0x0000000000000023       0x24 /home/oscarjosueulatealpizar/intelFPGA_lite/18.1/nios2eds/bin/gnu/H-x86_64-pc-linux-gnu/bin/../lib/gcc/nios2-elf/5.3.0/../../../../../H-x86_64-pc-linux-gnu/nios2-elf/lib/mno-hw-mul/libsmallc.a(lib_a-gmtime_r.o)
 .comment       0x0000000000000023       0x24 /home/oscarjosueulatealpizar/intelFPGA_lite/18.1/nios2eds/bin/gnu/H-x86_64-pc-linux-gnu/bin/../lib/gcc/nios2-elf/5.3.0/../../../../../H-x86_64-pc-linux-gnu/nios2-elf/lib/mno-hw-mul/libsmallc.a(lib_a-impure.o)
 .comment       0x0000000000000023       0x24 /home/oscarjosueulatealpizar/intelFPGA_lite/18.1/nios2eds/bin/gnu/H-x86_64-pc-linux-gnu/bin/../lib/gcc/nios2-elf/5.3.0/../../../../../H-x86_64-pc-linux-gnu/nios2-elf/lib/mno-hw-mul/libsmallc.a(lib_a-int_errno.o)
 .comment       0x0000000000000023       0x24 /home/oscarjosueulatealpizar/intelFPGA_lite/18.1/nios2eds/bin/gnu/H-x86_64-pc-linux-gnu/bin/../lib/gcc/nios2-elf/5.3.0/mno-hw-mul/libgcc.a(lib2-mul.o)
 .comment       0x0000000000000023       0x24 ../alarm_code_bsp//libhal_bsp.a(alt_iic.o)
 .comment       0x0000000000000023       0x24 ../alarm_code_bsp//libhal_bsp.a(alt_iic_isr_register.o)
 .comment       0x0000000000000023       0x24 ../alarm_code_bsp//libhal_bsp.a(alt_irq_handler.o)
 .comment       0x0000000000000023       0x24 ../alarm_code_bsp//libhal_bsp.a(alt_irq_vars.o)
 .comment       0x0000000000000023       0x24 ../alarm_code_bsp//libhal_bsp.a(alt_load.o)
 .comment       0x0000000000000023       0x24 ../alarm_code_bsp//libhal_bsp.a(alt_main.o)
 .comment       0x0000000000000023       0x24 ../alarm_code_bsp//libhal_bsp.a(alt_sbrk.o)
 .comment       0x0000000000000023       0x24 ../alarm_code_bsp//libhal_bsp.a(alt_sys_init.o)
 .comment       0x0000000000000023       0x24 ../alarm_code_bsp//libhal_bsp.a(alt_dcache_flush_all.o)
 .comment       0x0000000000000023       0x24 ../alarm_code_bsp//libhal_bsp.a(alt_icache_flush_all.o)
 .comment       0x0000000000000023       0x24 ../alarm_code_bsp//libhal_bsp.a(alt_instruction_exception_entry.o)
 .comment       0x0000000000000023       0x24 ../alarm_code_bsp//libhal_bsp.a(altera_nios2_gen2_irq.o)

.debug
 *(.debug)

.line
 *(.line)

.debug_srcinfo
 *(.debug_srcinfo)

.debug_sfnames
 *(.debug_sfnames)

.debug_aranges  0x0000000000000000      0x440
 *(.debug_aranges)
 .debug_aranges
                0x0000000000000000       0x28 ../alarm_code_bsp//obj/HAL/src/crt0.o
 .debug_aranges
                0x0000000000000028       0x28 obj/default/hello_world_small.o
 .debug_aranges
                0x0000000000000050       0x20 /home/oscarjosueulatealpizar/intelFPGA_lite/18.1/nios2eds/bin/gnu/H-x86_64-pc-linux-gnu/bin/../lib/gcc/nios2-elf/5.3.0/mno-hw-mul/libgcc.a(lib2-divmod.o)
 .debug_aranges
                0x0000000000000070       0x20 /home/oscarjosueulatealpizar/intelFPGA_lite/18.1/nios2eds/bin/gnu/H-x86_64-pc-linux-gnu/bin/../lib/gcc/nios2-elf/5.3.0/../../../../../H-x86_64-pc-linux-gnu/nios2-elf/lib/mno-hw-mul/libsmallc.a(lib_a-lcltime.o)
 .debug_aranges
                0x0000000000000090       0x20 /home/oscarjosueulatealpizar/intelFPGA_lite/18.1/nios2eds/bin/gnu/H-x86_64-pc-linux-gnu/bin/../lib/gcc/nios2-elf/5.3.0/../../../../../H-x86_64-pc-linux-gnu/nios2-elf/lib/mno-hw-mul/libsmallc.a(lib_a-lcltime_r.o)
 .debug_aranges
                0x00000000000000b0       0x28 /home/oscarjosueulatealpizar/intelFPGA_lite/18.1/nios2eds/bin/gnu/H-x86_64-pc-linux-gnu/bin/../lib/gcc/nios2-elf/5.3.0/../../../../../H-x86_64-pc-linux-gnu/nios2-elf/lib/mno-hw-mul/libsmallc.a(lib_a-malloc.o)
 .debug_aranges
                0x00000000000000d8       0x20 /home/oscarjosueulatealpizar/intelFPGA_lite/18.1/nios2eds/bin/gnu/H-x86_64-pc-linux-gnu/bin/../lib/gcc/nios2-elf/5.3.0/../../../../../H-x86_64-pc-linux-gnu/nios2-elf/lib/mno-hw-mul/libsmallc.a(lib_a-memcpy.o)
 .debug_aranges
                0x00000000000000f8       0x18 /home/oscarjosueulatealpizar/intelFPGA_lite/18.1/nios2eds/bin/gnu/H-x86_64-pc-linux-gnu/bin/../lib/gcc/nios2-elf/5.3.0/../../../../../H-x86_64-pc-linux-gnu/nios2-elf/lib/mno-hw-mul/libsmallc.a(lib_a-month_lengths.o)
 .debug_aranges
                0x0000000000000110       0x20 /home/oscarjosueulatealpizar/intelFPGA_lite/18.1/nios2eds/bin/gnu/H-x86_64-pc-linux-gnu/bin/../lib/gcc/nios2-elf/5.3.0/../../../../../H-x86_64-pc-linux-gnu/nios2-elf/lib/mno-hw-mul/libsmallc.a(lib_a-nano-freer.o)
 .debug_aranges
                0x0000000000000130       0x20 /home/oscarjosueulatealpizar/intelFPGA_lite/18.1/nios2eds/bin/gnu/H-x86_64-pc-linux-gnu/bin/../lib/gcc/nios2-elf/5.3.0/../../../../../H-x86_64-pc-linux-gnu/nios2-elf/lib/mno-hw-mul/libsmallc.a(lib_a-nano-mallocr.o)
 .debug_aranges
                0x0000000000000150       0x20 /home/oscarjosueulatealpizar/intelFPGA_lite/18.1/nios2eds/bin/gnu/H-x86_64-pc-linux-gnu/bin/../lib/gcc/nios2-elf/5.3.0/../../../../../H-x86_64-pc-linux-gnu/nios2-elf/lib/mno-hw-mul/libsmallc.a(lib_a-sbrkr.o)
 .debug_aranges
                0x0000000000000170       0x20 /home/oscarjosueulatealpizar/intelFPGA_lite/18.1/nios2eds/bin/gnu/H-x86_64-pc-linux-gnu/bin/../lib/gcc/nios2-elf/5.3.0/../../../../../H-x86_64-pc-linux-gnu/nios2-elf/lib/mno-hw-mul/libsmallc.a(lib_a-tzcalc_limits.o)
 .debug_aranges
                0x0000000000000190       0x20 /home/oscarjosueulatealpizar/intelFPGA_lite/18.1/nios2eds/bin/gnu/H-x86_64-pc-linux-gnu/bin/../lib/gcc/nios2-elf/5.3.0/../../../../../H-x86_64-pc-linux-gnu/nios2-elf/lib/mno-hw-mul/libsmallc.a(lib_a-tzlock.o)
 .debug_aranges
                0x00000000000001b0       0x18 /home/oscarjosueulatealpizar/intelFPGA_lite/18.1/nios2eds/bin/gnu/H-x86_64-pc-linux-gnu/bin/../lib/gcc/nios2-elf/5.3.0/../../../../../H-x86_64-pc-linux-gnu/nios2-elf/lib/mno-hw-mul/libsmallc.a(lib_a-tzvars.o)
 .debug_aranges
                0x00000000000001c8       0x20 /home/oscarjosueulatealpizar/intelFPGA_lite/18.1/nios2eds/bin/gnu/H-x86_64-pc-linux-gnu/bin/../lib/gcc/nios2-elf/5.3.0/../../../../../H-x86_64-pc-linux-gnu/nios2-elf/lib/mno-hw-mul/libsmallc.a(lib_a-gettzinfo.o)
 .debug_aranges
                0x00000000000001e8       0x20 /home/oscarjosueulatealpizar/intelFPGA_lite/18.1/nios2eds/bin/gnu/H-x86_64-pc-linux-gnu/bin/../lib/gcc/nios2-elf/5.3.0/../../../../../H-x86_64-pc-linux-gnu/nios2-elf/lib/mno-hw-mul/libsmallc.a(lib_a-gmtime_r.o)
 .debug_aranges
                0x0000000000000208       0x18 /home/oscarjosueulatealpizar/intelFPGA_lite/18.1/nios2eds/bin/gnu/H-x86_64-pc-linux-gnu/bin/../lib/gcc/nios2-elf/5.3.0/../../../../../H-x86_64-pc-linux-gnu/nios2-elf/lib/mno-hw-mul/libsmallc.a(lib_a-impure.o)
 .debug_aranges
                0x0000000000000220       0x18 /home/oscarjosueulatealpizar/intelFPGA_lite/18.1/nios2eds/bin/gnu/H-x86_64-pc-linux-gnu/bin/../lib/gcc/nios2-elf/5.3.0/../../../../../H-x86_64-pc-linux-gnu/nios2-elf/lib/mno-hw-mul/libsmallc.a(lib_a-int_errno.o)
 .debug_aranges
                0x0000000000000238       0x20 /home/oscarjosueulatealpizar/intelFPGA_lite/18.1/nios2eds/bin/gnu/H-x86_64-pc-linux-gnu/bin/../lib/gcc/nios2-elf/5.3.0/mno-hw-mul/libgcc.a(lib2-mul.o)
 .debug_aranges
                0x0000000000000258       0x20 ../alarm_code_bsp//libhal_bsp.a(alt_iic.o)
 .debug_aranges
                0x0000000000000278       0x20 ../alarm_code_bsp//libhal_bsp.a(alt_iic_isr_register.o)
 .debug_aranges
                0x0000000000000298       0x30 ../alarm_code_bsp//libhal_bsp.a(alt_irq_entry.o)
 .debug_aranges
                0x00000000000002c8       0x20 ../alarm_code_bsp//libhal_bsp.a(alt_irq_handler.o)
 .debug_aranges
                0x00000000000002e8       0x18 ../alarm_code_bsp//libhal_bsp.a(alt_irq_vars.o)
 .debug_aranges
                0x0000000000000300       0x20 ../alarm_code_bsp//libhal_bsp.a(alt_load.o)
 .debug_aranges
                0x0000000000000320       0x20 ../alarm_code_bsp//libhal_bsp.a(alt_main.o)
 .debug_aranges
                0x0000000000000340       0x20 ../alarm_code_bsp//libhal_bsp.a(alt_sbrk.o)
 .debug_aranges
                0x0000000000000360       0x20 ../alarm_code_bsp//libhal_bsp.a(alt_sys_init.o)
 .debug_aranges
                0x0000000000000380       0x20 ../alarm_code_bsp//libhal_bsp.a(alt_dcache_flush_all.o)
 .debug_aranges
                0x00000000000003a0       0x38 ../alarm_code_bsp//libhal_bsp.a(alt_exception_entry.o)
 .debug_aranges
                0x00000000000003d8       0x20 ../alarm_code_bsp//libhal_bsp.a(alt_icache_flush_all.o)
 .debug_aranges
                0x00000000000003f8       0x28 ../alarm_code_bsp//libhal_bsp.a(alt_instruction_exception_entry.o)
 .debug_aranges
                0x0000000000000420       0x20 ../alarm_code_bsp//libhal_bsp.a(altera_nios2_gen2_irq.o)

.debug_pubnames
 *(.debug_pubnames)

.debug_info     0x0000000000000000     0x5113
 *(.debug_info .gnu.linkonce.wi.*)
 .debug_info    0x0000000000000000       0x73 ../alarm_code_bsp//obj/HAL/src/crt0.o
 .debug_info    0x0000000000000073      0x697 obj/default/hello_world_small.o
 .debug_info    0x000000000000070a      0x2c6 /home/oscarjosueulatealpizar/intelFPGA_lite/18.1/nios2eds/bin/gnu/H-x86_64-pc-linux-gnu/bin/../lib/gcc/nios2-elf/5.3.0/mno-hw-mul/libgcc.a(lib2-divmod.o)
 .debug_info    0x00000000000009d0      0x6d6 /home/oscarjosueulatealpizar/intelFPGA_lite/18.1/nios2eds/bin/gnu/H-x86_64-pc-linux-gnu/bin/../lib/gcc/nios2-elf/5.3.0/../../../../../H-x86_64-pc-linux-gnu/nios2-elf/lib/mno-hw-mul/libsmallc.a(lib_a-lcltime.o)
 .debug_info    0x00000000000010a6      0x346 /home/oscarjosueulatealpizar/intelFPGA_lite/18.1/nios2eds/bin/gnu/H-x86_64-pc-linux-gnu/bin/../lib/gcc/nios2-elf/5.3.0/../../../../../H-x86_64-pc-linux-gnu/nios2-elf/lib/mno-hw-mul/libsmallc.a(lib_a-lcltime_r.o)
 .debug_info    0x00000000000013ec      0x619 /home/oscarjosueulatealpizar/intelFPGA_lite/18.1/nios2eds/bin/gnu/H-x86_64-pc-linux-gnu/bin/../lib/gcc/nios2-elf/5.3.0/../../../../../H-x86_64-pc-linux-gnu/nios2-elf/lib/mno-hw-mul/libsmallc.a(lib_a-malloc.o)
 .debug_info    0x0000000000001a05      0x119 /home/oscarjosueulatealpizar/intelFPGA_lite/18.1/nios2eds/bin/gnu/H-x86_64-pc-linux-gnu/bin/../lib/gcc/nios2-elf/5.3.0/../../../../../H-x86_64-pc-linux-gnu/nios2-elf/lib/mno-hw-mul/libsmallc.a(lib_a-memcpy.o)
 .debug_info    0x0000000000001b1e       0xa5 /home/oscarjosueulatealpizar/intelFPGA_lite/18.1/nios2eds/bin/gnu/H-x86_64-pc-linux-gnu/bin/../lib/gcc/nios2-elf/5.3.0/../../../../../H-x86_64-pc-linux-gnu/nios2-elf/lib/mno-hw-mul/libsmallc.a(lib_a-month_lengths.o)
 .debug_info    0x0000000000001bc3      0x68c /home/oscarjosueulatealpizar/intelFPGA_lite/18.1/nios2eds/bin/gnu/H-x86_64-pc-linux-gnu/bin/../lib/gcc/nios2-elf/5.3.0/../../../../../H-x86_64-pc-linux-gnu/nios2-elf/lib/mno-hw-mul/libsmallc.a(lib_a-nano-freer.o)
 .debug_info    0x000000000000224f      0x752 /home/oscarjosueulatealpizar/intelFPGA_lite/18.1/nios2eds/bin/gnu/H-x86_64-pc-linux-gnu/bin/../lib/gcc/nios2-elf/5.3.0/../../../../../H-x86_64-pc-linux-gnu/nios2-elf/lib/mno-hw-mul/libsmallc.a(lib_a-nano-mallocr.o)
 .debug_info    0x00000000000029a1      0x608 /home/oscarjosueulatealpizar/intelFPGA_lite/18.1/nios2eds/bin/gnu/H-x86_64-pc-linux-gnu/bin/../lib/gcc/nios2-elf/5.3.0/../../../../../H-x86_64-pc-linux-gnu/nios2-elf/lib/mno-hw-mul/libsmallc.a(lib_a-sbrkr.o)
 .debug_info    0x0000000000002fa9      0x262 /home/oscarjosueulatealpizar/intelFPGA_lite/18.1/nios2eds/bin/gnu/H-x86_64-pc-linux-gnu/bin/../lib/gcc/nios2-elf/5.3.0/../../../../../H-x86_64-pc-linux-gnu/nios2-elf/lib/mno-hw-mul/libsmallc.a(lib_a-tzcalc_limits.o)
 .debug_info    0x000000000000320b       0xa4 /home/oscarjosueulatealpizar/intelFPGA_lite/18.1/nios2eds/bin/gnu/H-x86_64-pc-linux-gnu/bin/../lib/gcc/nios2-elf/5.3.0/../../../../../H-x86_64-pc-linux-gnu/nios2-elf/lib/mno-hw-mul/libsmallc.a(lib_a-tzlock.o)
 .debug_info    0x00000000000032af       0xc2 /home/oscarjosueulatealpizar/intelFPGA_lite/18.1/nios2eds/bin/gnu/H-x86_64-pc-linux-gnu/bin/../lib/gcc/nios2-elf/5.3.0/../../../../../H-x86_64-pc-linux-gnu/nios2-elf/lib/mno-hw-mul/libsmallc.a(lib_a-tzvars.o)
 .debug_info    0x0000000000003371      0x167 /home/oscarjosueulatealpizar/intelFPGA_lite/18.1/nios2eds/bin/gnu/H-x86_64-pc-linux-gnu/bin/../lib/gcc/nios2-elf/5.3.0/../../../../../H-x86_64-pc-linux-gnu/nios2-elf/lib/mno-hw-mul/libsmallc.a(lib_a-gettzinfo.o)
 .debug_info    0x00000000000034d8      0x25e /home/oscarjosueulatealpizar/intelFPGA_lite/18.1/nios2eds/bin/gnu/H-x86_64-pc-linux-gnu/bin/../lib/gcc/nios2-elf/5.3.0/../../../../../H-x86_64-pc-linux-gnu/nios2-elf/lib/mno-hw-mul/libsmallc.a(lib_a-gmtime_r.o)
 .debug_info    0x0000000000003736      0x5a9 /home/oscarjosueulatealpizar/intelFPGA_lite/18.1/nios2eds/bin/gnu/H-x86_64-pc-linux-gnu/bin/../lib/gcc/nios2-elf/5.3.0/../../../../../H-x86_64-pc-linux-gnu/nios2-elf/lib/mno-hw-mul/libsmallc.a(lib_a-impure.o)
 .debug_info    0x0000000000003cdf       0x8a /home/oscarjosueulatealpizar/intelFPGA_lite/18.1/nios2eds/bin/gnu/H-x86_64-pc-linux-gnu/bin/../lib/gcc/nios2-elf/5.3.0/../../../../../H-x86_64-pc-linux-gnu/nios2-elf/lib/mno-hw-mul/libsmallc.a(lib_a-int_errno.o)
 .debug_info    0x0000000000003d69       0xb4 /home/oscarjosueulatealpizar/intelFPGA_lite/18.1/nios2eds/bin/gnu/H-x86_64-pc-linux-gnu/bin/../lib/gcc/nios2-elf/5.3.0/mno-hw-mul/libgcc.a(lib2-mul.o)
 .debug_info    0x0000000000003e1d      0x38a ../alarm_code_bsp//libhal_bsp.a(alt_iic.o)
 .debug_info    0x00000000000041a7      0x232 ../alarm_code_bsp//libhal_bsp.a(alt_iic_isr_register.o)
 .debug_info    0x00000000000043d9       0x7c ../alarm_code_bsp//libhal_bsp.a(alt_irq_entry.o)
 .debug_info    0x0000000000004455      0x184 ../alarm_code_bsp//libhal_bsp.a(alt_irq_handler.o)
 .debug_info    0x00000000000045d9       0x88 ../alarm_code_bsp//libhal_bsp.a(alt_irq_vars.o)
 .debug_info    0x0000000000004661      0x1c9 ../alarm_code_bsp//libhal_bsp.a(alt_load.o)
 .debug_info    0x000000000000482a      0x169 ../alarm_code_bsp//libhal_bsp.a(alt_main.o)
 .debug_info    0x0000000000004993      0x1ae ../alarm_code_bsp//libhal_bsp.a(alt_sbrk.o)
 .debug_info    0x0000000000004b41      0x19d ../alarm_code_bsp//libhal_bsp.a(alt_sys_init.o)
 .debug_info    0x0000000000004cde       0x92 ../alarm_code_bsp//libhal_bsp.a(alt_dcache_flush_all.o)
 .debug_info    0x0000000000004d70       0x82 ../alarm_code_bsp//libhal_bsp.a(alt_exception_entry.o)
 .debug_info    0x0000000000004df2       0x92 ../alarm_code_bsp//libhal_bsp.a(alt_icache_flush_all.o)
 .debug_info    0x0000000000004e84      0x1fd ../alarm_code_bsp//libhal_bsp.a(alt_instruction_exception_entry.o)
 .debug_info    0x0000000000005081       0x92 ../alarm_code_bsp//libhal_bsp.a(altera_nios2_gen2_irq.o)

.debug_abbrev   0x0000000000000000     0x1eb8
 *(.debug_abbrev)
 .debug_abbrev  0x0000000000000000       0x12 ../alarm_code_bsp//obj/HAL/src/crt0.o
 .debug_abbrev  0x0000000000000012      0x231 obj/default/hello_world_small.o
 .debug_abbrev  0x0000000000000243      0x10e /home/oscarjosueulatealpizar/intelFPGA_lite/18.1/nios2eds/bin/gnu/H-x86_64-pc-linux-gnu/bin/../lib/gcc/nios2-elf/5.3.0/mno-hw-mul/libgcc.a(lib2-divmod.o)
 .debug_abbrev  0x0000000000000351      0x1f7 /home/oscarjosueulatealpizar/intelFPGA_lite/18.1/nios2eds/bin/gnu/H-x86_64-pc-linux-gnu/bin/../lib/gcc/nios2-elf/5.3.0/../../../../../H-x86_64-pc-linux-gnu/nios2-elf/lib/mno-hw-mul/libsmallc.a(lib_a-lcltime.o)
 .debug_abbrev  0x0000000000000548      0x13a /home/oscarjosueulatealpizar/intelFPGA_lite/18.1/nios2eds/bin/gnu/H-x86_64-pc-linux-gnu/bin/../lib/gcc/nios2-elf/5.3.0/../../../../../H-x86_64-pc-linux-gnu/nios2-elf/lib/mno-hw-mul/libsmallc.a(lib_a-lcltime_r.o)
 .debug_abbrev  0x0000000000000682      0x1af /home/oscarjosueulatealpizar/intelFPGA_lite/18.1/nios2eds/bin/gnu/H-x86_64-pc-linux-gnu/bin/../lib/gcc/nios2-elf/5.3.0/../../../../../H-x86_64-pc-linux-gnu/nios2-elf/lib/mno-hw-mul/libsmallc.a(lib_a-malloc.o)
 .debug_abbrev  0x0000000000000831       0x9c /home/oscarjosueulatealpizar/intelFPGA_lite/18.1/nios2eds/bin/gnu/H-x86_64-pc-linux-gnu/bin/../lib/gcc/nios2-elf/5.3.0/../../../../../H-x86_64-pc-linux-gnu/nios2-elf/lib/mno-hw-mul/libsmallc.a(lib_a-memcpy.o)
 .debug_abbrev  0x00000000000008cd       0x50 /home/oscarjosueulatealpizar/intelFPGA_lite/18.1/nios2eds/bin/gnu/H-x86_64-pc-linux-gnu/bin/../lib/gcc/nios2-elf/5.3.0/../../../../../H-x86_64-pc-linux-gnu/nios2-elf/lib/mno-hw-mul/libsmallc.a(lib_a-month_lengths.o)
 .debug_abbrev  0x000000000000091d      0x1dd /home/oscarjosueulatealpizar/intelFPGA_lite/18.1/nios2eds/bin/gnu/H-x86_64-pc-linux-gnu/bin/../lib/gcc/nios2-elf/5.3.0/../../../../../H-x86_64-pc-linux-gnu/nios2-elf/lib/mno-hw-mul/libsmallc.a(lib_a-nano-freer.o)
 .debug_abbrev  0x0000000000000afa      0x269 /home/oscarjosueulatealpizar/intelFPGA_lite/18.1/nios2eds/bin/gnu/H-x86_64-pc-linux-gnu/bin/../lib/gcc/nios2-elf/5.3.0/../../../../../H-x86_64-pc-linux-gnu/nios2-elf/lib/mno-hw-mul/libsmallc.a(lib_a-nano-mallocr.o)
 .debug_abbrev  0x0000000000000d63      0x1c5 /home/oscarjosueulatealpizar/intelFPGA_lite/18.1/nios2eds/bin/gnu/H-x86_64-pc-linux-gnu/bin/../lib/gcc/nios2-elf/5.3.0/../../../../../H-x86_64-pc-linux-gnu/nios2-elf/lib/mno-hw-mul/libsmallc.a(lib_a-sbrkr.o)
 .debug_abbrev  0x0000000000000f28      0x105 /home/oscarjosueulatealpizar/intelFPGA_lite/18.1/nios2eds/bin/gnu/H-x86_64-pc-linux-gnu/bin/../lib/gcc/nios2-elf/5.3.0/../../../../../H-x86_64-pc-linux-gnu/nios2-elf/lib/mno-hw-mul/libsmallc.a(lib_a-tzcalc_limits.o)
 .debug_abbrev  0x000000000000102d       0x5a /home/oscarjosueulatealpizar/intelFPGA_lite/18.1/nios2eds/bin/gnu/H-x86_64-pc-linux-gnu/bin/../lib/gcc/nios2-elf/5.3.0/../../../../../H-x86_64-pc-linux-gnu/nios2-elf/lib/mno-hw-mul/libsmallc.a(lib_a-tzlock.o)
 .debug_abbrev  0x0000000000001087       0x52 /home/oscarjosueulatealpizar/intelFPGA_lite/18.1/nios2eds/bin/gnu/H-x86_64-pc-linux-gnu/bin/../lib/gcc/nios2-elf/5.3.0/../../../../../H-x86_64-pc-linux-gnu/nios2-elf/lib/mno-hw-mul/libsmallc.a(lib_a-tzvars.o)
 .debug_abbrev  0x00000000000010d9       0xa8 /home/oscarjosueulatealpizar/intelFPGA_lite/18.1/nios2eds/bin/gnu/H-x86_64-pc-linux-gnu/bin/../lib/gcc/nios2-elf/5.3.0/../../../../../H-x86_64-pc-linux-gnu/nios2-elf/lib/mno-hw-mul/libsmallc.a(lib_a-gettzinfo.o)
 .debug_abbrev  0x0000000000001181       0xf4 /home/oscarjosueulatealpizar/intelFPGA_lite/18.1/nios2eds/bin/gnu/H-x86_64-pc-linux-gnu/bin/../lib/gcc/nios2-elf/5.3.0/../../../../../H-x86_64-pc-linux-gnu/nios2-elf/lib/mno-hw-mul/libsmallc.a(lib_a-gmtime_r.o)
 .debug_abbrev  0x0000000000001275      0x14a /home/oscarjosueulatealpizar/intelFPGA_lite/18.1/nios2eds/bin/gnu/H-x86_64-pc-linux-gnu/bin/../lib/gcc/nios2-elf/5.3.0/../../../../../H-x86_64-pc-linux-gnu/nios2-elf/lib/mno-hw-mul/libsmallc.a(lib_a-impure.o)
 .debug_abbrev  0x00000000000013bf       0x37 /home/oscarjosueulatealpizar/intelFPGA_lite/18.1/nios2eds/bin/gnu/H-x86_64-pc-linux-gnu/bin/../lib/gcc/nios2-elf/5.3.0/../../../../../H-x86_64-pc-linux-gnu/nios2-elf/lib/mno-hw-mul/libsmallc.a(lib_a-int_errno.o)
 .debug_abbrev  0x00000000000013f6       0x6f /home/oscarjosueulatealpizar/intelFPGA_lite/18.1/nios2eds/bin/gnu/H-x86_64-pc-linux-gnu/bin/../lib/gcc/nios2-elf/5.3.0/mno-hw-mul/libgcc.a(lib2-mul.o)
 .debug_abbrev  0x0000000000001465      0x1a0 ../alarm_code_bsp//libhal_bsp.a(alt_iic.o)
 .debug_abbrev  0x0000000000001605      0x19c ../alarm_code_bsp//libhal_bsp.a(alt_iic_isr_register.o)
 .debug_abbrev  0x00000000000017a1       0x12 ../alarm_code_bsp//libhal_bsp.a(alt_irq_entry.o)
 .debug_abbrev  0x00000000000017b3      0x120 ../alarm_code_bsp//libhal_bsp.a(alt_irq_handler.o)
 .debug_abbrev  0x00000000000018d3       0x40 ../alarm_code_bsp//libhal_bsp.a(alt_irq_vars.o)
 .debug_abbrev  0x0000000000001913       0xd8 ../alarm_code_bsp//libhal_bsp.a(alt_load.o)
 .debug_abbrev  0x00000000000019eb       0xee ../alarm_code_bsp//libhal_bsp.a(alt_main.o)
 .debug_abbrev  0x0000000000001ad9      0x112 ../alarm_code_bsp//libhal_bsp.a(alt_sbrk.o)
 .debug_abbrev  0x0000000000001beb      0x10e ../alarm_code_bsp//libhal_bsp.a(alt_sys_init.o)
 .debug_abbrev  0x0000000000001cf9       0x42 ../alarm_code_bsp//libhal_bsp.a(alt_dcache_flush_all.o)
 .debug_abbrev  0x0000000000001d3b       0x12 ../alarm_code_bsp//libhal_bsp.a(alt_exception_entry.o)
 .debug_abbrev  0x0000000000001d4d       0x42 ../alarm_code_bsp//libhal_bsp.a(alt_icache_flush_all.o)
 .debug_abbrev  0x0000000000001d8f       0xe7 ../alarm_code_bsp//libhal_bsp.a(alt_instruction_exception_entry.o)
 .debug_abbrev  0x0000000000001e76       0x42 ../alarm_code_bsp//libhal_bsp.a(altera_nios2_gen2_irq.o)

.debug_line     0x0000000000000000     0x2233
 *(.debug_line)
 .debug_line    0x0000000000000000       0x66 ../alarm_code_bsp//obj/HAL/src/crt0.o
 .debug_line    0x0000000000000066      0x271 obj/default/hello_world_small.o
 .debug_line    0x00000000000002d7      0x105 /home/oscarjosueulatealpizar/intelFPGA_lite/18.1/nios2eds/bin/gnu/H-x86_64-pc-linux-gnu/bin/../lib/gcc/nios2-elf/5.3.0/mno-hw-mul/libgcc.a(lib2-divmod.o)
 .debug_line    0x00000000000003dc      0x1ed /home/oscarjosueulatealpizar/intelFPGA_lite/18.1/nios2eds/bin/gnu/H-x86_64-pc-linux-gnu/bin/../lib/gcc/nios2-elf/5.3.0/../../../../../H-x86_64-pc-linux-gnu/nios2-elf/lib/mno-hw-mul/libsmallc.a(lib_a-lcltime.o)
 .debug_line    0x00000000000005c9      0x1f7 /home/oscarjosueulatealpizar/intelFPGA_lite/18.1/nios2eds/bin/gnu/H-x86_64-pc-linux-gnu/bin/../lib/gcc/nios2-elf/5.3.0/../../../../../H-x86_64-pc-linux-gnu/nios2-elf/lib/mno-hw-mul/libsmallc.a(lib_a-lcltime_r.o)
 .debug_line    0x00000000000007c0      0x1e9 /home/oscarjosueulatealpizar/intelFPGA_lite/18.1/nios2eds/bin/gnu/H-x86_64-pc-linux-gnu/bin/../lib/gcc/nios2-elf/5.3.0/../../../../../H-x86_64-pc-linux-gnu/nios2-elf/lib/mno-hw-mul/libsmallc.a(lib_a-malloc.o)
 .debug_line    0x00000000000009a9      0x15e /home/oscarjosueulatealpizar/intelFPGA_lite/18.1/nios2eds/bin/gnu/H-x86_64-pc-linux-gnu/bin/../lib/gcc/nios2-elf/5.3.0/../../../../../H-x86_64-pc-linux-gnu/nios2-elf/lib/mno-hw-mul/libsmallc.a(lib_a-memcpy.o)
 .debug_line    0x0000000000000b07       0x62 /home/oscarjosueulatealpizar/intelFPGA_lite/18.1/nios2eds/bin/gnu/H-x86_64-pc-linux-gnu/bin/../lib/gcc/nios2-elf/5.3.0/../../../../../H-x86_64-pc-linux-gnu/nios2-elf/lib/mno-hw-mul/libsmallc.a(lib_a-month_lengths.o)
 .debug_line    0x0000000000000b69      0x1a2 /home/oscarjosueulatealpizar/intelFPGA_lite/18.1/nios2eds/bin/gnu/H-x86_64-pc-linux-gnu/bin/../lib/gcc/nios2-elf/5.3.0/../../../../../H-x86_64-pc-linux-gnu/nios2-elf/lib/mno-hw-mul/libsmallc.a(lib_a-nano-freer.o)
 .debug_line    0x0000000000000d0b      0x225 /home/oscarjosueulatealpizar/intelFPGA_lite/18.1/nios2eds/bin/gnu/H-x86_64-pc-linux-gnu/bin/../lib/gcc/nios2-elf/5.3.0/../../../../../H-x86_64-pc-linux-gnu/nios2-elf/lib/mno-hw-mul/libsmallc.a(lib_a-nano-mallocr.o)
 .debug_line    0x0000000000000f30      0x1e0 /home/oscarjosueulatealpizar/intelFPGA_lite/18.1/nios2eds/bin/gnu/H-x86_64-pc-linux-gnu/bin/../lib/gcc/nios2-elf/5.3.0/../../../../../H-x86_64-pc-linux-gnu/nios2-elf/lib/mno-hw-mul/libsmallc.a(lib_a-sbrkr.o)
 .debug_line    0x0000000000001110      0x1ee /home/oscarjosueulatealpizar/intelFPGA_lite/18.1/nios2eds/bin/gnu/H-x86_64-pc-linux-gnu/bin/../lib/gcc/nios2-elf/5.3.0/../../../../../H-x86_64-pc-linux-gnu/nios2-elf/lib/mno-hw-mul/libsmallc.a(lib_a-tzcalc_limits.o)
 .debug_line    0x00000000000012fe       0x6a /home/oscarjosueulatealpizar/intelFPGA_lite/18.1/nios2eds/bin/gnu/H-x86_64-pc-linux-gnu/bin/../lib/gcc/nios2-elf/5.3.0/../../../../../H-x86_64-pc-linux-gnu/nios2-elf/lib/mno-hw-mul/libsmallc.a(lib_a-tzlock.o)
 .debug_line    0x0000000000001368       0x87 /home/oscarjosueulatealpizar/intelFPGA_lite/18.1/nios2eds/bin/gnu/H-x86_64-pc-linux-gnu/bin/../lib/gcc/nios2-elf/5.3.0/../../../../../H-x86_64-pc-linux-gnu/nios2-elf/lib/mno-hw-mul/libsmallc.a(lib_a-tzvars.o)
 .debug_line    0x00000000000013ef      0x147 /home/oscarjosueulatealpizar/intelFPGA_lite/18.1/nios2eds/bin/gnu/H-x86_64-pc-linux-gnu/bin/../lib/gcc/nios2-elf/5.3.0/../../../../../H-x86_64-pc-linux-gnu/nios2-elf/lib/mno-hw-mul/libsmallc.a(lib_a-gettzinfo.o)
 .debug_line    0x0000000000001536      0x1b7 /home/oscarjosueulatealpizar/intelFPGA_lite/18.1/nios2eds/bin/gnu/H-x86_64-pc-linux-gnu/bin/../lib/gcc/nios2-elf/5.3.0/../../../../../H-x86_64-pc-linux-gnu/nios2-elf/lib/mno-hw-mul/libsmallc.a(lib_a-gmtime_r.o)
 .debug_line    0x00000000000016ed      0x156 /home/oscarjosueulatealpizar/intelFPGA_lite/18.1/nios2eds/bin/gnu/H-x86_64-pc-linux-gnu/bin/../lib/gcc/nios2-elf/5.3.0/../../../../../H-x86_64-pc-linux-gnu/nios2-elf/lib/mno-hw-mul/libsmallc.a(lib_a-impure.o)
 .debug_line    0x0000000000001843       0x5f /home/oscarjosueulatealpizar/intelFPGA_lite/18.1/nios2eds/bin/gnu/H-x86_64-pc-linux-gnu/bin/../lib/gcc/nios2-elf/5.3.0/../../../../../H-x86_64-pc-linux-gnu/nios2-elf/lib/mno-hw-mul/libsmallc.a(lib_a-int_errno.o)
 .debug_line    0x00000000000018a2       0x80 /home/oscarjosueulatealpizar/intelFPGA_lite/18.1/nios2eds/bin/gnu/H-x86_64-pc-linux-gnu/bin/../lib/gcc/nios2-elf/5.3.0/mno-hw-mul/libgcc.a(lib2-mul.o)
 .debug_line    0x0000000000001922       0xf1 ../alarm_code_bsp//libhal_bsp.a(alt_iic.o)
 .debug_line    0x0000000000001a13       0xd6 ../alarm_code_bsp//libhal_bsp.a(alt_iic_isr_register.o)
 .debug_line    0x0000000000001ae9       0x6b ../alarm_code_bsp//libhal_bsp.a(alt_irq_entry.o)
 .debug_line    0x0000000000001b54       0xa5 ../alarm_code_bsp//libhal_bsp.a(alt_irq_handler.o)
 .debug_line    0x0000000000001bf9       0x50 ../alarm_code_bsp//libhal_bsp.a(alt_irq_vars.o)
 .debug_line    0x0000000000001c49       0xa4 ../alarm_code_bsp//libhal_bsp.a(alt_load.o)
 .debug_line    0x0000000000001ced       0xbd ../alarm_code_bsp//libhal_bsp.a(alt_main.o)
 .debug_line    0x0000000000001daa      0x111 ../alarm_code_bsp//libhal_bsp.a(alt_sbrk.o)
 .debug_line    0x0000000000001ebb      0x11a ../alarm_code_bsp//libhal_bsp.a(alt_sys_init.o)
 .debug_line    0x0000000000001fd5       0x4e ../alarm_code_bsp//libhal_bsp.a(alt_dcache_flush_all.o)
 .debug_line    0x0000000000002023       0xb3 ../alarm_code_bsp//libhal_bsp.a(alt_exception_entry.o)
 .debug_line    0x00000000000020d6       0x4e ../alarm_code_bsp//libhal_bsp.a(alt_icache_flush_all.o)
 .debug_line    0x0000000000002124       0xbf ../alarm_code_bsp//libhal_bsp.a(alt_instruction_exception_entry.o)
 .debug_line    0x00000000000021e3       0x50 ../alarm_code_bsp//libhal_bsp.a(altera_nios2_gen2_irq.o)

.debug_frame    0x0000000000000000      0x57c
 *(.debug_frame)
 .debug_frame   0x0000000000000000       0xc4 obj/default/hello_world_small.o
 .debug_frame   0x00000000000000c4       0x50 /home/oscarjosueulatealpizar/intelFPGA_lite/18.1/nios2eds/bin/gnu/H-x86_64-pc-linux-gnu/bin/../lib/gcc/nios2-elf/5.3.0/mno-hw-mul/libgcc.a(lib2-divmod.o)
 .debug_frame   0x0000000000000114       0x34 /home/oscarjosueulatealpizar/intelFPGA_lite/18.1/nios2eds/bin/gnu/H-x86_64-pc-linux-gnu/bin/../lib/gcc/nios2-elf/5.3.0/../../../../../H-x86_64-pc-linux-gnu/nios2-elf/lib/mno-hw-mul/libsmallc.a(lib_a-lcltime.o)
 .debug_frame   0x0000000000000148       0x44 /home/oscarjosueulatealpizar/intelFPGA_lite/18.1/nios2eds/bin/gnu/H-x86_64-pc-linux-gnu/bin/../lib/gcc/nios2-elf/5.3.0/../../../../../H-x86_64-pc-linux-gnu/nios2-elf/lib/mno-hw-mul/libsmallc.a(lib_a-lcltime_r.o)
 .debug_frame   0x000000000000018c       0x30 /home/oscarjosueulatealpizar/intelFPGA_lite/18.1/nios2eds/bin/gnu/H-x86_64-pc-linux-gnu/bin/../lib/gcc/nios2-elf/5.3.0/../../../../../H-x86_64-pc-linux-gnu/nios2-elf/lib/mno-hw-mul/libsmallc.a(lib_a-malloc.o)
 .debug_frame   0x00000000000001bc       0x20 /home/oscarjosueulatealpizar/intelFPGA_lite/18.1/nios2eds/bin/gnu/H-x86_64-pc-linux-gnu/bin/../lib/gcc/nios2-elf/5.3.0/../../../../../H-x86_64-pc-linux-gnu/nios2-elf/lib/mno-hw-mul/libsmallc.a(lib_a-memcpy.o)
 .debug_frame   0x00000000000001dc       0x20 /home/oscarjosueulatealpizar/intelFPGA_lite/18.1/nios2eds/bin/gnu/H-x86_64-pc-linux-gnu/bin/../lib/gcc/nios2-elf/5.3.0/../../../../../H-x86_64-pc-linux-gnu/nios2-elf/lib/mno-hw-mul/libsmallc.a(lib_a-nano-freer.o)
 .debug_frame   0x00000000000001fc       0x40 /home/oscarjosueulatealpizar/intelFPGA_lite/18.1/nios2eds/bin/gnu/H-x86_64-pc-linux-gnu/bin/../lib/gcc/nios2-elf/5.3.0/../../../../../H-x86_64-pc-linux-gnu/nios2-elf/lib/mno-hw-mul/libsmallc.a(lib_a-nano-mallocr.o)
 .debug_frame   0x000000000000023c       0x38 /home/oscarjosueulatealpizar/intelFPGA_lite/18.1/nios2eds/bin/gnu/H-x86_64-pc-linux-gnu/bin/../lib/gcc/nios2-elf/5.3.0/../../../../../H-x86_64-pc-linux-gnu/nios2-elf/lib/mno-hw-mul/libsmallc.a(lib_a-sbrkr.o)
 .debug_frame   0x0000000000000274       0x54 /home/oscarjosueulatealpizar/intelFPGA_lite/18.1/nios2eds/bin/gnu/H-x86_64-pc-linux-gnu/bin/../lib/gcc/nios2-elf/5.3.0/../../../../../H-x86_64-pc-linux-gnu/nios2-elf/lib/mno-hw-mul/libsmallc.a(lib_a-tzcalc_limits.o)
 .debug_frame   0x00000000000002c8       0x30 /home/oscarjosueulatealpizar/intelFPGA_lite/18.1/nios2eds/bin/gnu/H-x86_64-pc-linux-gnu/bin/../lib/gcc/nios2-elf/5.3.0/../../../../../H-x86_64-pc-linux-gnu/nios2-elf/lib/mno-hw-mul/libsmallc.a(lib_a-tzlock.o)
 .debug_frame   0x00000000000002f8       0x20 /home/oscarjosueulatealpizar/intelFPGA_lite/18.1/nios2eds/bin/gnu/H-x86_64-pc-linux-gnu/bin/../lib/gcc/nios2-elf/5.3.0/../../../../../H-x86_64-pc-linux-gnu/nios2-elf/lib/mno-hw-mul/libsmallc.a(lib_a-gettzinfo.o)
 .debug_frame   0x0000000000000318       0x48 /home/oscarjosueulatealpizar/intelFPGA_lite/18.1/nios2eds/bin/gnu/H-x86_64-pc-linux-gnu/bin/../lib/gcc/nios2-elf/5.3.0/../../../../../H-x86_64-pc-linux-gnu/nios2-elf/lib/mno-hw-mul/libsmallc.a(lib_a-gmtime_r.o)
 .debug_frame   0x0000000000000360       0x20 /home/oscarjosueulatealpizar/intelFPGA_lite/18.1/nios2eds/bin/gnu/H-x86_64-pc-linux-gnu/bin/../lib/gcc/nios2-elf/5.3.0/mno-hw-mul/libgcc.a(lib2-mul.o)
 .debug_frame   0x0000000000000380       0x50 ../alarm_code_bsp//libhal_bsp.a(alt_iic.o)
 .debug_frame   0x00000000000003d0       0x30 ../alarm_code_bsp//libhal_bsp.a(alt_iic_isr_register.o)
 .debug_frame   0x0000000000000400       0x34 ../alarm_code_bsp//libhal_bsp.a(alt_irq_handler.o)
 .debug_frame   0x0000000000000434       0x30 ../alarm_code_bsp//libhal_bsp.a(alt_load.o)
 .debug_frame   0x0000000000000464       0x2c ../alarm_code_bsp//libhal_bsp.a(alt_main.o)
 .debug_frame   0x0000000000000490       0x20 ../alarm_code_bsp//libhal_bsp.a(alt_sbrk.o)
 .debug_frame   0x00000000000004b0       0x3c ../alarm_code_bsp//libhal_bsp.a(alt_sys_init.o)
 .debug_frame   0x00000000000004ec       0x20 ../alarm_code_bsp//libhal_bsp.a(alt_dcache_flush_all.o)
 .debug_frame   0x000000000000050c       0x20 ../alarm_code_bsp//libhal_bsp.a(alt_icache_flush_all.o)
 .debug_frame   0x000000000000052c       0x30 ../alarm_code_bsp//libhal_bsp.a(alt_instruction_exception_entry.o)
 .debug_frame   0x000000000000055c       0x20 ../alarm_code_bsp//libhal_bsp.a(altera_nios2_gen2_irq.o)

.debug_str      0x0000000000000000     0x191a
 *(.debug_str)
 .debug_str     0x0000000000000000      0x27d obj/default/hello_world_small.o
                                        0x31b (size before relaxing)
 .debug_str     0x000000000000027d      0x188 /home/oscarjosueulatealpizar/intelFPGA_lite/18.1/nios2eds/bin/gnu/H-x86_64-pc-linux-gnu/bin/../lib/gcc/nios2-elf/5.3.0/mno-hw-mul/libgcc.a(lib2-divmod.o)
                                        0x1d3 (size before relaxing)
 .debug_str     0x0000000000000405      0x3f3 /home/oscarjosueulatealpizar/intelFPGA_lite/18.1/nios2eds/bin/gnu/H-x86_64-pc-linux-gnu/bin/../lib/gcc/nios2-elf/5.3.0/../../../../../H-x86_64-pc-linux-gnu/nios2-elf/lib/mno-hw-mul/libsmallc.a(lib_a-lcltime.o)
                                        0x529 (size before relaxing)
 .debug_str     0x00000000000007f8      0x109 /home/oscarjosueulatealpizar/intelFPGA_lite/18.1/nios2eds/bin/gnu/H-x86_64-pc-linux-gnu/bin/../lib/gcc/nios2-elf/5.3.0/../../../../../H-x86_64-pc-linux-gnu/nios2-elf/lib/mno-hw-mul/libsmallc.a(lib_a-lcltime_r.o)
                                        0x314 (size before relaxing)
 .debug_str     0x0000000000000901       0xf1 /home/oscarjosueulatealpizar/intelFPGA_lite/18.1/nios2eds/bin/gnu/H-x86_64-pc-linux-gnu/bin/../lib/gcc/nios2-elf/5.3.0/../../../../../H-x86_64-pc-linux-gnu/nios2-elf/lib/mno-hw-mul/libsmallc.a(lib_a-malloc.o)
                                        0x4d3 (size before relaxing)
 .debug_str     0x00000000000009f2       0xe7 /home/oscarjosueulatealpizar/intelFPGA_lite/18.1/nios2eds/bin/gnu/H-x86_64-pc-linux-gnu/bin/../lib/gcc/nios2-elf/5.3.0/../../../../../H-x86_64-pc-linux-gnu/nios2-elf/lib/mno-hw-mul/libsmallc.a(lib_a-memcpy.o)
                                        0x1f4 (size before relaxing)
 .debug_str     0x0000000000000ad9       0x42 /home/oscarjosueulatealpizar/intelFPGA_lite/18.1/nios2eds/bin/gnu/H-x86_64-pc-linux-gnu/bin/../lib/gcc/nios2-elf/5.3.0/../../../../../H-x86_64-pc-linux-gnu/nios2-elf/lib/mno-hw-mul/libsmallc.a(lib_a-month_lengths.o)
                                        0x1e5 (size before relaxing)
 .debug_str     0x0000000000000b1b       0x9f /home/oscarjosueulatealpizar/intelFPGA_lite/18.1/nios2eds/bin/gnu/H-x86_64-pc-linux-gnu/bin/../lib/gcc/nios2-elf/5.3.0/../../../../../H-x86_64-pc-linux-gnu/nios2-elf/lib/mno-hw-mul/libsmallc.a(lib_a-nano-freer.o)
                                        0x517 (size before relaxing)
 .debug_str     0x0000000000000bba       0x46 /home/oscarjosueulatealpizar/intelFPGA_lite/18.1/nios2eds/bin/gnu/H-x86_64-pc-linux-gnu/bin/../lib/gcc/nios2-elf/5.3.0/../../../../../H-x86_64-pc-linux-gnu/nios2-elf/lib/mno-hw-mul/libsmallc.a(lib_a-nano-mallocr.o)
                                        0x542 (size before relaxing)
 .debug_str     0x0000000000000c00       0xe4 /home/oscarjosueulatealpizar/intelFPGA_lite/18.1/nios2eds/bin/gnu/H-x86_64-pc-linux-gnu/bin/../lib/gcc/nios2-elf/5.3.0/../../../../../H-x86_64-pc-linux-gnu/nios2-elf/lib/mno-hw-mul/libsmallc.a(lib_a-sbrkr.o)
                                        0x4b5 (size before relaxing)
 .debug_str     0x0000000000000ce4       0x62 /home/oscarjosueulatealpizar/intelFPGA_lite/18.1/nios2eds/bin/gnu/H-x86_64-pc-linux-gnu/bin/../lib/gcc/nios2-elf/5.3.0/../../../../../H-x86_64-pc-linux-gnu/nios2-elf/lib/mno-hw-mul/libsmallc.a(lib_a-tzcalc_limits.o)
                                        0x2a5 (size before relaxing)
 .debug_str     0x0000000000000d46       0x4c /home/oscarjosueulatealpizar/intelFPGA_lite/18.1/nios2eds/bin/gnu/H-x86_64-pc-linux-gnu/bin/../lib/gcc/nios2-elf/5.3.0/../../../../../H-x86_64-pc-linux-gnu/nios2-elf/lib/mno-hw-mul/libsmallc.a(lib_a-tzlock.o)
                                        0x1eb (size before relaxing)
 .debug_str     0x0000000000000d92       0x4d /home/oscarjosueulatealpizar/intelFPGA_lite/18.1/nios2eds/bin/gnu/H-x86_64-pc-linux-gnu/bin/../lib/gcc/nios2-elf/5.3.0/../../../../../H-x86_64-pc-linux-gnu/nios2-elf/lib/mno-hw-mul/libsmallc.a(lib_a-tzvars.o)
                                        0x1ea (size before relaxing)
 .debug_str     0x0000000000000ddf       0x3e /home/oscarjosueulatealpizar/intelFPGA_lite/18.1/nios2eds/bin/gnu/H-x86_64-pc-linux-gnu/bin/../lib/gcc/nios2-elf/5.3.0/../../../../../H-x86_64-pc-linux-gnu/nios2-elf/lib/mno-hw-mul/libsmallc.a(lib_a-gettzinfo.o)
                                        0x251 (size before relaxing)
 .debug_str     0x0000000000000e1d       0x8c /home/oscarjosueulatealpizar/intelFPGA_lite/18.1/nios2eds/bin/gnu/H-x86_64-pc-linux-gnu/bin/../lib/gcc/nios2-elf/5.3.0/../../../../../H-x86_64-pc-linux-gnu/nios2-elf/lib/mno-hw-mul/libsmallc.a(lib_a-gmtime_r.o)
                                        0x2a9 (size before relaxing)
 .debug_str     0x0000000000000ea9       0x5b /home/oscarjosueulatealpizar/intelFPGA_lite/18.1/nios2eds/bin/gnu/H-x86_64-pc-linux-gnu/bin/../lib/gcc/nios2-elf/5.3.0/../../../../../H-x86_64-pc-linux-gnu/nios2-elf/lib/mno-hw-mul/libsmallc.a(lib_a-impure.o)
                                        0x4bf (size before relaxing)
 .debug_str     0x0000000000000f04       0x3f /home/oscarjosueulatealpizar/intelFPGA_lite/18.1/nios2eds/bin/gnu/H-x86_64-pc-linux-gnu/bin/../lib/gcc/nios2-elf/5.3.0/../../../../../H-x86_64-pc-linux-gnu/nios2-elf/lib/mno-hw-mul/libsmallc.a(lib_a-int_errno.o)
                                        0x1d9 (size before relaxing)
 .debug_str     0x0000000000000f43       0x40 /home/oscarjosueulatealpizar/intelFPGA_lite/18.1/nios2eds/bin/gnu/H-x86_64-pc-linux-gnu/bin/../lib/gcc/nios2-elf/5.3.0/mno-hw-mul/libgcc.a(lib2-mul.o)
                                        0x194 (size before relaxing)
 .debug_str     0x0000000000000f83      0x143 ../alarm_code_bsp//libhal_bsp.a(alt_iic.o)
                                        0x258 (size before relaxing)
 .debug_str     0x00000000000010c6       0x37 ../alarm_code_bsp//libhal_bsp.a(alt_iic_isr_register.o)
                                        0x212 (size before relaxing)
 .debug_str     0x00000000000010fd       0x3a ../alarm_code_bsp//libhal_bsp.a(alt_irq_handler.o)
                                        0x19c (size before relaxing)
 .debug_str     0x0000000000001137       0x17 ../alarm_code_bsp//libhal_bsp.a(alt_irq_vars.o)
                                        0x13f (size before relaxing)
 .debug_str     0x000000000000114e      0x113 ../alarm_code_bsp//libhal_bsp.a(alt_load.o)
                                        0x241 (size before relaxing)
 .debug_str     0x0000000000001261       0x8a ../alarm_code_bsp//libhal_bsp.a(alt_main.o)
                                        0x1ba (size before relaxing)
 .debug_str     0x00000000000012eb       0x61 ../alarm_code_bsp//libhal_bsp.a(alt_sbrk.o)
                                        0x1d9 (size before relaxing)
 .debug_str     0x000000000000134c       0xe5 ../alarm_code_bsp//libhal_bsp.a(alt_sys_init.o)
                                        0x263 (size before relaxing)
 .debug_str     0x0000000000001431       0x1f ../alarm_code_bsp//libhal_bsp.a(alt_dcache_flush_all.o)
                                        0x15a (size before relaxing)
 .debug_str     0x0000000000001450       0x1f ../alarm_code_bsp//libhal_bsp.a(alt_icache_flush_all.o)
                                        0x15a (size before relaxing)
 .debug_str     0x000000000000146f      0x48b ../alarm_code_bsp//libhal_bsp.a(alt_instruction_exception_entry.o)
                                        0x5a5 (size before relaxing)
 .debug_str     0x00000000000018fa       0x20 ../alarm_code_bsp//libhal_bsp.a(altera_nios2_gen2_irq.o)
                                        0x161 (size before relaxing)

.debug_loc      0x0000000000000000     0x16e6
 *(.debug_loc)
 .debug_loc     0x0000000000000000      0x20e obj/default/hello_world_small.o
 .debug_loc     0x000000000000020e      0x4ce /home/oscarjosueulatealpizar/intelFPGA_lite/18.1/nios2eds/bin/gnu/H-x86_64-pc-linux-gnu/bin/../lib/gcc/nios2-elf/5.3.0/mno-hw-mul/libgcc.a(lib2-divmod.o)
 .debug_loc     0x00000000000006dc       0x4a /home/oscarjosueulatealpizar/intelFPGA_lite/18.1/nios2eds/bin/gnu/H-x86_64-pc-linux-gnu/bin/../lib/gcc/nios2-elf/5.3.0/../../../../../H-x86_64-pc-linux-gnu/nios2-elf/lib/mno-hw-mul/libsmallc.a(lib_a-lcltime.o)
 .debug_loc     0x0000000000000726      0x165 /home/oscarjosueulatealpizar/intelFPGA_lite/18.1/nios2eds/bin/gnu/H-x86_64-pc-linux-gnu/bin/../lib/gcc/nios2-elf/5.3.0/../../../../../H-x86_64-pc-linux-gnu/nios2-elf/lib/mno-hw-mul/libsmallc.a(lib_a-lcltime_r.o)
 .debug_loc     0x000000000000088b       0x58 /home/oscarjosueulatealpizar/intelFPGA_lite/18.1/nios2eds/bin/gnu/H-x86_64-pc-linux-gnu/bin/../lib/gcc/nios2-elf/5.3.0/../../../../../H-x86_64-pc-linux-gnu/nios2-elf/lib/mno-hw-mul/libsmallc.a(lib_a-malloc.o)
 .debug_loc     0x00000000000008e3      0x135 /home/oscarjosueulatealpizar/intelFPGA_lite/18.1/nios2eds/bin/gnu/H-x86_64-pc-linux-gnu/bin/../lib/gcc/nios2-elf/5.3.0/../../../../../H-x86_64-pc-linux-gnu/nios2-elf/lib/mno-hw-mul/libsmallc.a(lib_a-memcpy.o)
 .debug_loc     0x0000000000000a18       0xd6 /home/oscarjosueulatealpizar/intelFPGA_lite/18.1/nios2eds/bin/gnu/H-x86_64-pc-linux-gnu/bin/../lib/gcc/nios2-elf/5.3.0/../../../../../H-x86_64-pc-linux-gnu/nios2-elf/lib/mno-hw-mul/libsmallc.a(lib_a-nano-freer.o)
 .debug_loc     0x0000000000000aee      0x214 /home/oscarjosueulatealpizar/intelFPGA_lite/18.1/nios2eds/bin/gnu/H-x86_64-pc-linux-gnu/bin/../lib/gcc/nios2-elf/5.3.0/../../../../../H-x86_64-pc-linux-gnu/nios2-elf/lib/mno-hw-mul/libsmallc.a(lib_a-nano-mallocr.o)
 .debug_loc     0x0000000000000d02       0x4d /home/oscarjosueulatealpizar/intelFPGA_lite/18.1/nios2eds/bin/gnu/H-x86_64-pc-linux-gnu/bin/../lib/gcc/nios2-elf/5.3.0/../../../../../H-x86_64-pc-linux-gnu/nios2-elf/lib/mno-hw-mul/libsmallc.a(lib_a-sbrkr.o)
 .debug_loc     0x0000000000000d4f      0x1ed /home/oscarjosueulatealpizar/intelFPGA_lite/18.1/nios2eds/bin/gnu/H-x86_64-pc-linux-gnu/bin/../lib/gcc/nios2-elf/5.3.0/../../../../../H-x86_64-pc-linux-gnu/nios2-elf/lib/mno-hw-mul/libsmallc.a(lib_a-tzcalc_limits.o)
 .debug_loc     0x0000000000000f3c      0x2c2 /home/oscarjosueulatealpizar/intelFPGA_lite/18.1/nios2eds/bin/gnu/H-x86_64-pc-linux-gnu/bin/../lib/gcc/nios2-elf/5.3.0/../../../../../H-x86_64-pc-linux-gnu/nios2-elf/lib/mno-hw-mul/libsmallc.a(lib_a-gmtime_r.o)
 .debug_loc     0x00000000000011fe       0x93 /home/oscarjosueulatealpizar/intelFPGA_lite/18.1/nios2eds/bin/gnu/H-x86_64-pc-linux-gnu/bin/../lib/gcc/nios2-elf/5.3.0/mno-hw-mul/libgcc.a(lib2-mul.o)
 .debug_loc     0x0000000000001291      0x170 ../alarm_code_bsp//libhal_bsp.a(alt_iic.o)
 .debug_loc     0x0000000000001401      0x193 ../alarm_code_bsp//libhal_bsp.a(alt_iic_isr_register.o)
 .debug_loc     0x0000000000001594       0x72 ../alarm_code_bsp//libhal_bsp.a(alt_irq_handler.o)
 .debug_loc     0x0000000000001606       0x5a ../alarm_code_bsp//libhal_bsp.a(alt_sbrk.o)
 .debug_loc     0x0000000000001660       0x21 ../alarm_code_bsp//libhal_bsp.a(alt_sys_init.o)
 .debug_loc     0x0000000000001681       0x65 ../alarm_code_bsp//libhal_bsp.a(alt_instruction_exception_entry.o)

.debug_macinfo
 *(.debug_macinfo)

.debug_weaknames
 *(.debug_weaknames)

.debug_funcnames
 *(.debug_funcnames)

.debug_typenames
 *(.debug_typenames)

.debug_varnames
 *(.debug_varnames)

.debug_alt_sim_info
                0x0000000000000000       0x10
 *(.debug_alt_sim_info)
 .debug_alt_sim_info
                0x0000000000000000       0x10 ../alarm_code_bsp//obj/HAL/src/crt0.o
                0x0000000000006000                __alt_data_end = 0x6000
                0x0000000000006000                PROVIDE (__alt_stack_pointer, __alt_data_end)
                [!provide]                        PROVIDE (__alt_stack_limit, __alt_stack_base)
                0x0000000000005c90                PROVIDE (__alt_heap_start, end)
                0x0000000000006000                PROVIDE (__alt_heap_limit, 0x6000)
OUTPUT(alarm_code.elf elf32-littlenios2)

.debug_ranges   0x0000000000000000      0x2d0
 .debug_ranges  0x0000000000000000       0x20 ../alarm_code_bsp//obj/HAL/src/crt0.o
 .debug_ranges  0x0000000000000020       0x60 obj/default/hello_world_small.o
 .debug_ranges  0x0000000000000080       0x60 /home/oscarjosueulatealpizar/intelFPGA_lite/18.1/nios2eds/bin/gnu/H-x86_64-pc-linux-gnu/bin/../lib/gcc/nios2-elf/5.3.0/mno-hw-mul/libgcc.a(lib2-divmod.o)
 .debug_ranges  0x00000000000000e0       0x28 /home/oscarjosueulatealpizar/intelFPGA_lite/18.1/nios2eds/bin/gnu/H-x86_64-pc-linux-gnu/bin/../lib/gcc/nios2-elf/5.3.0/../../../../../H-x86_64-pc-linux-gnu/nios2-elf/lib/mno-hw-mul/libsmallc.a(lib_a-lcltime.o)
 .debug_ranges  0x0000000000000108       0x10 /home/oscarjosueulatealpizar/intelFPGA_lite/18.1/nios2eds/bin/gnu/H-x86_64-pc-linux-gnu/bin/../lib/gcc/nios2-elf/5.3.0/../../../../../H-x86_64-pc-linux-gnu/nios2-elf/lib/mno-hw-mul/libsmallc.a(lib_a-lcltime_r.o)
 .debug_ranges  0x0000000000000118       0x18 /home/oscarjosueulatealpizar/intelFPGA_lite/18.1/nios2eds/bin/gnu/H-x86_64-pc-linux-gnu/bin/../lib/gcc/nios2-elf/5.3.0/../../../../../H-x86_64-pc-linux-gnu/nios2-elf/lib/mno-hw-mul/libsmallc.a(lib_a-malloc.o)
 .debug_ranges  0x0000000000000130       0x10 /home/oscarjosueulatealpizar/intelFPGA_lite/18.1/nios2eds/bin/gnu/H-x86_64-pc-linux-gnu/bin/../lib/gcc/nios2-elf/5.3.0/../../../../../H-x86_64-pc-linux-gnu/nios2-elf/lib/mno-hw-mul/libsmallc.a(lib_a-memcpy.o)
 .debug_ranges  0x0000000000000140       0x10 /home/oscarjosueulatealpizar/intelFPGA_lite/18.1/nios2eds/bin/gnu/H-x86_64-pc-linux-gnu/bin/../lib/gcc/nios2-elf/5.3.0/../../../../../H-x86_64-pc-linux-gnu/nios2-elf/lib/mno-hw-mul/libsmallc.a(lib_a-nano-freer.o)
 .debug_ranges  0x0000000000000150       0x48 /home/oscarjosueulatealpizar/intelFPGA_lite/18.1/nios2eds/bin/gnu/H-x86_64-pc-linux-gnu/bin/../lib/gcc/nios2-elf/5.3.0/../../../../../H-x86_64-pc-linux-gnu/nios2-elf/lib/mno-hw-mul/libsmallc.a(lib_a-nano-mallocr.o)
 .debug_ranges  0x0000000000000198       0x10 /home/oscarjosueulatealpizar/intelFPGA_lite/18.1/nios2eds/bin/gnu/H-x86_64-pc-linux-gnu/bin/../lib/gcc/nios2-elf/5.3.0/../../../../../H-x86_64-pc-linux-gnu/nios2-elf/lib/mno-hw-mul/libsmallc.a(lib_a-sbrkr.o)
 .debug_ranges  0x00000000000001a8       0x30 /home/oscarjosueulatealpizar/intelFPGA_lite/18.1/nios2eds/bin/gnu/H-x86_64-pc-linux-gnu/bin/../lib/gcc/nios2-elf/5.3.0/../../../../../H-x86_64-pc-linux-gnu/nios2-elf/lib/mno-hw-mul/libsmallc.a(lib_a-tzcalc_limits.o)
 .debug_ranges  0x00000000000001d8       0x10 /home/oscarjosueulatealpizar/intelFPGA_lite/18.1/nios2eds/bin/gnu/H-x86_64-pc-linux-gnu/bin/../lib/gcc/nios2-elf/5.3.0/../../../../../H-x86_64-pc-linux-gnu/nios2-elf/lib/mno-hw-mul/libsmallc.a(lib_a-tzlock.o)
 .debug_ranges  0x00000000000001e8       0x10 /home/oscarjosueulatealpizar/intelFPGA_lite/18.1/nios2eds/bin/gnu/H-x86_64-pc-linux-gnu/bin/../lib/gcc/nios2-elf/5.3.0/../../../../../H-x86_64-pc-linux-gnu/nios2-elf/lib/mno-hw-mul/libsmallc.a(lib_a-gettzinfo.o)
 .debug_ranges  0x00000000000001f8       0x10 /home/oscarjosueulatealpizar/intelFPGA_lite/18.1/nios2eds/bin/gnu/H-x86_64-pc-linux-gnu/bin/../lib/gcc/nios2-elf/5.3.0/../../../../../H-x86_64-pc-linux-gnu/nios2-elf/lib/mno-hw-mul/libsmallc.a(lib_a-gmtime_r.o)
 .debug_ranges  0x0000000000000208       0x28 ../alarm_code_bsp//libhal_bsp.a(alt_irq_entry.o)
 .debug_ranges  0x0000000000000230       0x10 ../alarm_code_bsp//libhal_bsp.a(alt_irq_handler.o)
 .debug_ranges  0x0000000000000240       0x48 ../alarm_code_bsp//libhal_bsp.a(alt_load.o)
 .debug_ranges  0x0000000000000288       0x30 ../alarm_code_bsp//libhal_bsp.a(alt_exception_entry.o)
 .debug_ranges  0x00000000000002b8       0x18 ../alarm_code_bsp//libhal_bsp.a(alt_instruction_exception_entry.o)
